Archive member included to satisfy reference by file (symbol)

C:/ST/STM32CubeIDE_1.17.0/STM32CubeIDE/plugins/com.st.stm32cube.ide.mcu.externaltools.gnu-tools-for-stm32.12.3.rel1.win32_1.1.0.202410251130/tools/bin/../lib/gcc/arm-none-eabi/12.3.1/../../../../arm-none-eabi/lib/thumb/v6-m/nofp\libc.a(libc_a-atof.o)
                              BOS\BOS_CLI.o (atof)
C:/ST/STM32CubeIDE_1.17.0/STM32CubeIDE/plugins/com.st.stm32cube.ide.mcu.externaltools.gnu-tools-for-stm32.12.3.rel1.win32_1.1.0.202410251130/tools/bin/../lib/gcc/arm-none-eabi/12.3.1/../../../../arm-none-eabi/lib/thumb/v6-m/nofp\libc.a(libc_a-atoi.o)
                              BOS\BOS_CLIcommands.o (atoi)
C:/ST/STM32CubeIDE_1.17.0/STM32CubeIDE/plugins/com.st.stm32cube.ide.mcu.externaltools.gnu-tools-for-stm32.12.3.rel1.win32_1.1.0.202410251130/tools/bin/../lib/gcc/arm-none-eabi/12.3.1/../../../../arm-none-eabi/lib/thumb/v6-m/nofp\libc.a(libc_a-atol.o)
                              BOS\BOS.o (atol)
C:/ST/STM32CubeIDE_1.17.0/STM32CubeIDE/plugins/com.st.stm32cube.ide.mcu.externaltools.gnu-tools-for-stm32.12.3.rel1.win32_1.1.0.202410251130/tools/bin/../lib/gcc/arm-none-eabi/12.3.1/../../../../arm-none-eabi/lib/thumb/v6-m/nofp\libc.a(libc_a-exit.o)
                              C:/ST/STM32CubeIDE_1.17.0/STM32CubeIDE/plugins/com.st.stm32cube.ide.mcu.externaltools.gnu-tools-for-stm32.12.3.rel1.win32_1.1.0.202410251130/tools/bin/../lib/gcc/arm-none-eabi/12.3.1/../../../../arm-none-eabi/lib/thumb/v6-m/nofp/crt0.o (exit)
C:/ST/STM32CubeIDE_1.17.0/STM32CubeIDE/plugins/com.st.stm32cube.ide.mcu.externaltools.gnu-tools-for-stm32.12.3.rel1.win32_1.1.0.202410251130/tools/bin/../lib/gcc/arm-none-eabi/12.3.1/../../../../arm-none-eabi/lib/thumb/v6-m/nofp\libc.a(libc_a-malloc.o)
                              BOS\BOS.o (malloc)
C:/ST/STM32CubeIDE_1.17.0/STM32CubeIDE/plugins/com.st.stm32cube.ide.mcu.externaltools.gnu-tools-for-stm32.12.3.rel1.win32_1.1.0.202410251130/tools/bin/../lib/gcc/arm-none-eabi/12.3.1/../../../../arm-none-eabi/lib/thumb/v6-m/nofp\libc.a(libc_a-mallocr.o)
                              C:/ST/STM32CubeIDE_1.17.0/STM32CubeIDE/plugins/com.st.stm32cube.ide.mcu.externaltools.gnu-tools-for-stm32.12.3.rel1.win32_1.1.0.202410251130/tools/bin/../lib/gcc/arm-none-eabi/12.3.1/../../../../arm-none-eabi/lib/thumb/v6-m/nofp\libc.a(libc_a-malloc.o) (_malloc_r)
C:/ST/STM32CubeIDE_1.17.0/STM32CubeIDE/plugins/com.st.stm32cube.ide.mcu.externaltools.gnu-tools-for-stm32.12.3.rel1.win32_1.1.0.202410251130/tools/bin/../lib/gcc/arm-none-eabi/12.3.1/../../../../arm-none-eabi/lib/thumb/v6-m/nofp\libc.a(libc_a-mlock.o)
                              C:/ST/STM32CubeIDE_1.17.0/STM32CubeIDE/plugins/com.st.stm32cube.ide.mcu.externaltools.gnu-tools-for-stm32.12.3.rel1.win32_1.1.0.202410251130/tools/bin/../lib/gcc/arm-none-eabi/12.3.1/../../../../arm-none-eabi/lib/thumb/v6-m/nofp\libc.a(libc_a-mallocr.o) (__malloc_lock)
C:/ST/STM32CubeIDE_1.17.0/STM32CubeIDE/plugins/com.st.stm32cube.ide.mcu.externaltools.gnu-tools-for-stm32.12.3.rel1.win32_1.1.0.202410251130/tools/bin/../lib/gcc/arm-none-eabi/12.3.1/../../../../arm-none-eabi/lib/thumb/v6-m/nofp\libc.a(libc_a-rand.o)
                              BOS\BOS_CLIcommands.o (rand)
C:/ST/STM32CubeIDE_1.17.0/STM32CubeIDE/plugins/com.st.stm32cube.ide.mcu.externaltools.gnu-tools-for-stm32.12.3.rel1.win32_1.1.0.202410251130/tools/bin/../lib/gcc/arm-none-eabi/12.3.1/../../../../arm-none-eabi/lib/thumb/v6-m/nofp\libc.a(libc_a-realloc.o)
                              BOS\BOS_CLI.o (realloc)
C:/ST/STM32CubeIDE_1.17.0/STM32CubeIDE/plugins/com.st.stm32cube.ide.mcu.externaltools.gnu-tools-for-stm32.12.3.rel1.win32_1.1.0.202410251130/tools/bin/../lib/gcc/arm-none-eabi/12.3.1/../../../../arm-none-eabi/lib/thumb/v6-m/nofp\libc.a(libc_a-reallocr.o)
                              C:/ST/STM32CubeIDE_1.17.0/STM32CubeIDE/plugins/com.st.stm32cube.ide.mcu.externaltools.gnu-tools-for-stm32.12.3.rel1.win32_1.1.0.202410251130/tools/bin/../lib/gcc/arm-none-eabi/12.3.1/../../../../arm-none-eabi/lib/thumb/v6-m/nofp\libc.a(libc_a-realloc.o) (_realloc_r)
C:/ST/STM32CubeIDE_1.17.0/STM32CubeIDE/plugins/com.st.stm32cube.ide.mcu.externaltools.gnu-tools-for-stm32.12.3.rel1.win32_1.1.0.202410251130/tools/bin/../lib/gcc/arm-none-eabi/12.3.1/../../../../arm-none-eabi/lib/thumb/v6-m/nofp\libc.a(libc_a-strtod.o)
                              C:/ST/STM32CubeIDE_1.17.0/STM32CubeIDE/plugins/com.st.stm32cube.ide.mcu.externaltools.gnu-tools-for-stm32.12.3.rel1.win32_1.1.0.202410251130/tools/bin/../lib/gcc/arm-none-eabi/12.3.1/../../../../arm-none-eabi/lib/thumb/v6-m/nofp\libc.a(libc_a-atof.o) (strtod)
C:/ST/STM32CubeIDE_1.17.0/STM32CubeIDE/plugins/com.st.stm32cube.ide.mcu.externaltools.gnu-tools-for-stm32.12.3.rel1.win32_1.1.0.202410251130/tools/bin/../lib/gcc/arm-none-eabi/12.3.1/../../../../arm-none-eabi/lib/thumb/v6-m/nofp\libc.a(libc_a-strtol.o)
[...]
Memory Configuration

Name             Origin             Length             Attributes
RAM              0x20000000         0x00024000         xrw
FLASH            0x08000000         0x00080000         xr
*default*        0x00000000         0xffffffff

Linker script and memory map

LOAD C:/ST/STM32CubeIDE_1.17.0/STM32CubeIDE/plugins/com.st.stm32cube.ide.mcu.externaltools.gnu-tools-for-stm32.12.3.rel1.win32_1.1.0.202410251130/tools/bin/../lib/gcc/arm-none-eabi/12.3.1/thumb/v6-m/nofp/crti.o
LOAD C:/ST/STM32CubeIDE_1.17.0/STM32CubeIDE/plugins/com.st.stm32cube.ide.mcu.externaltools.gnu-tools-for-stm32.12.3.rel1.win32_1.1.0.202410251130/tools/bin/../lib/gcc/arm-none-eabi/12.3.1/thumb/v6-m/nofp/crtbegin.o
LOAD C:/ST/STM32CubeIDE_1.17.0/STM32CubeIDE/plugins/com.st.stm32cube.ide.mcu.externaltools.gnu-tools-for-stm32.12.3.rel1.win32_1.1.0.202410251130/tools/bin/../lib/gcc/arm-none-eabi/12.3.1/../../../../arm-none-eabi/lib/thumb/v6-m/nofp/crt0.o
LOAD BOS\BOS.o
LOAD BOS\BOS_CLI.o
LOAD BOS\BOS_CLIcommands.o
LOAD BOS\BOS_dma.o
LOAD BOS\BOS_freertos.o
LOAD BOS\BOS_messaging.o
LOAD BOS\BOS_msgparser.o
LOAD H18R1\H18R1.o
LOAD H18R1\H18R1_dma.o
LOAD H18R1\H18R1_eeprom.o
LOAD H18R1\H18R1_gpio.o
LOAD H18R1\H18R1_inputs.o
LOAD H18R1\H18R1_it.o
LOAD H18R1\H18R1_rtc.o
LOAD H18R1\H18R1_timers.o
LOAD H18R1\H18R1_uart.o
LOAD H18R1\startup_stm32g0b1ceuxn.o
LOAD Thirdparty\CMSIS\STM32G0xx\Device\ST\STM32G0xx\Source\Templates\system_stm32g0xx.o
LOAD Thirdparty\EEPROM_Emul\Core\eeprom_emul.o
LOAD Thirdparty\EEPROM_Emul\Porting\STM32G0\flash_interface.o
LOAD Thirdparty\Middleware\STM32G0xx\FreeRTOS\Source\CMSIS_RTOS\cmsis_os.o
LOAD Thirdparty\Middleware\STM32G0xx\FreeRTOS\Source\FreeRTOS_CLI.o
LOAD Thirdparty\Middleware\STM32G0xx\FreeRTOS\Source\croutine.o
LOAD Thirdparty\Middleware\STM32G0xx\FreeRTOS\Source\event_groups.o
LOAD Thirdparty\Middleware\STM32G0xx\FreeRTOS\Source\list.o
LOAD Thirdparty\Middleware\STM32G0xx\FreeRTOS\Source\portable\GCC\ARM_CM0\port.o
LOAD Thirdparty\Middleware\STM32G0xx\FreeRTOS\Source\portable\MemMang\heap_4.o
LOAD Thirdparty\Middleware\STM32G0xx\FreeRTOS\Source\queue.o
LOAD Thirdparty\Middleware\STM32G0xx\FreeRTOS\Source\stream_buffer.o
LOAD Thirdparty\Middleware\STM32G0xx\FreeRTOS\Source\tasks.o
LOAD Thirdparty\Middleware\STM32G0xx\FreeRTOS\Source\timers.o
LOAD Thirdparty\STM32G0xx_HAL_Driver\Src\stm32g0xx_hal.o
LOAD Thirdparty\STM32G0xx_HAL_Driver\Src\stm32g0xx_hal_adc.o
LOAD Thirdparty\STM32G0xx_HAL_Driver\Src\stm32g0xx_hal_adc_ex.o
LOAD Thirdparty\STM32G0xx_HAL_Driver\Src\stm32g0xx_hal_cec.o
LOAD Thirdparty\STM32G0xx_HAL_Driver\Src\stm32g0xx_hal_comp.o
LOAD Thirdparty\STM32G0xx_HAL_Driver\Src\stm32g0xx_hal_cortex.o
LOAD Thirdparty\STM32G0xx_HAL_Driver\Src\stm32g0xx_hal_crc.o
LOAD Thirdparty\STM32G0xx_HAL_Driver\Src\stm32g0xx_hal_crc_ex.o
LOAD Thirdparty\STM32G0xx_HAL_Driver\Src\stm32g0xx_hal_cryp.o
LOAD Thirdparty\STM32G0xx_HAL_Driver\Src\stm32g0xx_hal_cryp_ex.o
LOAD Thirdparty\STM32G0xx_HAL_Driver\Src\stm32g0xx_hal_dac.o
LOAD Thirdparty\STM32G0xx_HAL_Driver\Src\stm32g0xx_hal_dac_ex.o
LOAD Thirdparty\STM32G0xx_HAL_Driver\Src\stm32g0xx_hal_dma.o
LOAD Thirdparty\STM32G0xx_HAL_Driver\Src\stm32g0xx_hal_dma_ex.o
LOAD Thirdparty\STM32G0xx_HAL_Driver\Src\stm32g0xx_hal_exti.o
LOAD Thirdparty\STM32G0xx_HAL_Driver\Src\stm32g0xx_hal_fdcan.o
LOAD Thirdparty\STM32G0xx_HAL_Driver\Src\stm32g0xx_hal_flash.o
LOAD Thirdparty\STM32G0xx_HAL_Driver\Src\stm32g0xx_hal_flash_ex.o
LOAD Thirdparty\STM32G0xx_HAL_Driver\Src\stm32g0xx_hal_gpio.o
LOAD Thirdparty\STM32G0xx_HAL_Driver\Src\stm32g0xx_hal_hcd.o
LOAD Thirdparty\STM32G0xx_HAL_Driver\Src\stm32g0xx_hal_i2c.o
LOAD Thirdparty\STM32G0xx_HAL_Driver\Src\stm32g0xx_hal_i2c_ex.o
LOAD Thirdparty\STM32G0xx_HAL_Driver\Src\stm32g0xx_hal_i2s.o
LOAD Thirdparty\STM32G0xx_HAL_Driver\Src\stm32g0xx_hal_irda.o
LOAD Thirdparty\STM32G0xx_HAL_Driver\Src\stm32g0xx_hal_iwdg.o
LOAD Thirdparty\STM32G0xx_HAL_Driver\Src\stm32g0xx_hal_lptim.o
LOAD Thirdparty\STM32G0xx_HAL_Driver\Src\stm32g0xx_hal_msp_template.o
LOAD Thirdparty\STM32G0xx_HAL_Driver\Src\stm32g0xx_hal_pcd.o
LOAD Thirdparty\STM32G0xx_HAL_Driver\Src\stm32g0xx_hal_pcd_ex.o
LOAD Thirdparty\STM32G0xx_HAL_Driver\Src\stm32g0xx_hal_pwr.o
LOAD Thirdparty\STM32G0xx_HAL_Driver\Src\stm32g0xx_hal_pwr_ex.o
LOAD Thirdparty\STM32G0xx_HAL_Driver\Src\stm32g0xx_hal_rcc.o
LOAD Thirdparty\STM32G0xx_HAL_Driver\Src\stm32g0xx_hal_rcc_ex.o
LOAD Thirdparty\STM32G0xx_HAL_Driver\Src\stm32g0xx_hal_rng.o
LOAD Thirdparty\STM32G0xx_HAL_Driver\Src\stm32g0xx_hal_rtc.o
LOAD Thirdparty\STM32G0xx_HAL_Driver\Src\stm32g0xx_hal_rtc_ex.o
LOAD Thirdparty\STM32G0xx_HAL_Driver\Src\stm32g0xx_hal_smartcard.o
LOAD Thirdparty\STM32G0xx_HAL_Driver\Src\stm32g0xx_hal_smartcard_ex.o
LOAD Thirdparty\STM32G0xx_HAL_Driver\Src\stm32g0xx_hal_smbus.o
LOAD Thirdparty\STM32G0xx_HAL_Driver\Src\stm32g0xx_hal_smbus_ex.o
LOAD Thirdparty\STM32G0xx_HAL_Driver\Src\stm32g0xx_hal_spi.o
LOAD Thirdparty\STM32G0xx_HAL_Driver\Src\stm32g0xx_hal_spi_ex.o
LOAD Thirdparty\STM32G0xx_HAL_Driver\Src\stm32g0xx_hal_tim.o
LOAD Thirdparty\STM32G0xx_HAL_Driver\Src\stm32g0xx_hal_tim_ex.o
LOAD Thirdparty\STM32G0xx_HAL_Driver\Src\stm32g0xx_hal_uart.o
LOAD Thirdparty\STM32G0xx_HAL_Driver\Src\stm32g0xx_hal_uart_ex.o
LOAD Thirdparty\STM32G0xx_HAL_Driver\Src\stm32g0xx_hal_usart.o
LOAD Thirdparty\STM32G0xx_HAL_Driver\Src\stm32g0xx_hal_usart_ex.o
LOAD Thirdparty\STM32G0xx_HAL_Driver\Src\stm32g0xx_hal_wwdg.o
LOAD Thirdparty\STM32G0xx_HAL_Driver\Src\stm32g0xx_ll_adc.o
LOAD Thirdparty\STM32G0xx_HAL_Driver\Src\stm32g0xx_ll_comp.o
LOAD Thirdparty\STM32G0xx_HAL_Driver\Src\stm32g0xx_ll_crc.o
LOAD Thirdparty\STM32G0xx_HAL_Driver\Src\stm32g0xx_ll_crs.o
LOAD Thirdparty\STM32G0xx_HAL_Driver\Src\stm32g0xx_ll_dac.o
LOAD Thirdparty\STM32G0xx_HAL_Driver\Src\stm32g0xx_ll_dma.o
LOAD Thirdparty\STM32G0xx_HAL_Driver\Src\stm32g0xx_ll_exti.o
LOAD Thirdparty\STM32G0xx_HAL_Driver\Src\stm32g0xx_ll_gpio.o
LOAD Thirdparty\STM32G0xx_HAL_Driver\Src\stm32g0xx_ll_i2c.o
LOAD Thirdparty\STM32G0xx_HAL_Driver\Src\stm32g0xx_ll_lptim.o
LOAD Thirdparty\STM32G0xx_HAL_Driver\Src\stm32g0xx_ll_lpuart.o
LOAD Thirdparty\STM32G0xx_HAL_Driver\Src\stm32g0xx_ll_pwr.o
LOAD Thirdparty\STM32G0xx_HAL_Driver\Src\stm32g0xx_ll_rcc.o
LOAD Thirdparty\STM32G0xx_HAL_Driver\Src\stm32g0xx_ll_rng.o
LOAD Thirdparty\STM32G0xx_HAL_Driver\Src\stm32g0xx_ll_rtc.o
LOAD Thirdparty\STM32G0xx_HAL_Driver\Src\stm32g0xx_ll_spi.o
LOAD Thirdparty\STM32G0xx_HAL_Driver\Src\stm32g0xx_ll_tim.o
LOAD Thirdparty\STM32G0xx_HAL_Driver\Src\stm32g0xx_ll_ucpd.o
LOAD Thirdparty\STM32G0xx_HAL_Driver\Src\stm32g0xx_ll_usart.o
LOAD Thirdparty\STM32G0xx_HAL_Driver\Src\stm32g0xx_ll_usb.o
LOAD Thirdparty\STM32G0xx_HAL_Driver\Src\stm32g0xx_ll_utils.o
LOAD User\main.o
LOAD syscalls.o
START GROUP
LOAD C:/ST/STM32CubeIDE_1.17.0/STM32CubeIDE/plugins/com.st.stm32cube.ide.mcu.externaltools.gnu-tools-for-stm32.12.3.rel1.win32_1.1.0.202410251130/tools/bin/../lib/gcc/arm-none-eabi/12.3.1/../../../../arm-none-eabi/lib/thumb/v6-m/nofp\libc.a
LOAD C:/ST/STM32CubeIDE_1.17.0/STM32CubeIDE/plugins/com.st.stm32cube.ide.mcu.externaltools.gnu-tools-for-stm32.12.3.rel1.win32_1.1.0.202410251130/tools/bin/../lib/gcc/arm-none-eabi/12.3.1/../../../../arm-none-eabi/lib/thumb/v6-m/nofp\libm.a
END GROUP
START GROUP
LOAD C:/ST/STM32CubeIDE_1.17.0/STM32CubeIDE/plugins/com.st.stm32cube.ide.mcu.externaltools.gnu-tools-for-stm32.12.3.rel1.win32_1.1.0.202410251130/tools/bin/../lib/gcc/arm-none-eabi/12.3.1/thumb/v6-m/nofp\libgcc.a
LOAD C:/ST/STM32CubeIDE_1.17.0/STM32CubeIDE/plugins/com.st.stm32cube.ide.mcu.externaltools.gnu-tools-for-stm32.12.3.rel1.win32_1.1.0.202410251130/tools/bin/../lib/gcc/arm-none-eabi/12.3.1/../../../../arm-none-eabi/lib/thumb/v6-m/nofp\libc.a
END GROUP
START GROUP
LOAD C:/ST/STM32CubeIDE_1.17.0/STM32CubeIDE/plugins/com.st.stm32cube.ide.mcu.externaltools.gnu-tools-for-stm32.12.3.rel1.win32_1.1.0.202410251130/tools/bin/../lib/gcc/arm-none-eabi/12.3.1/thumb/v6-m/nofp\libgcc.a
LOAD C:/ST/STM32CubeIDE_1.17.0/STM32CubeIDE/plugins/com.st.stm32cube.ide.mcu.externaltools.gnu-tools-for-stm32.12.3.rel1.win32_1.1.0.202410251130/tools/bin/../lib/gcc/arm-none-eabi/12.3.1/../../../../arm-none-eabi/lib/thumb/v6-m/nofp\libc.a
LOAD C:/ST/STM32CubeIDE_1.17.0/STM32CubeIDE/plugins/com.st.stm32cube.ide.mcu.externaltools.gnu-tools-for-stm32.12.3.rel1.win32_1.1.0.202410251130/tools/bin/../lib/gcc/arm-none-eabi/12.3.1/../../../../arm-none-eabi/lib/thumb/v6-m/nofp\libnosys.a
END GROUP
LOAD C:/ST/STM32CubeIDE_1.17.0/STM32CubeIDE/plugins/com.st.stm32cube.ide.mcu.externaltools.gnu-tools-for-stm32.12.3.rel1.win32_1.1.0.202410251130/tools/bin/../lib/gcc/arm-none-eabi/12.3.1/thumb/v6-m/nofp/crtend.o
LOAD C:/ST/STM32CubeIDE_1.17.0/STM32CubeIDE/plugins/com.st.stm32cube.ide.mcu.externaltools.gnu-tools-for-stm32.12.3.rel1.win32_1.1.0.202410251130/tools/bin/../lib/gcc/arm-none-eabi/12.3.1/thumb/v6-m/nofp/crtn.o
                0x20024000                        _estack = (ORIGIN (RAM) + LENGTH (RAM))
                0x00000200                        _Min_Heap_Size = 0x200
                0x00000400                        _Min_Stack_Size = 0x400

.isr_vector     0x08000000       0xbc
                0x08000000                        . = ALIGN (0x4)
 *(.isr_vector)
 .isr_vector    0x08000000       0xbc H18R1\startup_stm32g0b1ceuxn.o
                0x08000000                g_pfnVectors
                0x080000bc                        . = ALIGN (0x4)

.text           0x080000c0    0x29fd8
                0x080000c0                        . = ALIGN (0x4)
 *(.text)
 .text          0x080000c0       0x48 C:/ST/STM32CubeIDE_1.17.0/STM32CubeIDE/plugins/com.st.stm32cube.ide.mcu.externaltools.gnu-tools-for-stm32.12.3.rel1.win32_1.1.0.202410251130/tools/bin/../lib/gcc/arm-none-eabi/12.3.1/thumb/v6-m/nofp/crtbegin.o
 .text          0x08000108       0x14 C:/ST/STM32CubeIDE_1.17.0/STM32CubeIDE/plugins/com.st.stm32cube.ide.mcu.externaltools.gnu-tools-for-stm32.12.3.rel1.win32_1.1.0.202410251130/tools/bin/../lib/gcc/arm-none-eabi/12.3.1/../../../../arm-none-eabi/lib/thumb/v6-m/nofp\libc.a(libc_a-strcmp.o)
                0x08000108                strcmp
 .text          0x0800011c        0xe C:/ST/STM32CubeIDE_1.17.0/STM32CubeIDE/plugins/com.st.stm32cube.ide.mcu.externaltools.gnu-tools-for-stm32.12.3.rel1.win32_1.1.0.202410251130/tools/bin/../lib/gcc/arm-none-eabi/12.3.1/../../../../arm-none-eabi/lib/thumb/v6-m/nofp\libc.a(libc_a-strlen.o)
                0x0800011c                strlen
 *fill*         0x0800012a        0x2 
 .text          0x0800012c       0x14 C:/ST/STM32CubeIDE_1.17.0/STM32CubeIDE/plugins/com.st.stm32cube.ide.mcu.externaltools.gnu-tools-for-stm32.12.3.rel1.win32_1.1.0.202410251130/tools/bin/../lib/gcc/arm-none-eabi/12.3.1/thumb/v6-m/nofp\libgcc.a(_thumb1_case_uqi.o)
                0x0800012c                __gnu_thumb1_case_uqi
 .text          0x08000140       0x14 C:/ST/STM32CubeIDE_1.17.0/STM32CubeIDE/plugins/com.st.stm32cube.ide.mcu.externaltools.gnu-tools-for-stm32.12.3.rel1.win32_1.1.0.202410251130/tools/bin/../lib/gcc/arm-none-eabi/12.3.1/thumb/v6-m/nofp\libgcc.a(_thumb1_case_uhi.o)
                0x08000140                __gnu_thumb1_case_uhi
 .text          0x08000154      0x114 C:/ST/STM32CubeIDE_1.17.0/STM32CubeIDE/plugins/com.st.stm32cube.ide.mcu.externaltools.gnu-tools-for-stm32.12.3.rel1.win32_1.1.0.202410251130/tools/bin/../lib/gcc/arm-none-eabi/12.3.1/thumb/v6-m/nofp\libgcc.a(_udivsi3.o)
                0x08000154                __aeabi_uidiv
                0x08000154                __udivsi3
                0x08000260                __aeabi_uidivmod
 .text          0x08000268      0x1d4 C:/ST/STM32CubeIDE_1.17.0/STM32CubeIDE/plugins/com.st.stm32cube.ide.mcu.externaltools.gnu-tools-for-stm32.12.3.rel1.win32_1.1.0.202410251130/tools/bin/../lib/gcc/arm-none-eabi/12.3.1/thumb/v6-m/nofp\libgcc.a(_divsi3.o)
                0x08000268                __divsi3
                0x08000268                __aeabi_idiv
                0x08000434                __aeabi_idivmod
 .text          0x0800043c        0x4 C:/ST/STM32CubeIDE_1.17.0/STM32CubeIDE/plugins/com.st.stm32cube.ide.mcu.externaltools.gnu-tools-for-stm32.12.3.rel1.win32_1.1.0.202410251130/tools/bin/../lib/gcc/arm-none-eabi/12.3.1/thumb/v6-m/nofp\libgcc.a(_dvmd_tls.o)
                0x0800043c                __aeabi_idiv0
                0x0800043c                __aeabi_ldiv0
 .text          0x08000440       0x7c C:/ST/STM32CubeIDE_1.17.0/STM32CubeIDE/plugins/com.st.stm32cube.ide.mcu.externaltools.gnu-tools-for-stm32.12.3.rel1.win32_1.1.0.202410251130/tools/bin/../lib/gcc/arm-none-eabi/12.3.1/thumb/v6-m/nofp\libgcc.a(_arm_cmpdf2.o)
                0x08000440                __aeabi_cdrcmple
                0x08000450                __aeabi_cdcmple
                0x08000450                __aeabi_cdcmpeq
                0x08000460                __aeabi_dcmpeq
                0x0800046c                __aeabi_dcmplt
                0x08000480                __aeabi_dcmple
                0x08000494                __aeabi_dcmpgt
                0x080004a8                __aeabi_dcmpge
 .text          0x080004bc       0x74 C:/ST/STM32CubeIDE_1.17.0/STM32CubeIDE/plugins/com.st.stm32cube.ide.mcu.externaltools.gnu-tools-for-stm32.12.3.rel1.win32_1.1.0.202410251130/tools/bin/../lib/gcc/arm-none-eabi/12.3.1/thumb/v6-m/nofp\libgcc.a(_arm_cmpsf2.o)
                0x080004bc                __aeabi_cfrcmple
                0x080004c4                __aeabi_cfcmpeq
                0x080004c4                __aeabi_cfcmple
                0x080004d4                __aeabi_fcmpeq
                0x080004e0                __aeabi_fcmplt
                0x080004f4                __aeabi_fcmple
                0x08000508                __aeabi_fcmpgt
                0x0800051c                __aeabi_fcmpge
 .text          0x08000530       0x40 C:/ST/STM32CubeIDE_1.17.0/STM32CubeIDE/plugins/com.st.stm32cube.ide.mcu.externaltools.gnu-tools-for-stm32.12.3.rel1.win32_1.1.0.202410251130/tools/bin/../lib/gcc/arm-none-eabi/12.3.1/thumb/v6-m/nofp\libgcc.a(_aeabi_uldivmod.o)
                0x08000530                __aeabi_uldivmod
 .text          0x08000570       0x5c C:/ST/STM32CubeIDE_1.17.0/STM32CubeIDE/plugins/com.st.stm32cube.ide.mcu.externaltools.gnu-tools-for-stm32.12.3.rel1.win32_1.1.0.202410251130/tools/bin/../lib/gcc/arm-none-eabi/12.3.1/thumb/v6-m/nofp\libgcc.a(_muldi3.o)
                0x08000570                __muldi3
                0x08000570                __aeabi_lmul
 .text          0x080005cc       0x30 C:/ST/STM32CubeIDE_1.17.0/STM32CubeIDE/plugins/com.st.stm32cube.ide.mcu.externaltools.gnu-tools-for-stm32.12.3.rel1.win32_1.1.0.202410251130/tools/bin/../lib/gcc/arm-none-eabi/12.3.1/thumb/v6-m/nofp\libgcc.a(_fixunssfsi.o)
                0x080005cc                __fixunssfsi
                0x080005cc                __aeabi_f2uiz
 .text          0x080005fc       0x3c C:/ST/STM32CubeIDE_1.17.0/STM32CubeIDE/plugins/com.st.stm32cube.ide.mcu.externaltools.gnu-tools-for-stm32.12.3.rel1.win32_1.1.0.202410251130/tools/bin/../lib/gcc/arm-none-eabi/12.3.1/thumb/v6-m/nofp\libgcc.a(_fixunsdfsi.o)
                0x080005fc                __aeabi_d2uiz
                0x080005fc                __fixunsdfsi
 .text          0x08000638       0x38 C:/ST/STM32CubeIDE_1.17.0/STM32CubeIDE/plugins/com.st.stm32cube.ide.mcu.externaltools.gnu-tools-for-stm32.12.3.rel1.win32_1.1.0.202410251130/tools/bin/../lib/gcc/arm-none-eabi/12.3.1/thumb/v6-m/nofp\libgcc.a(_fixdfdi.o)
                0x08000638                __fixdfdi
                0x08000638                __aeabi_d2lz
 .text          0x08000670       0x3c C:/ST/STM32CubeIDE_1.17.0/STM32CubeIDE/plugins/com.st.stm32cube.ide.mcu.externaltools.gnu-tools-for-stm32.12.3.rel1.win32_1.1.0.202410251130/tools/bin/../lib/gcc/arm-none-eabi/12.3.1/thumb/v6-m/nofp\libgcc.a(_fixunsdfdi.o)
                0x08000670                __fixunsdfdi
                0x08000670                __aeabi_d2ulz
 .text          0x080006ac       0x2c C:/ST/STM32CubeIDE_1.17.0/STM32CubeIDE/plugins/com.st.stm32cube.ide.mcu.externaltools.gnu-tools-for-stm32.12.3.rel1.win32_1.1.0.202410251130/tools/bin/../lib/gcc/arm-none-eabi/12.3.1/thumb/v6-m/nofp\libgcc.a(_floatdidf.o)
                0x080006ac                __aeabi_l2d
                0x080006ac                __floatdidf
 .text          0x080006d8      0x198 C:/ST/STM32CubeIDE_1.17.0/STM32CubeIDE/plugins/com.st.stm32cube.ide.mcu.externaltools.gnu-tools-for-stm32.12.3.rel1.win32_1.1.0.202410251130/tools/bin/../lib/gcc/arm-none-eabi/12.3.1/thumb/v6-m/nofp\libgcc.a(_udivmoddi4.o)
                0x080006d8                __udivmoddi4
 .text          0x08000870      0x240 C:/ST/STM32CubeIDE_1.17.0/STM32CubeIDE/plugins/com.st.stm32cube.ide.mcu.externaltools.gnu-tools-for-stm32.12.3.rel1.win32_1.1.0.202410251130/tools/bin/../lib/gcc/arm-none-eabi/12.3.1/thumb/v6-m/nofp\libgcc.a(divsf3.o)
                0x08000870                __aeabi_fdiv
 .text          0x08000ab0       0x50 C:/ST/STM32CubeIDE_1.17.0/STM32CubeIDE/plugins/com.st.stm32cube.ide.mcu.externaltools.gnu-tools-for-stm32.12.3.rel1.win32_1.1.0.202410251130/tools/bin/../lib/gcc/arm-none-eabi/12.3.1/thumb/v6-m/nofp\libgcc.a(eqsf2.o)
                0x08000ab0                __eqsf2
                0x08000ab0                __nesf2
 .text          0x08000b00       0xa0 C:/ST/STM32CubeIDE_1.17.0/STM32CubeIDE/plugins/com.st.stm32cube.ide.mcu.externaltools.gnu-tools-for-stm32.12.3.rel1.win32_1.1.0.202410251130/tools/bin/../lib/gcc/arm-none-eabi/12.3.1/thumb/v6-m/nofp\libgcc.a(gesf2.o)
                0x08000b00                __gesf2
                0x08000b00                __gtsf2
 .text          0x08000ba0       0x9c C:/ST/STM32CubeIDE_1.17.0/STM32CubeIDE/plugins/com.st.stm32cube.ide.mcu.externaltools.gnu-tools-for-stm32.12.3.rel1.win32_1.1.0.202410251130/tools/bin/../lib/gcc/arm-none-eabi/12.3.1/thumb/v6-m/nofp\libgcc.a(lesf2.o)
                0x08000ba0                __ltsf2
                0x08000ba0                __lesf2
 .text          0x08000c3c      0x27c C:/ST/STM32CubeIDE_1.17.0/STM32CubeIDE/plugins/com.st.stm32cube.ide.mcu.externaltools.gnu-tools-for-stm32.12.3.rel1.win32_1.1.0.202410251130/tools/bin/../lib/gcc/arm-none-eabi/12.3.1/thumb/v6-m/nofp\libgcc.a(mulsf3.o)
                0x08000c3c                __aeabi_fmul
 .text          0x08000eb8      0x348 C:/ST/STM32CubeIDE_1.17.0/STM32CubeIDE/plugins/com.st.stm32cube.ide.mcu.externaltools.gnu-tools-for-stm32.12.3.rel1.win32_1.1.0.202410251130/tools/bin/../lib/gcc/arm-none-eabi/12.3.1/thumb/v6-m/nofp\libgcc.a(subsf3.o)
                0x08000eb8                __aeabi_fsub
 .text          0x08001200       0x40 C:/ST/STM32CubeIDE_1.17.0/STM32CubeIDE/plugins/com.st.stm32cube.ide.mcu.externaltools.gnu-tools-for-stm32.12.3.rel1.win32_1.1.0.202410251130/tools/bin/../lib/gcc/arm-none-eabi/12.3.1/thumb/v6-m/nofp\libgcc.a(fixsfsi.o)
                0x08001200                __aeabi_f2iz
 .text          0x08001240       0x98 C:/ST/STM32CubeIDE_1.17.0/STM32CubeIDE/plugins/com.st.stm32cube.ide.mcu.externaltools.gnu-tools-for-stm32.12.3.rel1.win32_1.1.0.202410251130/tools/bin/../lib/gcc/arm-none-eabi/12.3.1/thumb/v6-m/nofp\libgcc.a(floatsisf.o)
                0x08001240                __aeabi_i2f
 .text          0x080012d8       0x84 C:/ST/STM32CubeIDE_1.17.0/STM32CubeIDE/plugins/com.st.stm32cube.ide.mcu.externaltools.gnu-tools-for-stm32.12.3.rel1.win32_1.1.0.202410251130/tools/bin/../lib/gcc/arm-none-eabi/12.3.1/thumb/v6-m/nofp\libgcc.a(floatunsisf.o)
                0x080012d8                __aeabi_ui2f
 .text          0x0800135c      0x6c8 C:/ST/STM32CubeIDE_1.17.0/STM32CubeIDE/plugins/com.st.stm32cube.ide.mcu.externaltools.gnu-tools-for-stm32.12.3.rel1.win32_1.1.0.202410251130/tools/bin/../lib/gcc/arm-none-eabi/12.3.1/thumb/v6-m/nofp\libgcc.a(adddf3.o)
                0x0800135c                __aeabi_dadd
 .text          0x08001a24      0x634 C:/ST/STM32CubeIDE_1.17.0/STM32CubeIDE/plugins/com.st.stm32cube.ide.mcu.externaltools.gnu-tools-for-stm32.12.3.rel1.win32_1.1.0.202410251130/tools/bin/../lib/gcc/arm-none-eabi/12.3.1/thumb/v6-m/nofp\libgcc.a(divdf3.o)
                0x08001a24                __aeabi_ddiv
 .text          0x08002058       0x88 C:/ST/STM32CubeIDE_1.17.0/STM32CubeIDE/plugins/com.st.stm32cube.ide.mcu.externaltools.gnu-tools-for-stm32.12.3.rel1.win32_1.1.0.202410251130/tools/bin/../lib/gcc/arm-none-eabi/12.3.1/thumb/v6-m/nofp\libgcc.a(eqdf2.o)
                0x08002058                __nedf2
                0x08002058                __eqdf2
 .text          0x080020e0       0xe8 C:/ST/STM32CubeIDE_1.17.0/STM32CubeIDE/plugins/com.st.stm32cube.ide.mcu.externaltools.gnu-tools-for-stm32.12.3.rel1.win32_1.1.0.202410251130/tools/bin/../lib/gcc/arm-none-eabi/12.3.1/thumb/v6-m/nofp\libgcc.a(gedf2.o)
                0x080020e0                __gedf2
                0x080020e0                __gtdf2
 .text          0x080021c8       0xe4 C:/ST/STM32CubeIDE_1.17.0/STM32CubeIDE/plugins/com.st.stm32cube.ide.mcu.externaltools.gnu-tools-for-stm32.12.3.rel1.win32_1.1.0.202410251130/tools/bin/../lib/gcc/arm-none-eabi/12.3.1/thumb/v6-m/nofp\libgcc.a(ledf2.o)
                0x080021c8                __ledf2
                0x080021c8                __ltdf2
 .text          0x080022ac      0x590 C:/ST/STM32CubeIDE_1.17.0/STM32CubeIDE/plugins/com.st.stm32cube.ide.mcu.externaltools.gnu-tools-for-stm32.12.3.rel1.win32_1.1.0.202410251130/tools/bin/../lib/gcc/arm-none-eabi/12.3.1/thumb/v6-m/nofp\libgcc.a(muldf3.o)
                0x080022ac                __aeabi_dmul
 .text          0x0800283c      0x738 C:/ST/STM32CubeIDE_1.17.0/STM32CubeIDE/plugins/com.st.stm32cube.ide.mcu.externaltools.gnu-tools-for-stm32.12.3.rel1.win32_1.1.0.202410251130/tools/bin/../lib/gcc/arm-none-eabi/12.3.1/thumb/v6-m/nofp\libgcc.a(subdf3.o)
                0x0800283c                __aeabi_dsub
 .text          0x08002f74       0x44 C:/ST/STM32CubeIDE_1.17.0/STM32CubeIDE/plugins/com.st.stm32cube.ide.mcu.externaltools.gnu-tools-for-stm32.12.3.rel1.win32_1.1.0.202410251130/tools/bin/../lib/gcc/arm-none-eabi/12.3.1/thumb/v6-m/nofp\libgcc.a(unorddf2.o)
                0x08002f74                __aeabi_dcmpun
 .text          0x08002fb8       0x78 C:/ST/STM32CubeIDE_1.17.0/STM32CubeIDE/plugins/com.st.stm32cube.ide.mcu.externaltools.gnu-tools-for-stm32.12.3.rel1.win32_1.1.0.202410251130/tools/bin/../lib/gcc/arm-none-eabi/12.3.1/thumb/v6-m/nofp\libgcc.a(fixdfsi.o)
                0x08002fb8                __aeabi_d2iz
 .text          0x08003030       0x5c C:/ST/STM32CubeIDE_1.17.0/STM32CubeIDE/plugins/com.st.stm32cube.ide.mcu.externaltools.gnu-tools-for-stm32.12.3.rel1.win32_1.1.0.202410251130/tools/bin/../lib/gcc/arm-none-eabi/12.3.1/thumb/v6-m/nofp\libgcc.a(floatsidf.o)
                0x08003030                __aeabi_i2d
 .text          0x0800308c       0x48 C:/ST/STM32CubeIDE_1.17.0/STM32CubeIDE/plugins/com.st.stm32cube.ide.mcu.externaltools.gnu-tools-for-stm32.12.3.rel1.win32_1.1.0.202410251130/tools/bin/../lib/gcc/arm-none-eabi/12.3.1/thumb/v6-m/nofp\libgcc.a(floatunsidf.o)
                0x0800308c                __aeabi_ui2d
 .text          0x080030d4       0x90 C:/ST/STM32CubeIDE_1.17.0/STM32CubeIDE/plugins/com.st.stm32cube.ide.mcu.externaltools.gnu-tools-for-stm32.12.3.rel1.win32_1.1.0.202410251130/tools/bin/../lib/gcc/arm-none-eabi/12.3.1/thumb/v6-m/nofp\libgcc.a(extendsfdf2.o)
                0x080030d4                __aeabi_f2d
 .text          0x08003164      0x108 C:/ST/STM32CubeIDE_1.17.0/STM32CubeIDE/plugins/com.st.stm32cube.ide.mcu.externaltools.gnu-tools-for-stm32.12.3.rel1.win32_1.1.0.202410251130/tools/bin/../lib/gcc/arm-none-eabi/12.3.1/thumb/v6-m/nofp\libgcc.a(truncdfsf2.o)
                0x08003164                __aeabi_d2f
 .text          0x0800326c       0x3c C:/ST/STM32CubeIDE_1.17.0/STM32CubeIDE/plugins/com.st.stm32cube.ide.mcu.externaltools.gnu-tools-for-stm32.12.3.rel1.win32_1.1.0.202410251130/tools/bin/../lib/gcc/arm-none-eabi/12.3.1/thumb/v6-m/nofp\libgcc.a(_clzsi2.o)
                0x0800326c                __clzsi2
 .text          0x080032a8       0x18 C:/ST/STM32CubeIDE_1.17.0/STM32CubeIDE/plugins/com.st.stm32cube.ide.mcu.externaltools.gnu-tools-for-stm32.12.3.rel1.win32_1.1.0.202410251130/tools/bin/../lib/gcc/arm-none-eabi/12.3.1/thumb/v6-m/nofp\libgcc.a(_clzdi2.o)
                0x080032a8                __clzdi2
 *(.text*)
 .text.__NVIC_SystemReset
                0x080032c0       0x24 BOS\BOS.o
 .text.LoadEEvars
                0x080032e4       0x2a BOS\BOS.o
                0x080032e4                LoadEEvars
 *fill*         0x0800330e        0x2 
 .text.LoadROtopology
                0x08003310       0xfc BOS\BOS.o
                0x08003310                LoadROtopology
 .text.LoadEEportsDir
                0x0800340c       0x68 BOS\BOS.o
                0x0800340c                LoadEEportsDir
 .text.LoadEEalias
                0x08003474       0xd8 BOS\BOS.o
                0x08003474                LoadEEalias
 .text.LoadEEgroup
                0x0800354c      0x120 BOS\BOS.o
                0x0800354c                LoadEEgroup
 .text.LoadEEstreams
                0x0800366c      0x228 BOS\BOS.o
                0x0800366c                LoadEEstreams
 .text.LoadEEparams
                0x08003894      0x2e4 BOS\BOS.o
                0x08003894                LoadEEparams
 .text.LoadEEbuttons
                0x08003b78      0x124 BOS\BOS.o
                0x08003b78                LoadEEbuttons
 .text.LoadROsnippets
                0x08003c9c      0x1d8 BOS\BOS.o
                0x08003c9c                LoadROsnippets
 .text.SaveEEportsDir
                0x08003e74       0x78 BOS\BOS.o
                0x08003e74                SaveEEportsDir
 .text.SaveEEalias
                0x08003eec       0xd0 BOS\BOS.o
                0x08003eec                SaveEEalias
 .text.SaveEEstreams
                0x08003fbc       0xdc BOS\BOS.o
                0x08003fbc                SaveEEstreams
 .text.SaveEEparams
                0x08004098       0xb4 BOS\BOS.o
                0x08004098                SaveEEparams
 .text.ClearEEportsDir
                0x0800414c       0x84 BOS\BOS.o
                0x0800414c                ClearEEportsDir
 .text.IsLowerCLIbaud
                0x080041d0       0xe8 BOS\BOS.o
                0x080041d0                IsLowerCLIbaud
 .text.IsModuleParameter
                0x080042b8       0x64 BOS\BOS.o
                0x080042b8                IsModuleParameter
 .text.IsMathOperator
                0x0800431c       0xc4 BOS\BOS.o
                0x0800431c                IsMathOperator
 .text.BOS_Init
                0x080043e0      0x130 BOS\BOS.o
                0x080043e0                BOS_Init
 .text.Module_Init
                0x08004510       0x1e BOS\BOS.o
                0x08004510                Module_Init
 *fill*         0x0800452e        0x2 
 .text.Explore  0x08004530      0xa5c BOS\BOS.o
                0x08004530                Explore
 .text.ExploreNeighbors
                0x08004f8c       0x90 BOS\BOS.o
                0x08004f8c                ExploreNeighbors
 .text.FindBroadcastRoutes
                0x0800501c      0x3b0 BOS\BOS.o
                0x0800501c                FindBroadcastRoutes
 .text.FindRoute
                0x080053cc      0x2d8 BOS\BOS.o
                0x080053cc                FindRoute
 .text.minArr   0x080056a4       0x88 BOS\BOS.o
                0x080056a4                minArr
 .text.QnotEmpty
                0x0800572c       0x50 BOS\BOS.o
                0x0800572c                QnotEmpty
 .text.DisplayTopology
                0x0800577c      0x258 BOS\BOS.o
                0x0800577c                DisplayTopology
 .text.DisplayPortsDir
                0x080059d4      0x118 BOS\BOS.o
                0x080059d4                DisplayPortsDir
 .text.DisplayModuleStatus
                0x08005aec      0x3b4 BOS\BOS.o
                0x08005aec                DisplayModuleStatus
 .text.GetID    0x08005ea0      0x15c BOS\BOS.o
                0x08005ea0                GetID
 .text.NameModule
                0x08005ffc      0x140 BOS\BOS.o
                0x08005ffc                NameModule
 .text.AddModuleToGroup
                0x0800613c      0x1b8 BOS\BOS.o
                0x0800613c                AddModuleToGroup
 .text.WriteToRemote
                0x080062f4      0x418 BOS\BOS.o
                0x080062f4                WriteToRemote
 .text.GetDateString
                0x0800670c       0x5c BOS\BOS.o
                0x0800670c                GetDateString
 .text.Bridge   0x08006768       0x4c BOS\BOS.o
                0x08006768                Bridge
 .text.Unbridge
                0x080067b4       0xbc BOS\BOS.o
                0x080067b4                Unbridge
 .text.EncodeValueToBytes
                0x08006870       0x84 BOS\BOS.o
                0x08006870                EncodeValueToBytes
 .text.DecodeBytesToValue
                0x080068f4       0x84 BOS\BOS.o
                0x080068f4                DecodeBytesToValue
 .text.prvCLITask
                0x08006978      0x254 BOS\BOS_CLI.o
                0x08006978                prvCLITask
 .text.CLI_CommandParser
                0x08006bcc      0x57c BOS\BOS_CLI.o
                0x08006bcc                CLI_CommandParser
 .text.StringToLowerCase
                0x08007148       0x6c BOS\BOS_CLI.o
                0x08007148                StringToLowerCase
 .text.AddSnippet
                0x080071b4      0x118 BOS\BOS_CLI.o
                0x080071b4                AddSnippet
 .text.ParseSnippetCondition
                0x080072cc      0x2e8 BOS\BOS_CLI.o
                0x080072cc                ParseSnippetCondition
 .text.CheckSnippetCondition
                0x080075b4      0x1cc BOS\BOS_CLI.o
                0x080075b4                CheckSnippetCondition
 .text.ExecuteSnippet
                0x08007780       0xdc BOS\BOS_CLI.o
                0x08007780                ExecuteSnippet
 .text.ParseSnippetCommand
                0x0800785c       0xe0 BOS\BOS_CLI.o
                0x0800785c                ParseSnippetCommand
 .text.__NVIC_SystemReset
                0x0800793c       0x24 BOS\BOS_CLIcommands.o
 .text.RegisterUserCLICommands
                0x08007960        0xa BOS\BOS_CLIcommands.o
                0x08007960                RegisterUserCLICommands
 *fill*         0x0800796a        0x2 
 .text.vRegisterCLICommands
                0x0800796c      0x1a4 BOS\BOS_CLIcommands.o
                0x0800796c                vRegisterCLICommands
 .text.prvTaskStatsCommand
                0x08007b10       0x40 BOS\BOS_CLIcommands.o
 .text.prvRunTimeStatsCommand
                0x08007b50       0x40 BOS\BOS_CLIcommands.o
 .text.pingCommand
                0x08007b90       0x98 BOS\BOS_CLIcommands.o
 .text.bootloaderUpdateCommand
                0x08007c28      0x200 BOS\BOS_CLIcommands.o
 .text.exploreCommand
                0x08007e28       0xf8 BOS\BOS_CLIcommands.o
 .text.resetCommand
                0x08007f20       0x10 BOS\BOS_CLIcommands.o
 .text.nameCommand
                0x08007f30       0xe8 BOS\BOS_CLIcommands.o
 .text.groupCommand
                0x08008018      0x2fc BOS\BOS_CLIcommands.o
 .text.statusCommand
                0x08008314       0x1c BOS\BOS_CLIcommands.o
 .text.infoCommand
                0x08008330       0xfc BOS\BOS_CLIcommands.o
 .text.addbuttonCommand
                0x0800842c      0x110 BOS\BOS_CLIcommands.o
 .text.removebuttonCommand
                0x0800853c       0x94 BOS\BOS_CLIcommands.o
 .text.setCommand
                0x080085d0      0xba8 BOS\BOS_CLIcommands.o
 .text.getCommand
                0x08009178      0x39c BOS\BOS_CLIcommands.o
 .text.defaultCommand
                0x08009514       0xf8 BOS\BOS_CLIcommands.o
 .text.timeCommand
                0x0800960c       0xd8 BOS\BOS_CLIcommands.o
 .text.dateCommand
                0x080096e4       0x34 BOS\BOS_CLIcommands.o
 .text.setBaudrateCommand
                0x08009718       0xc0 BOS\BOS_CLIcommands.o
 .text.uuidCommand
                0x080097d8       0x90 BOS\BOS_CLIcommands.o
 .text.idcodeCommand
                0x08009868       0x7c BOS\BOS_CLIcommands.o
 .text.flashsizeCommand
                0x080098e4       0x34 BOS\BOS_CLIcommands.o
 .text.snipCommand
                0x08009918      0x328 BOS\BOS_CLIcommands.o
 .text.actSnipCommand
                0x08009c40       0xb8 BOS\BOS_CLIcommands.o
 .text.pauseSnipCommand
                0x08009cf8       0xb8 BOS\BOS_CLIcommands.o
 .text.delSnipCommand
                0x08009db0      0x1d4 BOS\BOS_CLIcommands.o
 .text.bridgeCommand
                0x08009f84      0x11c BOS\BOS_CLIcommands.o
 .text.unbridgeCommand
                0x0800a0a0      0x11c BOS\BOS_CLIcommands.o
 .text.testportCommand
                0x0800a1bc      0x2d8 BOS\BOS_CLIcommands.o
 .text.ADCReadCommand
                0x0800a494      0x114 BOS\BOS_CLIcommands.o
 .text.ReadTempCommand
                0x0800a5a8       0x54 BOS\BOS_CLIcommands.o
 .text.ReadVrefCommand
                0x0800a5fc       0x54 BOS\BOS_CLIcommands.o
 .text.GetReadPercentageCommand
                0x0800a650      0x108 BOS\BOS_CLIcommands.o
 .text.StartDMAstream
                0x0800a758       0xb0 BOS\BOS_dma.o
                0x0800a758                StartDMAstream
 .text.DMA_IRQHandler
                0x0800a808      0x118 BOS\BOS_dma.o
                0x0800a808                DMA_IRQHandler
 .text.ResetUartORE
                0x0800a920       0x48 BOS\BOS_dma.o
                0x0800a920                ResetUartORE
 .text.MX_FREERTOS_Init
                0x0800a968      0x214 BOS\BOS_freertos.o
                0x0800a968                MX_FREERTOS_Init
 .text.StartDefaultTask
                0x0800ab7c       0xf8 BOS\BOS_freertos.o
                0x0800ab7c                StartDefaultTask
 .text.vMainConfigureTimerForRunTimeStats
                0x0800ac74       0x2c BOS\BOS_freertos.o
                0x0800ac74                vMainConfigureTimerForRunTimeStats
 .text.ulMainGetRunTimeCounterValue
                0x0800aca0       0x9c BOS\BOS_freertos.o
                0x0800aca0                ulMainGetRunTimeCounterValue
 .text.SetupDMAStreams
                0x0800ad3c      0x3c8 BOS\BOS_messaging.o
                0x0800ad3c                SetupDMAStreams
 .text.StreamTimerCallback
                0x0800b104       0xa4 BOS\BOS_messaging.o
                0x0800b104                StreamTimerCallback
 .text.ForwardReceivedMessage
                0x0800b1a8       0x8c BOS\BOS_messaging.o
                0x0800b1a8                ForwardReceivedMessage
 .text.BroadcastReceivedMessage
                0x0800b234       0x70 BOS\BOS_messaging.o
                0x0800b234                BroadcastReceivedMessage
 .text.NotifyMessagingTask
                0x0800b2a4       0x90 BOS\BOS_messaging.o
                0x0800b2a4                NotifyMessagingTask
 .text.BroadcastMessage
                0x0800b334       0x94 BOS\BOS_messaging.o
                0x0800b334                BroadcastMessage
 .text.SendMessageToModule
                0x0800b3c8       0xa4 BOS\BOS_messaging.o
                0x0800b3c8                SendMessageToModule
 .text.SendLargeMessageToModule
                0x0800b46c      0x10c BOS\BOS_messaging.o
                0x0800b46c                SendLargeMessageToModule
 .text.SendMessageFromPort
                0x0800b578      0x4e8 BOS\BOS_messaging.o
                0x0800b578                SendMessageFromPort
 .text.StartScastDMAStream
                0x0800ba60      0x314 BOS\BOS_messaging.o
                0x0800ba60                StartScastDMAStream
 .text.__NVIC_SystemReset
                0x0800bd74       0x24 BOS\BOS_msgparser.o
 .text.BackEndTask
                0x0800bd98      0xbb8 BOS\BOS_msgparser.o
                0x0800bd98                BackEndTask
 .text.PxMessagingTask
                0x0800c950      0x724 BOS\BOS_msgparser.o
                0x0800c950                PxMessagingTask
 .text.User_MessagingParser
                0x0800d074       0x3a BOS\BOS_msgparser.o
                0x0800d074                User_MessagingParser
 *fill*         0x0800d0ae        0x2 
 .text.HandlePingCode
                0x0800d0b0       0x74 BOS\BOS_msgparser.o
 .text.HandlePingResponseCode
                0x0800d124       0xd4 BOS\BOS_msgparser.o
 .text.HandleHiCode
                0x0800d1f8      0x110 BOS\BOS_msgparser.o
 .text.HandleHiResponseCode
                0x0800d308       0xc8 BOS\BOS_msgparser.o
 .text.HandleEthernetDefaultValuesCode
                0x0800d3d0      0x3e8 BOS\BOS_msgparser.o
 .text.HandleExploreAdjacentCode
                0x0800d7b8       0xe4 BOS\BOS_msgparser.o
 .text.HandleExploreAdjacentResponseCode
                0x0800d89c       0xfc BOS\BOS_msgparser.o
 .text.HandlePortDirectionCode
                0x0800d998       0xcc BOS\BOS_msgparser.o
 .text.HandleModuleIDCode
                0x0800da64       0xec BOS\BOS_msgparser.o
 .text.HandleTopologyCode
                0x0800db50      0x128 BOS\BOS_msgparser.o
 .text.HandleReadPortDirectionResponseCode
                0x0800dc78       0xd0 BOS\BOS_msgparser.o
 .text.HandleBaudRateCode
                0x0800dd48      0x190 BOS\BOS_msgparser.o
 .text.HandleExploreEEPROMCode
                0x0800ded8       0x4c BOS\BOS_msgparser.o
 .text.HandleDefArrayCode
                0x0800df24       0x50 BOS\BOS_msgparser.o
 .text.HandleCLICommandCode
                0x0800df74      0x1a8 BOS\BOS_msgparser.o
 .text.HandleCLIResponseCode
                0x0800e11c      0x114 BOS\BOS_msgparser.o
 .text.HandleUpdateCode
                0x0800e230       0x48 BOS\BOS_msgparser.o
 .text.HandleUpdateViaPortCode
                0x0800e278       0x94 BOS\BOS_msgparser.o
 .text.HandleDMAChannelCode
                0x0800e30c      0x544 BOS\BOS_msgparser.o
 .text.HandleDMASingleCastStreamCode
                0x0800e850      0x14c BOS\BOS_msgparser.o
 .text.HandleReadRemoteCode
                0x0800e99c      0x4b4 BOS\BOS_msgparser.o
 .text.HandleReadRemoteResponseCode
                0x0800ee50      0x35c BOS\BOS_msgparser.o
 .text.HandleWriteRemoteCode
                0x0800f1ac      0x96c BOS\BOS_msgparser.o
 .text.HandleWriteRemoteResponseCode
                0x0800fb18       0x58 BOS\BOS_msgparser.o
 .text.HandlePortForwardCode
                0x0800fb70       0xa8 BOS\BOS_msgparser.o
 .text.HandleReadADCVauleCode
                0x0800fc18       0xcc BOS\BOS_msgparser.o
 .text.HandleReadTempAndVrefCode
                0x0800fce4       0x48 BOS\BOS_msgparser.o
 .text.HandleAckAcceptedCode
                0x0800fd2c       0x3c BOS\BOS_msgparser.o
 .text.HandleRejectedCode
                0x0800fd68       0x3c BOS\BOS_msgparser.o
 .text.HandleReadResponseCode
                0x0800fda4      0x5c0 BOS\BOS_msgparser.o
 .text.HandleStopModeUartxCode
                0x08010364       0x74 BOS\BOS_msgparser.o
 .text.HandleEnStandbyModeWakeupPinxCode
                0x080103d8       0x74 BOS\BOS_msgparser.o
 .text.HandleRawDataCode
                0x0801044c       0xdc BOS\BOS_msgparser.o
 .text.HandleDefaultCode
                0x08010528       0xac BOS\BOS_msgparser.o
 .text.SystemClock_Config
                0x080105d4       0xb4 H18R1\H18R1.o
                0x080105d4                SystemClock_Config
 .text.EnableStopModebyUARTx
                0x08010688       0xb8 H18R1\H18R1.o
                0x08010688                EnableStopModebyUARTx
 .text.EnableStandbyModebyWakeupPinx
                0x08010740       0x64 H18R1\H18R1.o
                0x08010740                EnableStandbyModebyWakeupPinx
 .text.DisableStandbyModeWakeupPinx
                0x080107a4       0x98 H18R1\H18R1.o
                0x080107a4                DisableStandbyModeWakeupPinx
 .text.SaveTopologyToRO
                0x0801083c      0x1bc H18R1\H18R1.o
                0x0801083c                SaveTopologyToRO
 .text.SaveSnippetsToRO
                0x080109f8      0x1f8 H18R1\H18R1.o
                0x080109f8                SaveSnippetsToRO
 .text.ClearROtopology
                0x08010bf0       0x38 H18R1\H18R1.o
                0x08010bf0                ClearROtopology
 .text.RemoteBootloaderUpdate
                0x08010c28      0x178 H18R1\H18R1.o
                0x08010c28                RemoteBootloaderUpdate
 .text.SetupPortForRemoteBootloaderUpdate
                0x08010da0       0x52 H18R1\H18R1.o
                0x08010da0                SetupPortForRemoteBootloaderUpdate
 *fill*         0x08010df2        0x2 
 .text.Module_Peripheral_Init
                0x08010df4      0x138 H18R1\H18R1.o
                0x08010df4                Module_Peripheral_Init
 .text.GetModuleParameter
                0x08010f2c       0x2a H18R1\H18R1.o
                0x08010f2c                GetModuleParameter
 *fill*         0x08010f56        0x2 
 .text.Module_MessagingTask
                0x08010f58      0x198 H18R1\H18R1.o
                0x08010f58                Module_MessagingTask
 .text.GetPort  0x080110f0       0x6c H18R1\H18R1.o
                0x080110f0                GetPort
 .text.RegisterModuleCLICommands
                0x0801115c       0x30 H18R1\H18R1.o
                0x0801115c                RegisterModuleCLICommands
 .text.MotorPWM
                0x0801118c       0xdc H18R1\H18R1.o
                0x0801118c                MotorPWM
 .text.MotorTurnOn
                0x08011268       0x36 H18R1\H18R1.o
                0x08011268                MotorTurnOn
 *fill*         0x0801129e        0x2 
 .text.MotorTurnOff
                0x080112a0       0x6c H18R1\H18R1.o
                0x080112a0                MotorTurnOff
 .text.MotorSpeedControl
                0x0801130c      0x148 H18R1\H18R1.o
                0x0801130c                MotorSpeedControl
 .text.CLI_Turn_ONCommand
                0x08011454      0x174 H18R1\H18R1.o
                0x08011454                CLI_Turn_ONCommand
 .text.CLI_Turn_OFFCommand
                0x080115c8       0xdc H18R1\H18R1.o
                0x080115c8                CLI_Turn_OFFCommand
 .text.CLI_Turn_PWMCommand
                0x080116a4      0x1e8 H18R1\H18R1.o
                0x080116a4                CLI_Turn_PWMCommand
 .text.DMA_Init
                0x0801188c       0x74 H18R1\H18R1_dma.o
                0x0801188c                DMA_Init
 .text.SetupMessagingRxDMAs
                0x08011900       0xf4 H18R1\H18R1_dma.o
                0x08011900                SetupMessagingRxDMAs
 .text.DMA_MSG_RX_Setup
                0x080119f4       0x68 H18R1\H18R1_dma.o
                0x080119f4                DMA_MSG_RX_Setup
 .text.DMA_STREAM_Setup
                0x08011a5c       0xf0 H18R1\H18R1_dma.o
                0x08011a5c                DMA_STREAM_Setup
 .text.StopDMA  0x08011b4c       0x98 H18R1\H18R1_dma.o
                0x08011b4c                StopDMA
 .text.SwitchMsgDMAToStream
                0x08011be4       0x52 H18R1\H18R1_dma.o
                0x08011be4                SwitchMsgDMAToStream
 *fill*         0x08011c36        0x2 
 .text.SwitchStreamDMAToMsg
                0x08011c38       0xc8 H18R1\H18R1_dma.o
                0x08011c38                SwitchStreamDMAToMsg
 .text.CRC_Init
                0x08011d00       0x44 H18R1\H18R1_dma.o
                0x08011d00                CRC_Init
 .text.HAL_CRC_MspInit
                0x08011d44       0x30 H18R1\H18R1_dma.o
                0x08011d44                HAL_CRC_MspInit
 .text.CalculateCRC8
                0x08011d74      0x154 H18R1\H18R1_dma.o
                0x08011d74                CalculateCRC8
 .text.__NVIC_SystemReset
                0x08011ec8       0x24 H18R1\H18R1_eeprom.o
 .text.EE_Init  0x08011eec       0x56 H18R1\H18R1_eeprom.o
                0x08011eec                EE_Init
 .text.EE_ReadVariable
                0x08011f42       0x42 H18R1\H18R1_eeprom.o
                0x08011f42                EE_ReadVariable
 .text.EE_WriteVariable
                0x08011f84       0x72 H18R1\H18R1_eeprom.o
                0x08011f84                EE_WriteVariable
 .text.EE_Format
                0x08011ff6       0x3a H18R1\H18R1_eeprom.o
                0x08011ff6                EE_Format
 .text.EE_FormatForFactoryReset
                0x08012030       0x2c H18R1\H18R1_eeprom.o
                0x08012030                EE_FormatForFactoryReset
 .text.GPIO_Init
                0x0801205c       0x90 H18R1\H18R1_gpio.o
                0x0801205c                GPIO_Init
 .text.IND_LED_Init
                0x080120ec       0x38 H18R1\H18R1_gpio.o
                0x080120ec                IND_LED_Init
 .text.GPIO_MotorA_Init
                0x08012124       0xbc H18R1\H18R1_gpio.o
                0x08012124                GPIO_MotorA_Init
 .text.GPIO_MotorB_Init
                0x080121e0       0x94 H18R1\H18R1_gpio.o
                0x080121e0                GPIO_MotorB_Init
 .text.IsFactoryReset
                0x08012274      0x15c H18R1\H18R1_gpio.o
                0x08012274                IsFactoryReset
 .text.GetPortGPIOs
                0x080123d0      0x11c H18R1\H18R1_gpio.o
                0x080123d0                GetPortGPIOs
 .text.MX_ADC_Init
                0x080124ec       0x88 H18R1\H18R1_inputs.o
                0x080124ec                MX_ADC_Init
 .text.HAL_ADC_MspInit
                0x08012574       0xac H18R1\H18R1_inputs.o
                0x08012574                HAL_ADC_MspInit
 .text.Error_Handler
                0x08012620       0x10 H18R1\H18R1_inputs.o
                0x08012620                Error_Handler
 .text.GetChannel
                0x08012630       0x88 H18R1\H18R1_inputs.o
                0x08012630                GetChannel
 .text.GetRank  0x080126b8       0x80 H18R1\H18R1_inputs.o
                0x080126b8                GetRank
 .text.CheckAttachedButtons
                0x08012738      0x504 H18R1\H18R1_inputs.o
                0x08012738                CheckAttachedButtons
 .text.AddPortButton
                0x08012c3c      0x268 H18R1\H18R1_inputs.o
                0x08012c3c                AddPortButton
 .text.RemovePortButton
                0x08012ea4      0x194 H18R1\H18R1_inputs.o
                0x08012ea4                RemovePortButton
 .text.SetButtonEvents
                0x08013038      0x1b8 H18R1\H18R1_inputs.o
                0x08013038                SetButtonEvents
 .text.ADCSelectPort
                0x080131f0       0x98 H18R1\H18R1_inputs.o
                0x080131f0                ADCSelectPort
 .text.ReadADCChannel
                0x08013288      0x1a0 H18R1\H18R1_inputs.o
                0x08013288                ReadADCChannel
 .text.ReadTempAndVref
                0x08013428      0x1d0 H18R1\H18R1_inputs.o
                0x08013428                ReadTempAndVref
 .text.GetReadPercentage
                0x080135f8       0x6c H18R1\H18R1_inputs.o
                0x080135f8                GetReadPercentage
 .text.buttonReleasedCallback
                0x08013664       0x14 H18R1\H18R1_inputs.o
                0x08013664                buttonReleasedCallback
 .text.buttonClickedCallback
                0x08013678       0x14 H18R1\H18R1_inputs.o
                0x08013678                buttonClickedCallback
 .text.buttonDblClickedCallback
                0x0801368c       0x14 H18R1\H18R1_inputs.o
                0x0801368c                buttonDblClickedCallback
 .text.__NVIC_SystemReset
                0x080136a0       0x24 H18R1\H18R1_it.o
 .text.SysTick_Handler
                0x080136c4       0x12 H18R1\H18R1_it.o
                0x080136c4                SysTick_Handler
 *fill*         0x080136d6        0x2 
 .text.HardFault_Handler
                0x080136d8       0x40 H18R1\H18R1_it.o
                0x080136d8                HardFault_Handler
 .text.HAL_UARTEx_RxEventCallback
                0x08013718       0x74 H18R1\H18R1_it.o
                0x08013718                HAL_UARTEx_RxEventCallback
 .text.USART1_IRQHandler
                0x0801378c       0xac H18R1\H18R1_it.o
                0x0801378c                USART1_IRQHandler
 .text.USART2_LPUART2_IRQHandler
                0x08013838       0xac H18R1\H18R1_it.o
                0x08013838                USART2_LPUART2_IRQHandler
 .text.USART3_4_5_6_LPUART1_IRQHandler
                0x080138e4      0x1bc H18R1\H18R1_it.o
                0x080138e4                USART3_4_5_6_LPUART1_IRQHandler
 .text.DMA1_Channel1_IRQHandler
                0x08013aa0       0x20 H18R1\H18R1_it.o
                0x08013aa0                DMA1_Channel1_IRQHandler
 .text.DMA1_Channel2_3_IRQHandler
                0x08013ac0       0x54 H18R1\H18R1_it.o
                0x08013ac0                DMA1_Channel2_3_IRQHandler
 .text.DMA1_Ch4_7_DMA2_Ch1_5_DMAMUX1_OVR_IRQHandler
                0x08013b14       0x5c H18R1\H18R1_it.o
                0x08013b14                DMA1_Ch4_7_DMA2_Ch1_5_DMAMUX1_OVR_IRQHandler
 .text.HAL_UART_TxCpltCallback
                0x08013b70       0x48 H18R1\H18R1_it.o
                0x08013b70                HAL_UART_TxCpltCallback
 .text.HAL_UART_ErrorCallback
                0x08013bb8       0xd4 H18R1\H18R1_it.o
                0x08013bb8                HAL_UART_ErrorCallback
 .text.HAL_UART_RxCpltCallback
                0x08013c8c       0x10 H18R1\H18R1_it.o
                0x08013c8c                HAL_UART_RxCpltCallback
 .text.HAL_UARTEx_WakeupCallback
                0x08013c9c       0x5c H18R1\H18R1_it.o
                0x08013c9c                HAL_UARTEx_WakeupCallback
 .text.vApplicationStackOverflowHook
                0x08013cf8       0x44 H18R1\H18R1_it.o
                0x08013cf8                vApplicationStackOverflowHook
 .text.vApplicationMallocFailedHook
                0x08013d3c       0x40 H18R1\H18R1_it.o
                0x08013d3c                vApplicationMallocFailedHook
 .text.RTC_Init
                0x08013d7c       0xd8 H18R1\H18R1_rtc.o
                0x08013d7c                RTC_Init
 .text.RTC_CalendarConfig
                0x08013e54      0x18c H18R1\H18R1_rtc.o
                0x08013e54                RTC_CalendarConfig
 .text.BOS_CalendarConfig
                0x08013fe0      0x194 H18R1\H18R1_rtc.o
                0x08013fe0                BOS_CalendarConfig
 .text.GetTimeDate
                0x08014174       0x90 H18R1\H18R1_rtc.o
                0x08014174                GetTimeDate
 .text.HAL_RTC_MspInit
                0x08014204       0x74 H18R1\H18R1_rtc.o
                0x08014204                HAL_RTC_MspInit
 .text.HAL_RTC_MspDeInit
                0x08014278       0x44 H18R1\H18R1_rtc.o
                0x08014278                HAL_RTC_MspDeInit
 .text.MX_TIM2_Init
                0x080142bc      0x104 H18R1\H18R1_timers.o
                0x080142bc                MX_TIM2_Init
 .text.MX_TIM3_Init
                0x080143c0      0x104 H18R1\H18R1_timers.o
                0x080143c0                MX_TIM3_Init
 .text.HAL_TIM_MspPostInit
                0x080144c4       0xd0 H18R1\H18R1_timers.o
                0x080144c4                HAL_TIM_MspPostInit
 .text.TIM_USEC_Init
                0x08014594       0x74 H18R1\H18R1_timers.o
                0x08014594                TIM_USEC_Init
 .text.TIM_MSEC_Init
                0x08014608       0x78 H18R1\H18R1_timers.o
                0x08014608                TIM_MSEC_Init
 .text.StartMicroDelay
                0x08014680       0x48 H18R1\H18R1_timers.o
                0x08014680                StartMicroDelay
 .text.StartMilliDelay
                0x080146c8       0x48 H18R1\H18R1_timers.o
                0x080146c8                StartMilliDelay
 .text.MX_USART1_UART_Init
                0x08014710       0x7c H18R1\H18R1_uart.o
                0x08014710                MX_USART1_UART_Init
 .text.MX_USART2_UART_Init
                0x0801478c       0x7c H18R1\H18R1_uart.o
                0x0801478c                MX_USART2_UART_Init
 .text.MX_USART3_UART_Init
                0x08014808       0x7c H18R1\H18R1_uart.o
                0x08014808                MX_USART3_UART_Init
 .text.MX_USART5_UART_Init
                0x08014884       0x60 H18R1\H18R1_uart.o
                0x08014884                MX_USART5_UART_Init
 .text.MX_USART6_UART_Init
                0x080148e4       0x60 H18R1\H18R1_uart.o
                0x080148e4                MX_USART6_UART_Init
 .text.HAL_UART_MspInit
                0x08014944      0x620 H18R1\H18R1_uart.o
                0x08014944                HAL_UART_MspInit
 .text.writePxMutex
                0x08014f64       0xac H18R1\H18R1_uart.o
                0x08014f64                writePxMutex
 .text.writePxITMutex
                0x08015010       0x80 H18R1\H18R1_uart.o
                0x08015010                writePxITMutex
 .text.UpdateBaudrate
                0x08015090       0x3e H18R1\H18R1_uart.o
                0x08015090                UpdateBaudrate
 *fill*         0x080150ce        0x2 
 .text.GetUart  0x080150d0       0x54 H18R1\H18R1_uart.o
                0x080150d0                GetUart
 .text.SwapUartPins
                0x08015124      0x118 H18R1\H18R1_uart.o
                0x08015124                SwapUartPins
 .text.ReadPortsDir
                0x0801523c       0xa8 H18R1\H18R1_uart.o
                0x0801523c                ReadPortsDir
 .text.ReadPortsDirMSG
                0x080152e4       0x80 H18R1\H18R1_uart.o
                0x080152e4                ReadPortsDirMSG
 .text.UpdateMyPortsDir
                0x08015364       0x84 H18R1\H18R1_uart.o
                0x08015364                UpdateMyPortsDir
 .text.Reset_Handler
                0x080153e8       0x90 H18R1\startup_stm32g0b1ceuxn.o
                0x080153e8                Reset_Handler
 .text.Default_Handler
                0x08015478        0x2 H18R1\startup_stm32g0b1ceuxn.o
                0x08015478                I2C2_3_IRQHandler
                0x08015478                TIM1_CC_IRQHandler
                0x08015478                ADC1_COMP_IRQHandler
                0x08015478                NMI_Handler
                0x08015478                I2C1_IRQHandler
                0x08015478                TIM7_LPTIM2_IRQHandler
                0x08015478                TIM17_FDCAN_IT1_IRQHandler
                0x08015478                RCC_CRS_IRQHandler
                0x08015478                RTC_TAMP_IRQHandler
                0x08015478                SPI1_IRQHandler
                0x08015478                USB_UCPD1_2_IRQHandler
                0x08015478                EXTI2_3_IRQHandler
                0x08015478                PVD_VDDIO2_IRQHandler
                0x08015478                EXTI4_15_IRQHandler
                0x08015478                Default_Handler
                0x08015478                CEC_IRQHandler
                0x08015478                TIM14_IRQHandler
                0x08015478                TIM15_IRQHandler
                0x08015478                TIM3_TIM4_IRQHandler
                0x08015478                EXTI0_1_IRQHandler
                0x08015478                SPI2_3_IRQHandler
                0x08015478                TIM6_DAC_LPTIM1_IRQHandler
                0x08015478                WWDG_IRQHandler
                0x08015478                TIM2_IRQHandler
                0x08015478                FLASH_IRQHandler
                0x08015478                TIM16_FDCAN_IT0_IRQHandler
                0x08015478                TIM1_BRK_UP_TRG_COM_IRQHandler
 .text.SystemInit
                0x0801547a        0xa Thirdparty\CMSIS\STM32G0xx\Device\ST\STM32G0xx\Source\Templates\system_stm32g0xx.o
                0x0801547a                SystemInit
 .text.LL_CRC_ResetCRCCalculationUnit
                0x08015484       0x1c Thirdparty\EEPROM_Emul\Core\eeprom_emul.o
 .text.LL_CRC_SetPolynomialSize
                0x080154a0       0x24 Thirdparty\EEPROM_Emul\Core\eeprom_emul.o
 .text.LL_CRC_SetPolynomialCoef
                0x080154c4       0x18 Thirdparty\EEPROM_Emul\Core\eeprom_emul.o
 .text.LL_CRC_FeedData32
                0x080154dc       0x18 Thirdparty\EEPROM_Emul\Core\eeprom_emul.o
 .text.LL_CRC_FeedData16
                0x080154f4       0x22 Thirdparty\EEPROM_Emul\Core\eeprom_emul.o
 .text.LL_CRC_ReadData16
                0x08015516       0x16 Thirdparty\EEPROM_Emul\Core\eeprom_emul.o
 .text.LL_AHB1_GRP1_EnableClock
                0x0801552c       0x2c Thirdparty\EEPROM_Emul\Core\eeprom_emul.o
 .text.EEPROM_Init
                0x08015558     0x1874 Thirdparty\EEPROM_Emul\Core\eeprom_emul.o
                0x08015558                EEPROM_Init
 .text.EEPROM_Format
                0x08016dcc      0x2a8 Thirdparty\EEPROM_Emul\Core\eeprom_emul.o
                0x08016dcc                EEPROM_Format
 .text.EE_ReadVariable16bits
                0x08017074       0x60 Thirdparty\EEPROM_Emul\Core\eeprom_emul.o
                0x08017074                EE_ReadVariable16bits
 .text.EE_WriteVariable16bits
                0x080170d4       0x48 Thirdparty\EEPROM_Emul\Core\eeprom_emul.o
                0x080170d4                EE_WriteVariable16bits
 .text.EE_CleanUp
                0x0801711c      0x2a4 Thirdparty\EEPROM_Emul\Core\eeprom_emul.o
                0x0801711c                EE_CleanUp
 .text.ReadVariable
                0x080173c0      0x340 Thirdparty\EEPROM_Emul\Core\eeprom_emul.o
 .text.WriteVariable
                0x08017700       0x52 Thirdparty\EEPROM_Emul\Core\eeprom_emul.o
 .text.VerifyPageFullyErased
                0x08017752       0x4e Thirdparty\EEPROM_Emul\Core\eeprom_emul.o
 .text.FindPage
                0x080177a0      0x444 Thirdparty\EEPROM_Emul\Core\eeprom_emul.o
 .text.PagesTransfer
                0x08017be4      0x8ec Thirdparty\EEPROM_Emul\Core\eeprom_emul.o
 .text.VerifyPagesFullWriteVariable
                0x080184d0      0x1ac Thirdparty\EEPROM_Emul\Core\eeprom_emul.o
 .text.SetPageState
                0x0801867c      0x364 Thirdparty\EEPROM_Emul\Core\eeprom_emul.o
 .text.GetPageState
                0x080189e0       0xa0 Thirdparty\EEPROM_Emul\Core\eeprom_emul.o
 .text.ConfigureCrc
                0x08018a80       0x34 Thirdparty\EEPROM_Emul\Core\eeprom_emul.o
                0x08018a80                ConfigureCrc
 .text.CalculateCrc
                0x08018ab4       0x48 Thirdparty\EEPROM_Emul\Core\eeprom_emul.o
                0x08018ab4                CalculateCrc
 .text.FI_WriteDoubleWord
                0x08018afc       0x22 Thirdparty\EEPROM_Emul\Porting\STM32G0\flash_interface.o
                0x08018afc                FI_WriteDoubleWord
 *fill*         0x08018b1e        0x2 
 .text.FI_PageErase
                0x08018b20      0x120 Thirdparty\EEPROM_Emul\Porting\STM32G0\flash_interface.o
                0x08018b20                FI_PageErase
 .text.FI_CacheFlush
                0x08018c40        0xa Thirdparty\EEPROM_Emul\Porting\STM32G0\flash_interface.o
                0x08018c40                FI_CacheFlush
 *fill*         0x08018c4a        0x2 
 .text.GetBankNumber
                0x08018c4c       0x90 Thirdparty\EEPROM_Emul\Porting\STM32G0\flash_interface.o
 .text.FI_CheckBankConfig
                0x08018cdc       0x18 Thirdparty\EEPROM_Emul\Porting\STM32G0\flash_interface.o
                0x08018cdc                FI_CheckBankConfig
 .text.inHandlerMode
                0x08018cf4       0x1c Thirdparty\Middleware\STM32G0xx\FreeRTOS\Source\CMSIS_RTOS\cmsis_os.o
 .text.osKernelStart
                0x08018d10       0x10 Thirdparty\Middleware\STM32G0xx\FreeRTOS\Source\CMSIS_RTOS\cmsis_os.o
                0x08018d10                osKernelStart
 .text.osDelay  0x08018d20       0x28 Thirdparty\Middleware\STM32G0xx\FreeRTOS\Source\CMSIS_RTOS\cmsis_os.o
                0x08018d20                osDelay
 .text.osSemaphoreCreate
                0x08018d48       0x4a Thirdparty\Middleware\STM32G0xx\FreeRTOS\Source\CMSIS_RTOS\cmsis_os.o
                0x08018d48                osSemaphoreCreate
 *fill*         0x08018d92        0x2 
 .text.osSemaphoreWait
                0x08018d94       0x94 Thirdparty\Middleware\STM32G0xx\FreeRTOS\Source\CMSIS_RTOS\cmsis_os.o
                0x08018d94                osSemaphoreWait
 .text.osSemaphoreRelease
                0x08018e28       0x64 Thirdparty\Middleware\STM32G0xx\FreeRTOS\Source\CMSIS_RTOS\cmsis_os.o
                0x08018e28                osSemaphoreRelease
 .text.osSystickHandler
                0x08018e8c       0x18 Thirdparty\Middleware\STM32G0xx\FreeRTOS\Source\CMSIS_RTOS\cmsis_os.o
                0x08018e8c                osSystickHandler
 .text.FreeRTOS_CLIRegisterCommand
                0x08018ea4       0x50 Thirdparty\Middleware\STM32G0xx\FreeRTOS\Source\FreeRTOS_CLI.o
                0x08018ea4                FreeRTOS_CLIRegisterCommand
 .text.FreeRTOS_CLIProcessCommand
                0x08018ef4      0x11c Thirdparty\Middleware\STM32G0xx\FreeRTOS\Source\FreeRTOS_CLI.o
                0x08018ef4                FreeRTOS_CLIProcessCommand
 .text.FreeRTOS_CLIGetOutputBuffer
                0x08019010       0x10 Thirdparty\Middleware\STM32G0xx\FreeRTOS\Source\FreeRTOS_CLI.o
                0x08019010                FreeRTOS_CLIGetOutputBuffer
 .text.FreeRTOS_CLIGetParameter
                0x08019020       0xbc Thirdparty\Middleware\STM32G0xx\FreeRTOS\Source\FreeRTOS_CLI.o
                0x08019020                FreeRTOS_CLIGetParameter
 .text.prvHelpCommand
                0x080190dc      0x154 Thirdparty\Middleware\STM32G0xx\FreeRTOS\Source\FreeRTOS_CLI.o
 .text.prvGetNumberOfParameters
                0x08019230       0x7a Thirdparty\Middleware\STM32G0xx\FreeRTOS\Source\FreeRTOS_CLI.o
 .text.vListInitialise
                0x080192aa       0x3c Thirdparty\Middleware\STM32G0xx\FreeRTOS\Source\list.o
                0x080192aa                vListInitialise
 .text.vListInitialiseItem
                0x080192e6       0x16 Thirdparty\Middleware\STM32G0xx\FreeRTOS\Source\list.o
                0x080192e6                vListInitialiseItem
 .text.vListInsertEnd
                0x080192fc       0x44 Thirdparty\Middleware\STM32G0xx\FreeRTOS\Source\list.o
                0x080192fc                vListInsertEnd
 .text.vListInsert
                0x08019340       0x6c Thirdparty\Middleware\STM32G0xx\FreeRTOS\Source\list.o
                0x08019340                vListInsert
 .text.uxListRemove
                0x080193ac       0x50 Thirdparty\Middleware\STM32G0xx\FreeRTOS\Source\list.o
                0x080193ac                uxListRemove
 .text.pxPortInitialiseStack
                0x080193fc       0x54 Thirdparty\Middleware\STM32G0xx\FreeRTOS\Source\portable\GCC\ARM_CM0\port.o
                0x080193fc                pxPortInitialiseStack
 .text.prvTaskExitError
                0x08019450       0x1e Thirdparty\Middleware\STM32G0xx\FreeRTOS\Source\portable\GCC\ARM_CM0\port.o
 .text.SVC_Handler
                0x0801946e        0xa Thirdparty\Middleware\STM32G0xx\FreeRTOS\Source\portable\GCC\ARM_CM0\port.o
                0x0801946e                SVC_Handler
 *fill*         0x08019478        0x8 
 .text.vPortStartFirstTask
                0x08019480       0x38 Thirdparty\Middleware\STM32G0xx\FreeRTOS\Source\portable\GCC\ARM_CM0\port.o
 .text.xPortStartScheduler
                0x080194b8       0x48 Thirdparty\Middleware\STM32G0xx\FreeRTOS\Source\portable\GCC\ARM_CM0\port.o
                0x080194b8                xPortStartScheduler
 .text.vPortYield
                0x08019500       0x20 Thirdparty\Middleware\STM32G0xx\FreeRTOS\Source\portable\GCC\ARM_CM0\port.o
                0x08019500                vPortYield
 .text.vPortEnterCritical
                0x08019520       0x24 Thirdparty\Middleware\STM32G0xx\FreeRTOS\Source\portable\GCC\ARM_CM0\port.o
                0x08019520                vPortEnterCritical
 .text.vPortExitCritical
                0x08019544       0x24 Thirdparty\Middleware\STM32G0xx\FreeRTOS\Source\portable\GCC\ARM_CM0\port.o
                0x08019544                vPortExitCritical
 .text.ulSetInterruptMaskFromISR
                0x08019568        0xc Thirdparty\Middleware\STM32G0xx\FreeRTOS\Source\portable\GCC\ARM_CM0\port.o
                0x08019568                ulSetInterruptMaskFromISR
 .text.vClearInterruptMaskFromISR
                0x08019574        0x8 Thirdparty\Middleware\STM32G0xx\FreeRTOS\Source\portable\GCC\ARM_CM0\port.o
                0x08019574                vClearInterruptMaskFromISR
 *fill*         0x0801957c        0x4 
 .text.PendSV_Handler
                0x08019580       0x48 Thirdparty\Middleware\STM32G0xx\FreeRTOS\Source\portable\GCC\ARM_CM0\port.o
                0x08019580                PendSV_Handler
 .text.xPortSysTickHandler
                0x080195c8       0x34 Thirdparty\Middleware\STM32G0xx\FreeRTOS\Source\portable\GCC\ARM_CM0\port.o
                0x080195c8                xPortSysTickHandler
 .text.vPortSetupTimerInterrupt
                0x080195fc       0x44 Thirdparty\Middleware\STM32G0xx\FreeRTOS\Source\portable\GCC\ARM_CM0\port.o
                0x080195fc                vPortSetupTimerInterrupt
 .text.pvPortMalloc
                0x08019640      0x140 Thirdparty\Middleware\STM32G0xx\FreeRTOS\Source\portable\MemMang\heap_4.o
                0x08019640                pvPortMalloc
 .text.vPortFree
                0x08019780       0x80 Thirdparty\Middleware\STM32G0xx\FreeRTOS\Source\portable\MemMang\heap_4.o
                0x08019780                vPortFree
 .text.prvHeapInit
                0x08019800       0xc0 Thirdparty\Middleware\STM32G0xx\FreeRTOS\Source\portable\MemMang\heap_4.o
 .text.prvInsertBlockIntoFreeList
                0x080198c0       0xb0 Thirdparty\Middleware\STM32G0xx\FreeRTOS\Source\portable\MemMang\heap_4.o
 .text.xQueueGenericReset
                0x08019970       0x9e Thirdparty\Middleware\STM32G0xx\FreeRTOS\Source\queue.o
                0x08019970                xQueueGenericReset
 .text.xQueueGenericCreate
                0x08019a0e       0x52 Thirdparty\Middleware\STM32G0xx\FreeRTOS\Source\queue.o
                0x08019a0e                xQueueGenericCreate
 .text.prvInitialiseNewQueue
                0x08019a60       0x4e Thirdparty\Middleware\STM32G0xx\FreeRTOS\Source\queue.o
 .text.xQueueCreateCountingSemaphore
                0x08019aae       0x30 Thirdparty\Middleware\STM32G0xx\FreeRTOS\Source\queue.o
                0x08019aae                xQueueCreateCountingSemaphore
 .text.xQueueGenericSend
                0x08019ade      0x12a Thirdparty\Middleware\STM32G0xx\FreeRTOS\Source\queue.o
                0x08019ade                xQueueGenericSend
 .text.xQueueGenericSendFromISR
                0x08019c08       0xa6 Thirdparty\Middleware\STM32G0xx\FreeRTOS\Source\queue.o
                0x08019c08                xQueueGenericSendFromISR
 .text.xQueueGiveFromISR
                0x08019cae       0x96 Thirdparty\Middleware\STM32G0xx\FreeRTOS\Source\queue.o
                0x08019cae                xQueueGiveFromISR
 .text.xQueueReceive
                0x08019d44      0x128 Thirdparty\Middleware\STM32G0xx\FreeRTOS\Source\queue.o
                0x08019d44                xQueueReceive
 .text.xQueueSemaphoreTake
                0x08019e6c      0x178 Thirdparty\Middleware\STM32G0xx\FreeRTOS\Source\queue.o
                0x08019e6c                xQueueSemaphoreTake
 .text.xQueueReceiveFromISR
                0x08019fe4       0xa0 Thirdparty\Middleware\STM32G0xx\FreeRTOS\Source\queue.o
                0x08019fe4                xQueueReceiveFromISR
 .text.prvGetDisinheritPriorityAfterTimeout
                0x0801a084       0x2c Thirdparty\Middleware\STM32G0xx\FreeRTOS\Source\queue.o
 .text.prvCopyDataToQueue
                0x0801a0b0       0xd6 Thirdparty\Middleware\STM32G0xx\FreeRTOS\Source\queue.o
 .text.prvCopyDataFromQueue
                0x0801a186       0x4c Thirdparty\Middleware\STM32G0xx\FreeRTOS\Source\queue.o
 .text.prvUnlockQueue
                0x0801a1d2       0xbc Thirdparty\Middleware\STM32G0xx\FreeRTOS\Source\queue.o
 .text.prvIsQueueEmpty
                0x0801a28e       0x2c Thirdparty\Middleware\STM32G0xx\FreeRTOS\Source\queue.o
 .text.prvIsQueueFull
                0x0801a2ba       0x30 Thirdparty\Middleware\STM32G0xx\FreeRTOS\Source\queue.o
 *fill*         0x0801a2ea        0x2 
 .text.vQueueAddToRegistry
                0x0801a2ec       0x50 Thirdparty\Middleware\STM32G0xx\FreeRTOS\Source\queue.o
                0x0801a2ec                vQueueAddToRegistry
 .text.vQueueWaitForMessageRestricted
                0x0801a33c       0x66 Thirdparty\Middleware\STM32G0xx\FreeRTOS\Source\queue.o
                0x0801a33c                vQueueWaitForMessageRestricted
 .text.xTaskCreate
                0x0801a3a2       0x90 Thirdparty\Middleware\STM32G0xx\FreeRTOS\Source\tasks.o
                0x0801a3a2                xTaskCreate
 *fill*         0x0801a432        0x2 
 .text.prvInitialiseNewTask
                0x0801a434      0x10c Thirdparty\Middleware\STM32G0xx\FreeRTOS\Source\tasks.o
 .text.prvAddNewTaskToReadyList
                0x0801a540       0xd0 Thirdparty\Middleware\STM32G0xx\FreeRTOS\Source\tasks.o
 .text.vTaskDelay
                0x0801a610       0x3a Thirdparty\Middleware\STM32G0xx\FreeRTOS\Source\tasks.o
                0x0801a610                vTaskDelay
 *fill*         0x0801a64a        0x2 
 .text.eTaskGetState
                0x0801a64c       0xd0 Thirdparty\Middleware\STM32G0xx\FreeRTOS\Source\tasks.o
                0x0801a64c                eTaskGetState
 .text.uxTaskPriorityGet
                0x0801a71c       0x34 Thirdparty\Middleware\STM32G0xx\FreeRTOS\Source\tasks.o
                0x0801a71c                uxTaskPriorityGet
 .text.vTaskPrioritySet
                0x0801a750      0x110 Thirdparty\Middleware\STM32G0xx\FreeRTOS\Source\tasks.o
                0x0801a750                vTaskPrioritySet
 .text.vTaskStartScheduler
                0x0801a860       0x74 Thirdparty\Middleware\STM32G0xx\FreeRTOS\Source\tasks.o
                0x0801a860                vTaskStartScheduler
 .text.vTaskSuspendAll
                0x0801a8d4       0x18 Thirdparty\Middleware\STM32G0xx\FreeRTOS\Source\tasks.o
                0x0801a8d4                vTaskSuspendAll
 .text.xTaskResumeAll
                0x0801a8ec      0x10c Thirdparty\Middleware\STM32G0xx\FreeRTOS\Source\tasks.o
                0x0801a8ec                xTaskResumeAll
 .text.xTaskGetTickCount
                0x0801a9f8       0x1c Thirdparty\Middleware\STM32G0xx\FreeRTOS\Source\tasks.o
                0x0801a9f8                xTaskGetTickCount
 .text.xTaskGetTickCountFromISR
                0x0801aa14       0x20 Thirdparty\Middleware\STM32G0xx\FreeRTOS\Source\tasks.o
                0x0801aa14                xTaskGetTickCountFromISR
 .text.uxTaskGetSystemState
                0x0801aa34      0x120 Thirdparty\Middleware\STM32G0xx\FreeRTOS\Source\tasks.o
                0x0801aa34                uxTaskGetSystemState
 .text.xTaskIncrementTick
                0x0801ab54      0x150 Thirdparty\Middleware\STM32G0xx\FreeRTOS\Source\tasks.o
                0x0801ab54                xTaskIncrementTick
 .text.vTaskSwitchContext
                0x0801aca4      0x124 Thirdparty\Middleware\STM32G0xx\FreeRTOS\Source\tasks.o
                0x0801aca4                vTaskSwitchContext
 .text.vTaskPlaceOnEventList
                0x0801adc8       0x34 Thirdparty\Middleware\STM32G0xx\FreeRTOS\Source\tasks.o
                0x0801adc8                vTaskPlaceOnEventList
 .text.vTaskPlaceOnEventListRestricted
                0x0801adfc       0x44 Thirdparty\Middleware\STM32G0xx\FreeRTOS\Source\tasks.o
                0x0801adfc                vTaskPlaceOnEventListRestricted
 .text.xTaskRemoveFromEventList
                0x0801ae40       0xb0 Thirdparty\Middleware\STM32G0xx\FreeRTOS\Source\tasks.o
                0x0801ae40                xTaskRemoveFromEventList
 .text.vTaskInternalSetTimeOutState
                0x0801aef0       0x28 Thirdparty\Middleware\STM32G0xx\FreeRTOS\Source\tasks.o
                0x0801aef0                vTaskInternalSetTimeOutState
 .text.xTaskCheckForTimeOut
                0x0801af18       0x8c Thirdparty\Middleware\STM32G0xx\FreeRTOS\Source\tasks.o
                0x0801af18                xTaskCheckForTimeOut
 .text.vTaskMissedYield
                0x0801afa4       0x14 Thirdparty\Middleware\STM32G0xx\FreeRTOS\Source\tasks.o
                0x0801afa4                vTaskMissedYield
 .text.prvIdleTask
                0x0801afb8       0x20 Thirdparty\Middleware\STM32G0xx\FreeRTOS\Source\tasks.o
 .text.prvInitialiseTaskLists
                0x0801afd8       0x88 Thirdparty\Middleware\STM32G0xx\FreeRTOS\Source\tasks.o
 .text.prvCheckTasksWaitingTermination
                0x0801b060       0x5c Thirdparty\Middleware\STM32G0xx\FreeRTOS\Source\tasks.o
 .text.vTaskGetInfo
                0x0801b0bc       0xd8 Thirdparty\Middleware\STM32G0xx\FreeRTOS\Source\tasks.o
                0x0801b0bc                vTaskGetInfo
 .text.prvListTasksWithinSingleList
                0x0801b194       0xa6 Thirdparty\Middleware\STM32G0xx\FreeRTOS\Source\tasks.o
 .text.prvTaskCheckFreeStackSpace
                0x0801b23a       0x34 Thirdparty\Middleware\STM32G0xx\FreeRTOS\Source\tasks.o
 .text.prvDeleteTCB
                0x0801b26e       0x22 Thirdparty\Middleware\STM32G0xx\FreeRTOS\Source\tasks.o
 .text.prvResetNextTaskUnblockTime
                0x0801b290       0x3c Thirdparty\Middleware\STM32G0xx\FreeRTOS\Source\tasks.o
 .text.xTaskGetSchedulerState
                0x0801b2cc       0x38 Thirdparty\Middleware\STM32G0xx\FreeRTOS\Source\tasks.o
                0x0801b2cc                xTaskGetSchedulerState
 .text.xTaskPriorityInherit
                0x0801b304       0xd0 Thirdparty\Middleware\STM32G0xx\FreeRTOS\Source\tasks.o
                0x0801b304                xTaskPriorityInherit
 .text.xTaskPriorityDisinherit
                0x0801b3d4       0x98 Thirdparty\Middleware\STM32G0xx\FreeRTOS\Source\tasks.o
                0x0801b3d4                xTaskPriorityDisinherit
 .text.vTaskPriorityDisinheritAfterTimeout
                0x0801b46c       0xc0 Thirdparty\Middleware\STM32G0xx\FreeRTOS\Source\tasks.o
                0x0801b46c                vTaskPriorityDisinheritAfterTimeout
 .text.prvWriteNameToBuffer
                0x0801b52c       0x52 Thirdparty\Middleware\STM32G0xx\FreeRTOS\Source\tasks.o
 *fill*         0x0801b57e        0x2 
 .text.vTaskList
                0x0801b580      0x14c Thirdparty\Middleware\STM32G0xx\FreeRTOS\Source\tasks.o
                0x0801b580                vTaskList
 .text.vTaskGetRunTimeStats
                0x0801b6cc      0x118 Thirdparty\Middleware\STM32G0xx\FreeRTOS\Source\tasks.o
                0x0801b6cc                vTaskGetRunTimeStats
 .text.pvTaskIncrementMutexHeldCount
                0x0801b7e4       0x24 Thirdparty\Middleware\STM32G0xx\FreeRTOS\Source\tasks.o
                0x0801b7e4                pvTaskIncrementMutexHeldCount
 .text.ulTaskNotifyTake
                0x0801b808       0x84 Thirdparty\Middleware\STM32G0xx\FreeRTOS\Source\tasks.o
                0x0801b808                ulTaskNotifyTake
 .text.xTaskGenericNotify
                0x0801b88c      0x104 Thirdparty\Middleware\STM32G0xx\FreeRTOS\Source\tasks.o
                0x0801b88c                xTaskGenericNotify
 .text.xTaskGenericNotifyFromISR
                0x0801b990      0x140 Thirdparty\Middleware\STM32G0xx\FreeRTOS\Source\tasks.o
                0x0801b990                xTaskGenericNotifyFromISR
 .text.vTaskNotifyGiveFromISR
                0x0801bad0       0xd8 Thirdparty\Middleware\STM32G0xx\FreeRTOS\Source\tasks.o
                0x0801bad0                vTaskNotifyGiveFromISR
 .text.prvAddCurrentTaskToDelayedList
                0x0801bba8       0xa8 Thirdparty\Middleware\STM32G0xx\FreeRTOS\Source\tasks.o
 .text.xTimerCreateTimerTask
                0x0801bc50       0x4c Thirdparty\Middleware\STM32G0xx\FreeRTOS\Source\timers.o
                0x0801bc50                xTimerCreateTimerTask
 .text.xTimerCreate
                0x0801bc9c       0x46 Thirdparty\Middleware\STM32G0xx\FreeRTOS\Source\timers.o
                0x0801bc9c                xTimerCreate
 .text.prvInitialiseNewTimer
                0x0801bce2       0x5a Thirdparty\Middleware\STM32G0xx\FreeRTOS\Source\timers.o
 .text.xTimerGenericCommand
                0x0801bd3c       0x8c Thirdparty\Middleware\STM32G0xx\FreeRTOS\Source\timers.o
                0x0801bd3c                xTimerGenericCommand
 .text.prvProcessExpiredTimer
                0x0801bdc8       0x80 Thirdparty\Middleware\STM32G0xx\FreeRTOS\Source\timers.o
 .text.prvTimerTask
                0x0801be48       0x28 Thirdparty\Middleware\STM32G0xx\FreeRTOS\Source\timers.o
 .text.prvProcessTimerOrBlockTask
                0x0801be70       0x90 Thirdparty\Middleware\STM32G0xx\FreeRTOS\Source\timers.o
 .text.prvGetNextExpireTime
                0x0801bf00       0x44 Thirdparty\Middleware\STM32G0xx\FreeRTOS\Source\timers.o
 .text.prvSampleTimeNow
                0x0801bf44       0x40 Thirdparty\Middleware\STM32G0xx\FreeRTOS\Source\timers.o
 .text.prvInsertTimerInActiveList
                0x0801bf84       0x84 Thirdparty\Middleware\STM32G0xx\FreeRTOS\Source\timers.o
 .text.prvProcessReceivedCommands
                0x0801c008      0x16c Thirdparty\Middleware\STM32G0xx\FreeRTOS\Source\timers.o
 .text.prvSwitchTimerLists
                0x0801c174       0xb0 Thirdparty\Middleware\STM32G0xx\FreeRTOS\Source\timers.o
 .text.prvCheckForValidListAndQueue
                0x0801c224       0x74 Thirdparty\Middleware\STM32G0xx\FreeRTOS\Source\timers.o
 .text.HAL_Init
                0x0801c298       0x40 Thirdparty\STM32G0xx_HAL_Driver\Src\stm32g0xx_hal.o
                0x0801c298                HAL_Init
 .text.HAL_InitTick
                0x0801c2d8       0x94 Thirdparty\STM32G0xx_HAL_Driver\Src\stm32g0xx_hal.o
                0x0801c2d8                HAL_InitTick
 .text.HAL_IncTick
                0x0801c36c       0x24 Thirdparty\STM32G0xx_HAL_Driver\Src\stm32g0xx_hal.o
                0x0801c36c                HAL_IncTick
 .text.HAL_GetTick
                0x0801c390       0x14 Thirdparty\STM32G0xx_HAL_Driver\Src\stm32g0xx_hal.o
                0x0801c390                HAL_GetTick
 .text.HAL_Delay
                0x0801c3a4       0x48 Thirdparty\STM32G0xx_HAL_Driver\Src\stm32g0xx_hal.o
                0x0801c3a4                HAL_Delay
 .text.HAL_GetREVID
                0x0801c3ec       0x18 Thirdparty\STM32G0xx_HAL_Driver\Src\stm32g0xx_hal.o
                0x0801c3ec                HAL_GetREVID
 .text.HAL_GetDEVID
                0x0801c404       0x18 Thirdparty\STM32G0xx_HAL_Driver\Src\stm32g0xx_hal.o
                0x0801c404                HAL_GetDEVID
 .text.LL_ADC_SetCommonPathInternalCh
                0x0801c41c       0x28 Thirdparty\STM32G0xx_HAL_Driver\Src\stm32g0xx_hal_adc.o
 .text.LL_ADC_GetCommonPathInternalCh
                0x0801c444       0x1a Thirdparty\STM32G0xx_HAL_Driver\Src\stm32g0xx_hal_adc.o
 .text.LL_ADC_SetSamplingTimeCommonChannels
                0x0801c45e       0x3a Thirdparty\STM32G0xx_HAL_Driver\Src\stm32g0xx_hal_adc.o
 .text.LL_ADC_GetSamplingTimeCommonChannels
                0x0801c498       0x2e Thirdparty\STM32G0xx_HAL_Driver\Src\stm32g0xx_hal_adc.o
 .text.LL_ADC_REG_IsTriggerSourceSWStart
                0x0801c4c6       0x22 Thirdparty\STM32G0xx_HAL_Driver\Src\stm32g0xx_hal_adc.o
 .text.LL_ADC_REG_SetSequencerRanks
                0x0801c4e8       0x40 Thirdparty\STM32G0xx_HAL_Driver\Src\stm32g0xx_hal_adc.o
 .text.LL_ADC_REG_SetSequencerChAdd
                0x0801c528       0x22 Thirdparty\STM32G0xx_HAL_Driver\Src\stm32g0xx_hal_adc.o
 .text.LL_ADC_REG_SetSequencerChRem
                0x0801c54a       0x24 Thirdparty\STM32G0xx_HAL_Driver\Src\stm32g0xx_hal_adc.o
 *fill*         0x0801c56e        0x2 
 .text.LL_ADC_SetChannelSamplingTime
                0x0801c570       0x38 Thirdparty\STM32G0xx_HAL_Driver\Src\stm32g0xx_hal_adc.o
 .text.LL_ADC_EnableInternalRegulator
                0x0801c5a8       0x28 Thirdparty\STM32G0xx_HAL_Driver\Src\stm32g0xx_hal_adc.o
 .text.LL_ADC_IsInternalRegulatorEnabled
                0x0801c5d0       0x28 Thirdparty\STM32G0xx_HAL_Driver\Src\stm32g0xx_hal_adc.o
 .text.LL_ADC_Enable
                0x0801c5f8       0x24 Thirdparty\STM32G0xx_HAL_Driver\Src\stm32g0xx_hal_adc.o
 .text.LL_ADC_Disable
                0x0801c61c       0x24 Thirdparty\STM32G0xx_HAL_Driver\Src\stm32g0xx_hal_adc.o
 .text.LL_ADC_IsEnabled
                0x0801c640       0x22 Thirdparty\STM32G0xx_HAL_Driver\Src\stm32g0xx_hal_adc.o
 .text.LL_ADC_IsDisableOngoing
                0x0801c662       0x22 Thirdparty\STM32G0xx_HAL_Driver\Src\stm32g0xx_hal_adc.o
 .text.LL_ADC_REG_StartConversion
                0x0801c684       0x24 Thirdparty\STM32G0xx_HAL_Driver\Src\stm32g0xx_hal_adc.o
 .text.LL_ADC_REG_StopConversion
                0x0801c6a8       0x24 Thirdparty\STM32G0xx_HAL_Driver\Src\stm32g0xx_hal_adc.o
 .text.LL_ADC_REG_IsConversionOngoing
                0x0801c6cc       0x22 Thirdparty\STM32G0xx_HAL_Driver\Src\stm32g0xx_hal_adc.o
 *fill*         0x0801c6ee        0x2 
 .text.HAL_ADC_Init
                0x0801c6f0      0x350 Thirdparty\STM32G0xx_HAL_Driver\Src\stm32g0xx_hal_adc.o
                0x0801c6f0                HAL_ADC_Init
 .text.HAL_ADC_Start
                0x0801ca40       0x9c Thirdparty\STM32G0xx_HAL_Driver\Src\stm32g0xx_hal_adc.o
                0x0801ca40                HAL_ADC_Start
 .text.HAL_ADC_Stop
                0x0801cadc       0x78 Thirdparty\STM32G0xx_HAL_Driver\Src\stm32g0xx_hal_adc.o
                0x0801cadc                HAL_ADC_Stop
 .text.HAL_ADC_PollForConversion
                0x0801cb54      0x128 Thirdparty\STM32G0xx_HAL_Driver\Src\stm32g0xx_hal_adc.o
                0x0801cb54                HAL_ADC_PollForConversion
 .text.HAL_ADC_GetValue
                0x0801cc7c       0x16 Thirdparty\STM32G0xx_HAL_Driver\Src\stm32g0xx_hal_adc.o
                0x0801cc7c                HAL_ADC_GetValue
 *fill*         0x0801cc92        0x2 
 .text.HAL_ADC_ConfigChannel
                0x0801cc94      0x3b0 Thirdparty\STM32G0xx_HAL_Driver\Src\stm32g0xx_hal_adc.o
                0x0801cc94                HAL_ADC_ConfigChannel
 .text.ADC_ConversionStop
                0x0801d044       0x84 Thirdparty\STM32G0xx_HAL_Driver\Src\stm32g0xx_hal_adc.o
                0x0801d044                ADC_ConversionStop
 .text.ADC_Enable
                0x0801d0c8      0x10c Thirdparty\STM32G0xx_HAL_Driver\Src\stm32g0xx_hal_adc.o
                0x0801d0c8                ADC_Enable
 .text.ADC_Disable
                0x0801d1d4       0xbc Thirdparty\STM32G0xx_HAL_Driver\Src\stm32g0xx_hal_adc.o
                0x0801d1d4                ADC_Disable
 .text.LL_ADC_GetCommonClock
                0x0801d290       0x1a Thirdparty\STM32G0xx_HAL_Driver\Src\stm32g0xx_hal_adc_ex.o
 .text.LL_ADC_GetClock
                0x0801d2aa       0x18 Thirdparty\STM32G0xx_HAL_Driver\Src\stm32g0xx_hal_adc_ex.o
 .text.LL_ADC_SetCalibrationFactor
                0x0801d2c2       0x28 Thirdparty\STM32G0xx_HAL_Driver\Src\stm32g0xx_hal_adc_ex.o
 .text.LL_ADC_GetCalibrationFactor
                0x0801d2ea       0x1a Thirdparty\STM32G0xx_HAL_Driver\Src\stm32g0xx_hal_adc_ex.o
 .text.LL_ADC_Enable
                0x0801d304       0x24 Thirdparty\STM32G0xx_HAL_Driver\Src\stm32g0xx_hal_adc_ex.o
 .text.LL_ADC_Disable
                0x0801d328       0x24 Thirdparty\STM32G0xx_HAL_Driver\Src\stm32g0xx_hal_adc_ex.o
 .text.LL_ADC_IsEnabled
                0x0801d34c       0x22 Thirdparty\STM32G0xx_HAL_Driver\Src\stm32g0xx_hal_adc_ex.o
 *fill*         0x0801d36e        0x2 
 .text.LL_ADC_StartCalibration
                0x0801d370       0x28 Thirdparty\STM32G0xx_HAL_Driver\Src\stm32g0xx_hal_adc_ex.o
 .text.LL_ADC_IsCalibrationOnGoing
                0x0801d398       0x26 Thirdparty\STM32G0xx_HAL_Driver\Src\stm32g0xx_hal_adc_ex.o
 *fill*         0x0801d3be        0x2 
 .text.HAL_ADCEx_Calibration_Start
                0x0801d3c0      0x1f8 Thirdparty\STM32G0xx_HAL_Driver\Src\stm32g0xx_hal_adc_ex.o
                0x0801d3c0                HAL_ADCEx_Calibration_Start
 .text.__NVIC_EnableIRQ
                0x0801d5b8       0x34 Thirdparty\STM32G0xx_HAL_Driver\Src\stm32g0xx_hal_cortex.o
 .text.__NVIC_SetPriority
                0x0801d5ec       0xdc Thirdparty\STM32G0xx_HAL_Driver\Src\stm32g0xx_hal_cortex.o
 .text.SysTick_Config
                0x0801d6c8       0x48 Thirdparty\STM32G0xx_HAL_Driver\Src\stm32g0xx_hal_cortex.o
 .text.HAL_NVIC_SetPriority
                0x0801d710       0x2a Thirdparty\STM32G0xx_HAL_Driver\Src\stm32g0xx_hal_cortex.o
                0x0801d710                HAL_NVIC_SetPriority
 .text.HAL_NVIC_EnableIRQ
                0x0801d73a       0x20 Thirdparty\STM32G0xx_HAL_Driver\Src\stm32g0xx_hal_cortex.o
                0x0801d73a                HAL_NVIC_EnableIRQ
 .text.HAL_SYSTICK_Config
                0x0801d75a       0x1a Thirdparty\STM32G0xx_HAL_Driver\Src\stm32g0xx_hal_cortex.o
                0x0801d75a                HAL_SYSTICK_Config
 .text.HAL_CRC_Init
                0x0801d774       0xcc Thirdparty\STM32G0xx_HAL_Driver\Src\stm32g0xx_hal_crc.o
                0x0801d774                HAL_CRC_Init
 .text.HAL_CRC_Accumulate
                0x0801d840       0x8e Thirdparty\STM32G0xx_HAL_Driver\Src\stm32g0xx_hal_crc.o
                0x0801d840                HAL_CRC_Accumulate
 .text.HAL_CRC_Calculate
                0x0801d8ce       0x9e Thirdparty\STM32G0xx_HAL_Driver\Src\stm32g0xx_hal_crc.o
                0x0801d8ce                HAL_CRC_Calculate
 .text.CRC_Handle_8
                0x0801d96c      0x122 Thirdparty\STM32G0xx_HAL_Driver\Src\stm32g0xx_hal_crc.o
 .text.CRC_Handle_16
                0x0801da8e       0x6e Thirdparty\STM32G0xx_HAL_Driver\Src\stm32g0xx_hal_crc.o
 .text.HAL_CRCEx_Polynomial_Set
                0x0801dafc       0xea Thirdparty\STM32G0xx_HAL_Driver\Src\stm32g0xx_hal_crc_ex.o
                0x0801dafc                HAL_CRCEx_Polynomial_Set
 *fill*         0x0801dbe6        0x2 
 .text.HAL_DMA_Init
                0x0801dbe8      0x158 Thirdparty\STM32G0xx_HAL_Driver\Src\stm32g0xx_hal_dma.o
                0x0801dbe8                HAL_DMA_Init
 .text.HAL_DMA_Start_IT
                0x0801dd40      0x10c Thirdparty\STM32G0xx_HAL_Driver\Src\stm32g0xx_hal_dma.o
                0x0801dd40                HAL_DMA_Start_IT
 .text.HAL_DMA_Abort
                0x0801de4c       0xc0 Thirdparty\STM32G0xx_HAL_Driver\Src\stm32g0xx_hal_dma.o
                0x0801de4c                HAL_DMA_Abort
 .text.HAL_DMA_Abort_IT
                0x0801df0c       0xd0 Thirdparty\STM32G0xx_HAL_Driver\Src\stm32g0xx_hal_dma.o
                0x0801df0c                HAL_DMA_Abort_IT
 .text.HAL_DMA_IRQHandler
                0x0801dfdc      0x188 Thirdparty\STM32G0xx_HAL_Driver\Src\stm32g0xx_hal_dma.o
                0x0801dfdc                HAL_DMA_IRQHandler
 .text.HAL_DMA_GetError
                0x0801e164       0x14 Thirdparty\STM32G0xx_HAL_Driver\Src\stm32g0xx_hal_dma.o
                0x0801e164                HAL_DMA_GetError
 .text.DMA_SetConfig
                0x0801e178       0x78 Thirdparty\STM32G0xx_HAL_Driver\Src\stm32g0xx_hal_dma.o
 .text.DMA_CalcDMAMUXChannelBaseAndMask
                0x0801e1f0       0x94 Thirdparty\STM32G0xx_HAL_Driver\Src\stm32g0xx_hal_dma.o
 .text.DMA_CalcDMAMUXRequestGenBaseAndMask
                0x0801e284       0x48 Thirdparty\STM32G0xx_HAL_Driver\Src\stm32g0xx_hal_dma.o
 .text.HAL_FLASH_Program
                0x0801e2cc       0x9c Thirdparty\STM32G0xx_HAL_Driver\Src\stm32g0xx_hal_flash.o
                0x0801e2cc                HAL_FLASH_Program
 .text.HAL_FLASH_Unlock
                0x0801e368       0x48 Thirdparty\STM32G0xx_HAL_Driver\Src\stm32g0xx_hal_flash.o
                0x0801e368                HAL_FLASH_Unlock
 .text.HAL_FLASH_Lock
                0x0801e3b0       0x44 Thirdparty\STM32G0xx_HAL_Driver\Src\stm32g0xx_hal_flash.o
                0x0801e3b0                HAL_FLASH_Lock
 .text.FLASH_WaitForLastOperation
                0x0801e3f4       0x9c Thirdparty\STM32G0xx_HAL_Driver\Src\stm32g0xx_hal_flash.o
                0x0801e3f4                FLASH_WaitForLastOperation
 .text.FLASH_Program_DoubleWord
                0x0801e490       0x40 Thirdparty\STM32G0xx_HAL_Driver\Src\stm32g0xx_hal_flash.o
 .text.HAL_FLASHEx_Erase
                0x0801e4d0       0xe0 Thirdparty\STM32G0xx_HAL_Driver\Src\stm32g0xx_hal_flash_ex.o
                0x0801e4d0                HAL_FLASHEx_Erase
 .text.FLASH_MassErase
                0x0801e5b0       0x28 Thirdparty\STM32G0xx_HAL_Driver\Src\stm32g0xx_hal_flash_ex.o
 .text.FLASH_PageErase
                0x0801e5d8       0x58 Thirdparty\STM32G0xx_HAL_Driver\Src\stm32g0xx_hal_flash_ex.o
                0x0801e5d8                FLASH_PageErase
 .text.HAL_GPIO_Init
                0x0801e630      0x2d8 Thirdparty\STM32G0xx_HAL_Driver\Src\stm32g0xx_hal_gpio.o
                0x0801e630                HAL_GPIO_Init
 .text.HAL_GPIO_ReadPin
                0x0801e908       0x3a Thirdparty\STM32G0xx_HAL_Driver\Src\stm32g0xx_hal_gpio.o
                0x0801e908                HAL_GPIO_ReadPin
 .text.HAL_GPIO_WritePin
                0x0801e942       0x3a Thirdparty\STM32G0xx_HAL_Driver\Src\stm32g0xx_hal_gpio.o
                0x0801e942                HAL_GPIO_WritePin
 .text.HAL_GPIO_TogglePin
                0x0801e97c       0x36 Thirdparty\STM32G0xx_HAL_Driver\Src\stm32g0xx_hal_gpio.o
                0x0801e97c                HAL_GPIO_TogglePin
 .text.HAL_MspInit
                0x0801e9b2        0xa Thirdparty\STM32G0xx_HAL_Driver\Src\stm32g0xx_hal_msp_template.o
                0x0801e9b2                HAL_MspInit
 .text.HAL_PWR_EnableWakeUpPin
                0x0801e9bc       0x40 Thirdparty\STM32G0xx_HAL_Driver\Src\stm32g0xx_hal_pwr.o
                0x0801e9bc                HAL_PWR_EnableWakeUpPin
 .text.HAL_PWR_DisableWakeUpPin
                0x0801e9fc       0x28 Thirdparty\STM32G0xx_HAL_Driver\Src\stm32g0xx_hal_pwr.o
                0x0801e9fc                HAL_PWR_DisableWakeUpPin
 .text.HAL_PWR_EnterSTOPMode
                0x0801ea24       0x70 Thirdparty\STM32G0xx_HAL_Driver\Src\stm32g0xx_hal_pwr.o
                0x0801ea24                HAL_PWR_EnterSTOPMode
 .text.HAL_PWR_EnterSTANDBYMode
                0x0801ea94       0x34 Thirdparty\STM32G0xx_HAL_Driver\Src\stm32g0xx_hal_pwr.o
                0x0801ea94                HAL_PWR_EnterSTANDBYMode
 .text.HAL_PWREx_EnableSRAMRetention
                0x0801eac8       0x1c Thirdparty\STM32G0xx_HAL_Driver\Src\stm32g0xx_hal_pwr_ex.o
                0x0801eac8                HAL_PWREx_EnableSRAMRetention
 .text.HAL_PWREx_ControlVoltageScaling
                0x0801eae4       0x80 Thirdparty\STM32G0xx_HAL_Driver\Src\stm32g0xx_hal_pwr_ex.o
                0x0801eae4                HAL_PWREx_ControlVoltageScaling
 .text.LL_RCC_GetAPB1Prescaler
                0x0801eb64       0x18 Thirdparty\STM32G0xx_HAL_Driver\Src\stm32g0xx_hal_rcc.o
 .text.HAL_RCC_OscConfig
                0x0801eb7c      0x6c0 Thirdparty\STM32G0xx_HAL_Driver\Src\stm32g0xx_hal_rcc.o
                0x0801eb7c                HAL_RCC_OscConfig
 .text.HAL_RCC_ClockConfig
                0x0801f23c      0x210 Thirdparty\STM32G0xx_HAL_Driver\Src\stm32g0xx_hal_rcc.o
                0x0801f23c                HAL_RCC_ClockConfig
 .text.HAL_RCC_GetSysClockFreq
                0x0801f44c      0x104 Thirdparty\STM32G0xx_HAL_Driver\Src\stm32g0xx_hal_rcc.o
                0x0801f44c                HAL_RCC_GetSysClockFreq
 .text.HAL_RCC_GetHCLKFreq
                0x0801f550       0x14 Thirdparty\STM32G0xx_HAL_Driver\Src\stm32g0xx_hal_rcc.o
                0x0801f550                HAL_RCC_GetHCLKFreq
 .text.HAL_RCC_GetPCLK1Freq
                0x0801f564       0x2c Thirdparty\STM32G0xx_HAL_Driver\Src\stm32g0xx_hal_rcc.o
                0x0801f564                HAL_RCC_GetPCLK1Freq
 .text.HAL_RCCEx_PeriphCLKConfig
                0x0801f590      0x478 Thirdparty\STM32G0xx_HAL_Driver\Src\stm32g0xx_hal_rcc_ex.o
                0x0801f590                HAL_RCCEx_PeriphCLKConfig
 .text.HAL_RTC_Init
                0x0801fa08      0x144 Thirdparty\STM32G0xx_HAL_Driver\Src\stm32g0xx_hal_rtc.o
                0x0801fa08                HAL_RTC_Init
 .text.HAL_RTC_DeInit
                0x0801fb4c      0x138 Thirdparty\STM32G0xx_HAL_Driver\Src\stm32g0xx_hal_rtc.o
                0x0801fb4c                HAL_RTC_DeInit
 .text.HAL_RTC_SetTime
                0x0801fc84      0x150 Thirdparty\STM32G0xx_HAL_Driver\Src\stm32g0xx_hal_rtc.o
                0x0801fc84                HAL_RTC_SetTime
 .text.HAL_RTC_GetTime
                0x0801fdd4       0xb8 Thirdparty\STM32G0xx_HAL_Driver\Src\stm32g0xx_hal_rtc.o
                0x0801fdd4                HAL_RTC_GetTime
 .text.HAL_RTC_SetDate
                0x0801fe8c      0x124 Thirdparty\STM32G0xx_HAL_Driver\Src\stm32g0xx_hal_rtc.o
                0x0801fe8c                HAL_RTC_SetDate
 .text.HAL_RTC_GetDate
                0x0801ffb0       0x9c Thirdparty\STM32G0xx_HAL_Driver\Src\stm32g0xx_hal_rtc.o
                0x0801ffb0                HAL_RTC_GetDate
 .text.HAL_RTC_WaitForSynchro
                0x0802004c       0x4c Thirdparty\STM32G0xx_HAL_Driver\Src\stm32g0xx_hal_rtc.o
                0x0802004c                HAL_RTC_WaitForSynchro
 .text.RTC_EnterInitMode
                0x08020098       0x84 Thirdparty\STM32G0xx_HAL_Driver\Src\stm32g0xx_hal_rtc.o
                0x08020098                RTC_EnterInitMode
 .text.RTC_ExitInitMode
                0x0802011c       0x88 Thirdparty\STM32G0xx_HAL_Driver\Src\stm32g0xx_hal_rtc.o
                0x0802011c                RTC_ExitInitMode
 .text.RTC_ByteToBcd2
                0x080201a4       0x50 Thirdparty\STM32G0xx_HAL_Driver\Src\stm32g0xx_hal_rtc.o
                0x080201a4                RTC_ByteToBcd2
 .text.RTC_Bcd2ToByte
                0x080201f4       0x3a Thirdparty\STM32G0xx_HAL_Driver\Src\stm32g0xx_hal_rtc.o
                0x080201f4                RTC_Bcd2ToByte
 .text.HAL_RTCEx_BKUPWrite
                0x0802022e       0x3a Thirdparty\STM32G0xx_HAL_Driver\Src\stm32g0xx_hal_rtc_ex.o
                0x0802022e                HAL_RTCEx_BKUPWrite
 .text.HAL_RTCEx_BKUPRead
                0x08020268       0x36 Thirdparty\STM32G0xx_HAL_Driver\Src\stm32g0xx_hal_rtc_ex.o
                0x08020268                HAL_RTCEx_BKUPRead
 .text.HAL_TIM_Base_Init
                0x0802029e       0xb0 Thirdparty\STM32G0xx_HAL_Driver\Src\stm32g0xx_hal_tim.o
                0x0802029e                HAL_TIM_Base_Init
 .text.HAL_TIM_Base_MspInit
                0x0802034e       0x10 Thirdparty\STM32G0xx_HAL_Driver\Src\stm32g0xx_hal_tim.o
                0x0802034e                HAL_TIM_Base_MspInit