Archive member included to satisfy reference by file (symbol)

C:/ST/STM32CubeIDE_1.14.1/STM32CubeIDE/plugins/com.st.stm32cube.ide.mcu.externaltools.gnu-tools-for-stm32.11.3.rel1.win32_1.1.100.202309141235/tools/bin/../lib/gcc/arm-none-eabi/11.3.1/../../../../arm-none-eabi/lib/thumb/v6-m/nofp\libc.a(libc_a-atof.o)
                              BOS\BOS_CLI.o (atof)
C:/ST/STM32CubeIDE_1.14.1/STM32CubeIDE/plugins/com.st.stm32cube.ide.mcu.externaltools.gnu-tools-for-stm32.11.3.rel1.win32_1.1.100.202309141235/tools/bin/../lib/gcc/arm-none-eabi/11.3.1/../../../../arm-none-eabi/lib/thumb/v6-m/nofp\libc.a(libc_a-atoi.o)
                              BOS\BOS_CLI.o (atoi)
C:/ST/STM32CubeIDE_1.14.1/STM32CubeIDE/plugins/com.st.stm32cube.ide.mcu.externaltools.gnu-tools-for-stm32.11.3.rel1.win32_1.1.100.202309141235/tools/bin/../lib/gcc/arm-none-eabi/11.3.1/../../../../arm-none-eabi/lib/thumb/v6-m/nofp\libc.a(libc_a-atol.o)
                              BOS\BOS.o (atol)
C:/ST/STM32CubeIDE_1.14.1/STM32CubeIDE/plugins/com.st.stm32cube.ide.mcu.externaltools.gnu-tools-for-stm32.11.3.rel1.win32_1.1.100.202309141235/tools/bin/../lib/gcc/arm-none-eabi/11.3.1/../../../../arm-none-eabi/lib/thumb/v6-m/nofp\libc.a(libc_a-exit.o)
                              C:/ST/STM32CubeIDE_1.14.1/STM32CubeIDE/plugins/com.st.stm32cube.ide.mcu.externaltools.gnu-tools-for-stm32.11.3.rel1.win32_1.1.100.202309141235/tools/bin/../lib/gcc/arm-none-eabi/11.3.1/../../../../arm-none-eabi/lib/thumb/v6-m/nofp/crt0.o (exit)
C:/ST/STM32CubeIDE_1.14.1/STM32CubeIDE/plugins/com.st.stm32cube.ide.mcu.externaltools.gnu-tools-for-stm32.11.3.rel1.win32_1.1.100.202309141235/tools/bin/../lib/gcc/arm-none-eabi/11.3.1/../../../../arm-none-eabi/lib/thumb/v6-m/nofp\libc.a(libc_a-malloc.o)
                              BOS\BOS.o (malloc)
C:/ST/STM32CubeIDE_1.14.1/STM32CubeIDE/plugins/com.st.stm32cube.ide.mcu.externaltools.gnu-tools-for-stm32.11.3.rel1.win32_1.1.100.202309141235/tools/bin/../lib/gcc/arm-none-eabi/11.3.1/../../../../arm-none-eabi/lib/thumb/v6-m/nofp\libc.a(libc_a-mallocr.o)
                              C:/ST/STM32CubeIDE_1.14.1/STM32CubeIDE/plugins/com.st.stm32cube.ide.mcu.externaltools.gnu-tools-for-stm32.11.3.rel1.win32_1.1.100.202309141235/tools/bin/../lib/gcc/arm-none-eabi/11.3.1/../../../../arm-none-eabi/lib/thumb/v6-m/nofp\libc.a(libc_a-malloc.o) (_malloc_r)
C:/ST/STM32CubeIDE_1.14.1/STM32CubeIDE/plugins/com.st.stm32cube.ide.mcu.externaltools.gnu-tools-for-stm32.11.3.rel1.win32_1.1.100.202309141235/tools/bin/../lib/gcc/arm-none-eabi/11.3.1/../../../../arm-none-eabi/lib/thumb/v6-m/nofp\libc.a(libc_a-mlock.o)
                              C:/ST/STM32CubeIDE_1.14.1/STM32CubeIDE/plugins/com.st.stm32cube.ide.mcu.externaltools.gnu-tools-for-stm32.11.3.rel1.win32_1.1.100.202309141235/tools/bin/../lib/gcc/arm-none-eabi/11.3.1/../../../../arm-none-eabi/lib/thumb/v6-m/nofp\libc.a(libc_a-mallocr.o) (__malloc_lock)
C:/ST/STM32CubeIDE_1.14.1/STM32CubeIDE/plugins/com.st.stm32cube.ide.mcu.externaltools.gnu-tools-for-stm32.11.3.rel1.win32_1.1.100.202309141235/tools/bin/../lib/gcc/arm-none-eabi/11.3.1/../../../../arm-none-eabi/lib/thumb/v6-m/nofp\libc.a(libc_a-rand.o)
                              BOS\BOS_CLIcommands.o (rand)
C:/ST/STM32CubeIDE_1.14.1/STM32CubeIDE/plugins/com.st.stm32cube.ide.mcu.externaltools.gnu-tools-for-stm32.11.3.rel1.win32_1.1.100.202309141235/tools/bin/../lib/gcc/arm-none-eabi/11.3.1/../../../../arm-none-eabi/lib/thumb/v6-m/nofp\libc.a(libc_a-realloc.o)
                              BOS\BOS_CLI.o (realloc)
C:/ST/STM32CubeIDE_1.14.1/STM32CubeIDE/plugins/com.st.stm32cube.ide.mcu.externaltools.gnu-tools-for-stm32.11.3.rel1.win32_1.1.100.202309141235/tools/bin/../lib/gcc/arm-none-eabi/11.3.1/../../../../arm-none-eabi/lib/thumb/v6-m/nofp\libc.a(libc_a-reallocr.o)
                              C:/ST/STM32CubeIDE_1.14.1/STM32CubeIDE/plugins/com.st.stm32cube.ide.mcu.externaltools.gnu-tools-for-stm32.11.3.rel1.win32_1.1.100.202309141235/tools/bin/../lib/gcc/arm-none-eabi/11.3.1/../../../../arm-none-eabi/lib/thumb/v6-m/nofp\libc.a(libc_a-realloc.o) (_realloc_r)
C:/ST/STM32CubeIDE_1.14.1/STM32CubeIDE/plugins/com.st.stm32cube.ide.mcu.externaltools.gnu-tools-for-stm32.11.3.rel1.win32_1.1.100.202309141235/tools/bin/../lib/gcc/arm-none-eabi/11.3.1/../../../../arm-none-eabi/lib/thumb/v6-m/nofp\libc.a(libc_a-strtod.o)
                              C:/ST/STM32CubeIDE_1.14.1/STM32CubeIDE/plugins/com.st.stm32cube.ide.mcu.externaltools.gnu-tools-for-stm32.11.3.rel1.win32_1.1.100.202309141235/tools/bin/../lib/gcc/arm-none-eabi/11.3.1/../../../../arm-none-eabi/lib/thumb/v6-m/nofp\libc.a(libc_a-atof.o) (strtod)
C:/ST/STM32CubeIDE_1.14.1/STM32CubeIDE/plugins/com.st.stm32cube.ide.mcu.externaltools.gnu-tools-for-stm32.11.3.rel1.win32_1.1.100.202309141235/tools/bin/../lib/gcc/arm-none-eabi/11.3.1/../../../../arm-none-eabi/lib/thumb/v6-m/nofp\libc.a(libc_a-strtol.o)
[...]
Memory Configuration

Name             Origin             Length             Attributes
RAM              0x0000000020000000 0x0000000000024000 xrw
FLASH            0x0000000008000000 0x0000000000080000 xr
*default*        0x0000000000000000 0xffffffffffffffff

Linker script and memory map

LOAD C:/ST/STM32CubeIDE_1.14.1/STM32CubeIDE/plugins/com.st.stm32cube.ide.mcu.externaltools.gnu-tools-for-stm32.11.3.rel1.win32_1.1.100.202309141235/tools/bin/../lib/gcc/arm-none-eabi/11.3.1/thumb/v6-m/nofp/crti.o
LOAD C:/ST/STM32CubeIDE_1.14.1/STM32CubeIDE/plugins/com.st.stm32cube.ide.mcu.externaltools.gnu-tools-for-stm32.11.3.rel1.win32_1.1.100.202309141235/tools/bin/../lib/gcc/arm-none-eabi/11.3.1/thumb/v6-m/nofp/crtbegin.o
LOAD C:/ST/STM32CubeIDE_1.14.1/STM32CubeIDE/plugins/com.st.stm32cube.ide.mcu.externaltools.gnu-tools-for-stm32.11.3.rel1.win32_1.1.100.202309141235/tools/bin/../lib/gcc/arm-none-eabi/11.3.1/../../../../arm-none-eabi/lib/thumb/v6-m/nofp/crt0.o
LOAD BOS\BOS.o
LOAD BOS\BOS_CLI.o
LOAD BOS\BOS_CLIcommands.o
LOAD BOS\BOS_dma.o
LOAD BOS\BOS_freertos.o
LOAD BOS\BOS_messaging.o
LOAD BOS\BOS_msgparser.o
LOAD H18R1\H18R1.o
LOAD H18R1\H18R1_dma.o
LOAD H18R1\H18R1_eeprom.o
LOAD H18R1\H18R1_gpio.o
LOAD H18R1\H18R1_inputs.o
LOAD H18R1\H18R1_it.o
LOAD H18R1\H18R1_rtc.o
LOAD H18R1\H18R1_timers.o
LOAD H18R1\H18R1_uart.o
LOAD H18R1\startup_stm32g0b1ceuxn.o
LOAD Thirdparty\CMSIS\STM32G0xx\Device\ST\STM32G0xx\Source\Templates\system_stm32g0xx.o
LOAD Thirdparty\Middleware\STM32G0xx\FreeRTOS\Source\CMSIS_RTOS\cmsis_os.o
LOAD Thirdparty\Middleware\STM32G0xx\FreeRTOS\Source\FreeRTOS_CLI.o
LOAD Thirdparty\Middleware\STM32G0xx\FreeRTOS\Source\croutine.o
LOAD Thirdparty\Middleware\STM32G0xx\FreeRTOS\Source\event_groups.o
LOAD Thirdparty\Middleware\STM32G0xx\FreeRTOS\Source\list.o
LOAD Thirdparty\Middleware\STM32G0xx\FreeRTOS\Source\portable\GCC\ARM_CM0\port.o
LOAD Thirdparty\Middleware\STM32G0xx\FreeRTOS\Source\portable\MemMang\heap_4.o
LOAD Thirdparty\Middleware\STM32G0xx\FreeRTOS\Source\queue.o
LOAD Thirdparty\Middleware\STM32G0xx\FreeRTOS\Source\stream_buffer.o
LOAD Thirdparty\Middleware\STM32G0xx\FreeRTOS\Source\tasks.o
LOAD Thirdparty\Middleware\STM32G0xx\FreeRTOS\Source\timers.o
LOAD Thirdparty\STM32G0xx_HAL_Driver\Src\stm32g0xx_hal.o
LOAD Thirdparty\STM32G0xx_HAL_Driver\Src\stm32g0xx_hal_adc.o
LOAD Thirdparty\STM32G0xx_HAL_Driver\Src\stm32g0xx_hal_adc_ex.o
LOAD Thirdparty\STM32G0xx_HAL_Driver\Src\stm32g0xx_hal_cec.o
LOAD Thirdparty\STM32G0xx_HAL_Driver\Src\stm32g0xx_hal_comp.o
LOAD Thirdparty\STM32G0xx_HAL_Driver\Src\stm32g0xx_hal_cortex.o
LOAD Thirdparty\STM32G0xx_HAL_Driver\Src\stm32g0xx_hal_crc.o
LOAD Thirdparty\STM32G0xx_HAL_Driver\Src\stm32g0xx_hal_crc_ex.o
LOAD Thirdparty\STM32G0xx_HAL_Driver\Src\stm32g0xx_hal_cryp.o
LOAD Thirdparty\STM32G0xx_HAL_Driver\Src\stm32g0xx_hal_cryp_ex.o
LOAD Thirdparty\STM32G0xx_HAL_Driver\Src\stm32g0xx_hal_dac.o
LOAD Thirdparty\STM32G0xx_HAL_Driver\Src\stm32g0xx_hal_dac_ex.o
LOAD Thirdparty\STM32G0xx_HAL_Driver\Src\stm32g0xx_hal_dma.o
LOAD Thirdparty\STM32G0xx_HAL_Driver\Src\stm32g0xx_hal_dma_ex.o
LOAD Thirdparty\STM32G0xx_HAL_Driver\Src\stm32g0xx_hal_exti.o
LOAD Thirdparty\STM32G0xx_HAL_Driver\Src\stm32g0xx_hal_fdcan.o
LOAD Thirdparty\STM32G0xx_HAL_Driver\Src\stm32g0xx_hal_flash.o
LOAD Thirdparty\STM32G0xx_HAL_Driver\Src\stm32g0xx_hal_flash_ex.o
LOAD Thirdparty\STM32G0xx_HAL_Driver\Src\stm32g0xx_hal_gpio.o
LOAD Thirdparty\STM32G0xx_HAL_Driver\Src\stm32g0xx_hal_hcd.o
LOAD Thirdparty\STM32G0xx_HAL_Driver\Src\stm32g0xx_hal_i2c.o
LOAD Thirdparty\STM32G0xx_HAL_Driver\Src\stm32g0xx_hal_i2c_ex.o
LOAD Thirdparty\STM32G0xx_HAL_Driver\Src\stm32g0xx_hal_i2s.o
LOAD Thirdparty\STM32G0xx_HAL_Driver\Src\stm32g0xx_hal_irda.o
LOAD Thirdparty\STM32G0xx_HAL_Driver\Src\stm32g0xx_hal_iwdg.o
LOAD Thirdparty\STM32G0xx_HAL_Driver\Src\stm32g0xx_hal_lptim.o
LOAD Thirdparty\STM32G0xx_HAL_Driver\Src\stm32g0xx_hal_msp_template.o
LOAD Thirdparty\STM32G0xx_HAL_Driver\Src\stm32g0xx_hal_pcd.o
LOAD Thirdparty\STM32G0xx_HAL_Driver\Src\stm32g0xx_hal_pcd_ex.o
LOAD Thirdparty\STM32G0xx_HAL_Driver\Src\stm32g0xx_hal_pwr.o
LOAD Thirdparty\STM32G0xx_HAL_Driver\Src\stm32g0xx_hal_pwr_ex.o
LOAD Thirdparty\STM32G0xx_HAL_Driver\Src\stm32g0xx_hal_rcc.o
LOAD Thirdparty\STM32G0xx_HAL_Driver\Src\stm32g0xx_hal_rcc_ex.o
LOAD Thirdparty\STM32G0xx_HAL_Driver\Src\stm32g0xx_hal_rng.o
LOAD Thirdparty\STM32G0xx_HAL_Driver\Src\stm32g0xx_hal_rtc.o
LOAD Thirdparty\STM32G0xx_HAL_Driver\Src\stm32g0xx_hal_rtc_ex.o
LOAD Thirdparty\STM32G0xx_HAL_Driver\Src\stm32g0xx_hal_smartcard.o
LOAD Thirdparty\STM32G0xx_HAL_Driver\Src\stm32g0xx_hal_smartcard_ex.o
LOAD Thirdparty\STM32G0xx_HAL_Driver\Src\stm32g0xx_hal_smbus.o
LOAD Thirdparty\STM32G0xx_HAL_Driver\Src\stm32g0xx_hal_smbus_ex.o
LOAD Thirdparty\STM32G0xx_HAL_Driver\Src\stm32g0xx_hal_spi.o
LOAD Thirdparty\STM32G0xx_HAL_Driver\Src\stm32g0xx_hal_spi_ex.o
LOAD Thirdparty\STM32G0xx_HAL_Driver\Src\stm32g0xx_hal_tim.o
LOAD Thirdparty\STM32G0xx_HAL_Driver\Src\stm32g0xx_hal_tim_ex.o
LOAD Thirdparty\STM32G0xx_HAL_Driver\Src\stm32g0xx_hal_uart.o
LOAD Thirdparty\STM32G0xx_HAL_Driver\Src\stm32g0xx_hal_uart_ex.o
LOAD Thirdparty\STM32G0xx_HAL_Driver\Src\stm32g0xx_hal_usart.o
LOAD Thirdparty\STM32G0xx_HAL_Driver\Src\stm32g0xx_hal_usart_ex.o
LOAD Thirdparty\STM32G0xx_HAL_Driver\Src\stm32g0xx_hal_wwdg.o
LOAD Thirdparty\STM32G0xx_HAL_Driver\Src\stm32g0xx_ll_adc.o
LOAD Thirdparty\STM32G0xx_HAL_Driver\Src\stm32g0xx_ll_comp.o
LOAD Thirdparty\STM32G0xx_HAL_Driver\Src\stm32g0xx_ll_crc.o
LOAD Thirdparty\STM32G0xx_HAL_Driver\Src\stm32g0xx_ll_crs.o
LOAD Thirdparty\STM32G0xx_HAL_Driver\Src\stm32g0xx_ll_dac.o
LOAD Thirdparty\STM32G0xx_HAL_Driver\Src\stm32g0xx_ll_dma.o
LOAD Thirdparty\STM32G0xx_HAL_Driver\Src\stm32g0xx_ll_exti.o
LOAD Thirdparty\STM32G0xx_HAL_Driver\Src\stm32g0xx_ll_gpio.o
LOAD Thirdparty\STM32G0xx_HAL_Driver\Src\stm32g0xx_ll_i2c.o
LOAD Thirdparty\STM32G0xx_HAL_Driver\Src\stm32g0xx_ll_lptim.o
LOAD Thirdparty\STM32G0xx_HAL_Driver\Src\stm32g0xx_ll_lpuart.o
LOAD Thirdparty\STM32G0xx_HAL_Driver\Src\stm32g0xx_ll_pwr.o
LOAD Thirdparty\STM32G0xx_HAL_Driver\Src\stm32g0xx_ll_rcc.o
LOAD Thirdparty\STM32G0xx_HAL_Driver\Src\stm32g0xx_ll_rng.o
LOAD Thirdparty\STM32G0xx_HAL_Driver\Src\stm32g0xx_ll_rtc.o
LOAD Thirdparty\STM32G0xx_HAL_Driver\Src\stm32g0xx_ll_spi.o
LOAD Thirdparty\STM32G0xx_HAL_Driver\Src\stm32g0xx_ll_tim.o
LOAD Thirdparty\STM32G0xx_HAL_Driver\Src\stm32g0xx_ll_ucpd.o
LOAD Thirdparty\STM32G0xx_HAL_Driver\Src\stm32g0xx_ll_usart.o
LOAD Thirdparty\STM32G0xx_HAL_Driver\Src\stm32g0xx_ll_usb.o
LOAD Thirdparty\STM32G0xx_HAL_Driver\Src\stm32g0xx_ll_utils.o
LOAD User\main.o
START GROUP
LOAD C:/ST/STM32CubeIDE_1.14.1/STM32CubeIDE/plugins/com.st.stm32cube.ide.mcu.externaltools.gnu-tools-for-stm32.11.3.rel1.win32_1.1.100.202309141235/tools/bin/../lib/gcc/arm-none-eabi/11.3.1/../../../../arm-none-eabi/lib/thumb/v6-m/nofp\libc.a
LOAD C:/ST/STM32CubeIDE_1.14.1/STM32CubeIDE/plugins/com.st.stm32cube.ide.mcu.externaltools.gnu-tools-for-stm32.11.3.rel1.win32_1.1.100.202309141235/tools/bin/../lib/gcc/arm-none-eabi/11.3.1/../../../../arm-none-eabi/lib/thumb/v6-m/nofp\libm.a
END GROUP
START GROUP
LOAD C:/ST/STM32CubeIDE_1.14.1/STM32CubeIDE/plugins/com.st.stm32cube.ide.mcu.externaltools.gnu-tools-for-stm32.11.3.rel1.win32_1.1.100.202309141235/tools/bin/../lib/gcc/arm-none-eabi/11.3.1/thumb/v6-m/nofp\libgcc.a
LOAD C:/ST/STM32CubeIDE_1.14.1/STM32CubeIDE/plugins/com.st.stm32cube.ide.mcu.externaltools.gnu-tools-for-stm32.11.3.rel1.win32_1.1.100.202309141235/tools/bin/../lib/gcc/arm-none-eabi/11.3.1/../../../../arm-none-eabi/lib/thumb/v6-m/nofp\libc.a
END GROUP
START GROUP
LOAD C:/ST/STM32CubeIDE_1.14.1/STM32CubeIDE/plugins/com.st.stm32cube.ide.mcu.externaltools.gnu-tools-for-stm32.11.3.rel1.win32_1.1.100.202309141235/tools/bin/../lib/gcc/arm-none-eabi/11.3.1/thumb/v6-m/nofp\libgcc.a
LOAD C:/ST/STM32CubeIDE_1.14.1/STM32CubeIDE/plugins/com.st.stm32cube.ide.mcu.externaltools.gnu-tools-for-stm32.11.3.rel1.win32_1.1.100.202309141235/tools/bin/../lib/gcc/arm-none-eabi/11.3.1/../../../../arm-none-eabi/lib/thumb/v6-m/nofp\libc.a
LOAD C:/ST/STM32CubeIDE_1.14.1/STM32CubeIDE/plugins/com.st.stm32cube.ide.mcu.externaltools.gnu-tools-for-stm32.11.3.rel1.win32_1.1.100.202309141235/tools/bin/../lib/gcc/arm-none-eabi/11.3.1/../../../../arm-none-eabi/lib/thumb/v6-m/nofp\libnosys.a
END GROUP
LOAD C:/ST/STM32CubeIDE_1.14.1/STM32CubeIDE/plugins/com.st.stm32cube.ide.mcu.externaltools.gnu-tools-for-stm32.11.3.rel1.win32_1.1.100.202309141235/tools/bin/../lib/gcc/arm-none-eabi/11.3.1/thumb/v6-m/nofp/crtend.o
LOAD C:/ST/STM32CubeIDE_1.14.1/STM32CubeIDE/plugins/com.st.stm32cube.ide.mcu.externaltools.gnu-tools-for-stm32.11.3.rel1.win32_1.1.100.202309141235/tools/bin/../lib/gcc/arm-none-eabi/11.3.1/thumb/v6-m/nofp/crtn.o
                0x0000000020024000                _estack = (ORIGIN (RAM) + LENGTH (RAM))
                0x0000000000000200                _Min_Heap_Size = 0x200
                0x0000000000000400                _Min_Stack_Size = 0x400

.isr_vector     0x0000000008000000       0xbc
                0x0000000008000000                . = ALIGN (0x4)
 *(.isr_vector)
 .isr_vector    0x0000000008000000       0xbc H18R1\startup_stm32g0b1ceuxn.o
                0x0000000008000000                g_pfnVectors
                0x00000000080000bc                . = ALIGN (0x4)

.text           0x00000000080000c0    0x29ba0
                0x00000000080000c0                . = ALIGN (0x4)
 *(.text)
 .text          0x00000000080000c0       0x48 C:/ST/STM32CubeIDE_1.14.1/STM32CubeIDE/plugins/com.st.stm32cube.ide.mcu.externaltools.gnu-tools-for-stm32.11.3.rel1.win32_1.1.100.202309141235/tools/bin/../lib/gcc/arm-none-eabi/11.3.1/thumb/v6-m/nofp/crtbegin.o
 .text          0x0000000008000108       0x14 C:/ST/STM32CubeIDE_1.14.1/STM32CubeIDE/plugins/com.st.stm32cube.ide.mcu.externaltools.gnu-tools-for-stm32.11.3.rel1.win32_1.1.100.202309141235/tools/bin/../lib/gcc/arm-none-eabi/11.3.1/../../../../arm-none-eabi/lib/thumb/v6-m/nofp\libc.a(libc_a-strcmp.o)
                0x0000000008000108                strcmp
 .text          0x000000000800011c        0xe C:/ST/STM32CubeIDE_1.14.1/STM32CubeIDE/plugins/com.st.stm32cube.ide.mcu.externaltools.gnu-tools-for-stm32.11.3.rel1.win32_1.1.100.202309141235/tools/bin/../lib/gcc/arm-none-eabi/11.3.1/../../../../arm-none-eabi/lib/thumb/v6-m/nofp\libc.a(libc_a-strlen.o)
                0x000000000800011c                strlen
 *fill*         0x000000000800012a        0x2 
 .text          0x000000000800012c       0x14 C:/ST/STM32CubeIDE_1.14.1/STM32CubeIDE/plugins/com.st.stm32cube.ide.mcu.externaltools.gnu-tools-for-stm32.11.3.rel1.win32_1.1.100.202309141235/tools/bin/../lib/gcc/arm-none-eabi/11.3.1/thumb/v6-m/nofp\libgcc.a(_thumb1_case_uqi.o)
                0x000000000800012c                __gnu_thumb1_case_uqi
 .text          0x0000000008000140       0x14 C:/ST/STM32CubeIDE_1.14.1/STM32CubeIDE/plugins/com.st.stm32cube.ide.mcu.externaltools.gnu-tools-for-stm32.11.3.rel1.win32_1.1.100.202309141235/tools/bin/../lib/gcc/arm-none-eabi/11.3.1/thumb/v6-m/nofp\libgcc.a(_thumb1_case_uhi.o)
                0x0000000008000140                __gnu_thumb1_case_uhi
 .text          0x0000000008000154      0x114 C:/ST/STM32CubeIDE_1.14.1/STM32CubeIDE/plugins/com.st.stm32cube.ide.mcu.externaltools.gnu-tools-for-stm32.11.3.rel1.win32_1.1.100.202309141235/tools/bin/../lib/gcc/arm-none-eabi/11.3.1/thumb/v6-m/nofp\libgcc.a(_udivsi3.o)
                0x0000000008000154                __aeabi_uidiv
                0x0000000008000154                __udivsi3
                0x0000000008000260                __aeabi_uidivmod
 .text          0x0000000008000268      0x1d4 C:/ST/STM32CubeIDE_1.14.1/STM32CubeIDE/plugins/com.st.stm32cube.ide.mcu.externaltools.gnu-tools-for-stm32.11.3.rel1.win32_1.1.100.202309141235/tools/bin/../lib/gcc/arm-none-eabi/11.3.1/thumb/v6-m/nofp\libgcc.a(_divsi3.o)
                0x0000000008000268                __divsi3
                0x0000000008000268                __aeabi_idiv
                0x0000000008000434                __aeabi_idivmod
 .text          0x000000000800043c        0x4 C:/ST/STM32CubeIDE_1.14.1/STM32CubeIDE/plugins/com.st.stm32cube.ide.mcu.externaltools.gnu-tools-for-stm32.11.3.rel1.win32_1.1.100.202309141235/tools/bin/../lib/gcc/arm-none-eabi/11.3.1/thumb/v6-m/nofp\libgcc.a(_dvmd_tls.o)
                0x000000000800043c                __aeabi_idiv0
                0x000000000800043c                __aeabi_ldiv0
 .text          0x0000000008000440       0x7c C:/ST/STM32CubeIDE_1.14.1/STM32CubeIDE/plugins/com.st.stm32cube.ide.mcu.externaltools.gnu-tools-for-stm32.11.3.rel1.win32_1.1.100.202309141235/tools/bin/../lib/gcc/arm-none-eabi/11.3.1/thumb/v6-m/nofp\libgcc.a(_arm_cmpdf2.o)
                0x0000000008000440                __aeabi_cdrcmple
                0x0000000008000450                __aeabi_cdcmple
                0x0000000008000450                __aeabi_cdcmpeq
                0x0000000008000460                __aeabi_dcmpeq
                0x000000000800046c                __aeabi_dcmplt
                0x0000000008000480                __aeabi_dcmple
                0x0000000008000494                __aeabi_dcmpgt
                0x00000000080004a8                __aeabi_dcmpge
 .text          0x00000000080004bc       0x74 C:/ST/STM32CubeIDE_1.14.1/STM32CubeIDE/plugins/com.st.stm32cube.ide.mcu.externaltools.gnu-tools-for-stm32.11.3.rel1.win32_1.1.100.202309141235/tools/bin/../lib/gcc/arm-none-eabi/11.3.1/thumb/v6-m/nofp\libgcc.a(_arm_cmpsf2.o)
                0x00000000080004bc                __aeabi_cfrcmple
                0x00000000080004c4                __aeabi_cfcmpeq
                0x00000000080004c4                __aeabi_cfcmple
                0x00000000080004d4                __aeabi_fcmpeq
                0x00000000080004e0                __aeabi_fcmplt
                0x00000000080004f4                __aeabi_fcmple
                0x0000000008000508                __aeabi_fcmpgt
                0x000000000800051c                __aeabi_fcmpge
 .text          0x0000000008000530       0x14 C:/ST/STM32CubeIDE_1.14.1/STM32CubeIDE/plugins/com.st.stm32cube.ide.mcu.externaltools.gnu-tools-for-stm32.11.3.rel1.win32_1.1.100.202309141235/tools/bin/../lib/gcc/arm-none-eabi/11.3.1/thumb/v6-m/nofp\libgcc.a(_aeabi_ulcmp.o)
                0x0000000008000530                __aeabi_ulcmp
 .text          0x0000000008000544       0x40 C:/ST/STM32CubeIDE_1.14.1/STM32CubeIDE/plugins/com.st.stm32cube.ide.mcu.externaltools.gnu-tools-for-stm32.11.3.rel1.win32_1.1.100.202309141235/tools/bin/../lib/gcc/arm-none-eabi/11.3.1/thumb/v6-m/nofp\libgcc.a(_aeabi_uldivmod.o)
                0x0000000008000544                __aeabi_uldivmod
 .text          0x0000000008000584       0x5c C:/ST/STM32CubeIDE_1.14.1/STM32CubeIDE/plugins/com.st.stm32cube.ide.mcu.externaltools.gnu-tools-for-stm32.11.3.rel1.win32_1.1.100.202309141235/tools/bin/../lib/gcc/arm-none-eabi/11.3.1/thumb/v6-m/nofp\libgcc.a(_muldi3.o)
                0x0000000008000584                __muldi3
                0x0000000008000584                __aeabi_lmul
 .text          0x00000000080005e0       0x30 C:/ST/STM32CubeIDE_1.14.1/STM32CubeIDE/plugins/com.st.stm32cube.ide.mcu.externaltools.gnu-tools-for-stm32.11.3.rel1.win32_1.1.100.202309141235/tools/bin/../lib/gcc/arm-none-eabi/11.3.1/thumb/v6-m/nofp\libgcc.a(_fixunssfsi.o)
                0x00000000080005e0                __fixunssfsi
                0x00000000080005e0                __aeabi_f2uiz
 .text          0x0000000008000610       0x3c C:/ST/STM32CubeIDE_1.14.1/STM32CubeIDE/plugins/com.st.stm32cube.ide.mcu.externaltools.gnu-tools-for-stm32.11.3.rel1.win32_1.1.100.202309141235/tools/bin/../lib/gcc/arm-none-eabi/11.3.1/thumb/v6-m/nofp\libgcc.a(_fixunsdfsi.o)
                0x0000000008000610                __aeabi_d2uiz
                0x0000000008000610                __fixunsdfsi
 .text          0x000000000800064c       0x3c C:/ST/STM32CubeIDE_1.14.1/STM32CubeIDE/plugins/com.st.stm32cube.ide.mcu.externaltools.gnu-tools-for-stm32.11.3.rel1.win32_1.1.100.202309141235/tools/bin/../lib/gcc/arm-none-eabi/11.3.1/thumb/v6-m/nofp\libgcc.a(_fixdfdi.o)
                0x000000000800064c                __fixdfdi
                0x000000000800064c                __aeabi_d2lz
 .text          0x0000000008000688       0x3c C:/ST/STM32CubeIDE_1.14.1/STM32CubeIDE/plugins/com.st.stm32cube.ide.mcu.externaltools.gnu-tools-for-stm32.11.3.rel1.win32_1.1.100.202309141235/tools/bin/../lib/gcc/arm-none-eabi/11.3.1/thumb/v6-m/nofp\libgcc.a(_fixunsdfdi.o)
                0x0000000008000688                __fixunsdfdi
                0x0000000008000688                __aeabi_d2ulz
 .text          0x00000000080006c4       0x2c C:/ST/STM32CubeIDE_1.14.1/STM32CubeIDE/plugins/com.st.stm32cube.ide.mcu.externaltools.gnu-tools-for-stm32.11.3.rel1.win32_1.1.100.202309141235/tools/bin/../lib/gcc/arm-none-eabi/11.3.1/thumb/v6-m/nofp\libgcc.a(_floatdidf.o)
                0x00000000080006c4                __aeabi_l2d
                0x00000000080006c4                __floatdidf
 .text          0x00000000080006f0      0x198 C:/ST/STM32CubeIDE_1.14.1/STM32CubeIDE/plugins/com.st.stm32cube.ide.mcu.externaltools.gnu-tools-for-stm32.11.3.rel1.win32_1.1.100.202309141235/tools/bin/../lib/gcc/arm-none-eabi/11.3.1/thumb/v6-m/nofp\libgcc.a(_udivmoddi4.o)
                0x00000000080006f0                __udivmoddi4
 .text          0x0000000008000888      0x234 C:/ST/STM32CubeIDE_1.14.1/STM32CubeIDE/plugins/com.st.stm32cube.ide.mcu.externaltools.gnu-tools-for-stm32.11.3.rel1.win32_1.1.100.202309141235/tools/bin/../lib/gcc/arm-none-eabi/11.3.1/thumb/v6-m/nofp\libgcc.a(divsf3.o)
                0x0000000008000888                __aeabi_fdiv
 .text          0x0000000008000abc       0x4c C:/ST/STM32CubeIDE_1.14.1/STM32CubeIDE/plugins/com.st.stm32cube.ide.mcu.externaltools.gnu-tools-for-stm32.11.3.rel1.win32_1.1.100.202309141235/tools/bin/../lib/gcc/arm-none-eabi/11.3.1/thumb/v6-m/nofp\libgcc.a(eqsf2.o)
                0x0000000008000abc                __eqsf2
                0x0000000008000abc                __nesf2
 .text          0x0000000008000b08       0x8c C:/ST/STM32CubeIDE_1.14.1/STM32CubeIDE/plugins/com.st.stm32cube.ide.mcu.externaltools.gnu-tools-for-stm32.11.3.rel1.win32_1.1.100.202309141235/tools/bin/../lib/gcc/arm-none-eabi/11.3.1/thumb/v6-m/nofp\libgcc.a(gesf2.o)
                0x0000000008000b08                __gesf2
                0x0000000008000b08                __gtsf2
 .text          0x0000000008000b94       0x88 C:/ST/STM32CubeIDE_1.14.1/STM32CubeIDE/plugins/com.st.stm32cube.ide.mcu.externaltools.gnu-tools-for-stm32.11.3.rel1.win32_1.1.100.202309141235/tools/bin/../lib/gcc/arm-none-eabi/11.3.1/thumb/v6-m/nofp\libgcc.a(lesf2.o)
                0x0000000008000b94                __ltsf2
                0x0000000008000b94                __lesf2
 .text          0x0000000008000c1c      0x29c C:/ST/STM32CubeIDE_1.14.1/STM32CubeIDE/plugins/com.st.stm32cube.ide.mcu.externaltools.gnu-tools-for-stm32.11.3.rel1.win32_1.1.100.202309141235/tools/bin/../lib/gcc/arm-none-eabi/11.3.1/thumb/v6-m/nofp\libgcc.a(mulsf3.o)
                0x0000000008000c1c                __aeabi_fmul
 .text          0x0000000008000eb8      0x340 C:/ST/STM32CubeIDE_1.14.1/STM32CubeIDE/plugins/com.st.stm32cube.ide.mcu.externaltools.gnu-tools-for-stm32.11.3.rel1.win32_1.1.100.202309141235/tools/bin/../lib/gcc/arm-none-eabi/11.3.1/thumb/v6-m/nofp\libgcc.a(subsf3.o)
                0x0000000008000eb8                __aeabi_fsub
 .text          0x00000000080011f8       0x40 C:/ST/STM32CubeIDE_1.14.1/STM32CubeIDE/plugins/com.st.stm32cube.ide.mcu.externaltools.gnu-tools-for-stm32.11.3.rel1.win32_1.1.100.202309141235/tools/bin/../lib/gcc/arm-none-eabi/11.3.1/thumb/v6-m/nofp\libgcc.a(fixsfsi.o)
                0x00000000080011f8                __aeabi_f2iz
 .text          0x0000000008001238       0x90 C:/ST/STM32CubeIDE_1.14.1/STM32CubeIDE/plugins/com.st.stm32cube.ide.mcu.externaltools.gnu-tools-for-stm32.11.3.rel1.win32_1.1.100.202309141235/tools/bin/../lib/gcc/arm-none-eabi/11.3.1/thumb/v6-m/nofp\libgcc.a(floatunsisf.o)
                0x0000000008001238                __aeabi_ui2f
 .text          0x00000000080012c8      0x6c0 C:/ST/STM32CubeIDE_1.14.1/STM32CubeIDE/plugins/com.st.stm32cube.ide.mcu.externaltools.gnu-tools-for-stm32.11.3.rel1.win32_1.1.100.202309141235/tools/bin/../lib/gcc/arm-none-eabi/11.3.1/thumb/v6-m/nofp\libgcc.a(adddf3.o)
                0x00000000080012c8                __aeabi_dadd
 .text          0x0000000008001988      0x5dc C:/ST/STM32CubeIDE_1.14.1/STM32CubeIDE/plugins/com.st.stm32cube.ide.mcu.externaltools.gnu-tools-for-stm32.11.3.rel1.win32_1.1.100.202309141235/tools/bin/../lib/gcc/arm-none-eabi/11.3.1/thumb/v6-m/nofp\libgcc.a(divdf3.o)
                0x0000000008001988                __aeabi_ddiv
 .text          0x0000000008001f64       0x84 C:/ST/STM32CubeIDE_1.14.1/STM32CubeIDE/plugins/com.st.stm32cube.ide.mcu.externaltools.gnu-tools-for-stm32.11.3.rel1.win32_1.1.100.202309141235/tools/bin/../lib/gcc/arm-none-eabi/11.3.1/thumb/v6-m/nofp\libgcc.a(eqdf2.o)
                0x0000000008001f64                __nedf2
                0x0000000008001f64                __eqdf2
 .text          0x0000000008001fe8       0xcc C:/ST/STM32CubeIDE_1.14.1/STM32CubeIDE/plugins/com.st.stm32cube.ide.mcu.externaltools.gnu-tools-for-stm32.11.3.rel1.win32_1.1.100.202309141235/tools/bin/../lib/gcc/arm-none-eabi/11.3.1/thumb/v6-m/nofp\libgcc.a(gedf2.o)
                0x0000000008001fe8                __gedf2
                0x0000000008001fe8                __gtdf2
 .text          0x00000000080020b4       0xc8 C:/ST/STM32CubeIDE_1.14.1/STM32CubeIDE/plugins/com.st.stm32cube.ide.mcu.externaltools.gnu-tools-for-stm32.11.3.rel1.win32_1.1.100.202309141235/tools/bin/../lib/gcc/arm-none-eabi/11.3.1/thumb/v6-m/nofp\libgcc.a(ledf2.o)
                0x00000000080020b4                __ledf2
                0x00000000080020b4                __ltdf2
 .text          0x000000000800217c      0x584 C:/ST/STM32CubeIDE_1.14.1/STM32CubeIDE/plugins/com.st.stm32cube.ide.mcu.externaltools.gnu-tools-for-stm32.11.3.rel1.win32_1.1.100.202309141235/tools/bin/../lib/gcc/arm-none-eabi/11.3.1/thumb/v6-m/nofp\libgcc.a(muldf3.o)
                0x000000000800217c                __aeabi_dmul
 .text          0x0000000008002700      0x704 C:/ST/STM32CubeIDE_1.14.1/STM32CubeIDE/plugins/com.st.stm32cube.ide.mcu.externaltools.gnu-tools-for-stm32.11.3.rel1.win32_1.1.100.202309141235/tools/bin/../lib/gcc/arm-none-eabi/11.3.1/thumb/v6-m/nofp\libgcc.a(subdf3.o)
                0x0000000008002700                __aeabi_dsub
 .text          0x0000000008002e04       0x3c C:/ST/STM32CubeIDE_1.14.1/STM32CubeIDE/plugins/com.st.stm32cube.ide.mcu.externaltools.gnu-tools-for-stm32.11.3.rel1.win32_1.1.100.202309141235/tools/bin/../lib/gcc/arm-none-eabi/11.3.1/thumb/v6-m/nofp\libgcc.a(unorddf2.o)
                0x0000000008002e04                __aeabi_dcmpun
 .text          0x0000000008002e40       0x6c C:/ST/STM32CubeIDE_1.14.1/STM32CubeIDE/plugins/com.st.stm32cube.ide.mcu.externaltools.gnu-tools-for-stm32.11.3.rel1.win32_1.1.100.202309141235/tools/bin/../lib/gcc/arm-none-eabi/11.3.1/thumb/v6-m/nofp\libgcc.a(fixdfsi.o)
                0x0000000008002e40                __aeabi_d2iz
 .text          0x0000000008002eac       0x60 C:/ST/STM32CubeIDE_1.14.1/STM32CubeIDE/plugins/com.st.stm32cube.ide.mcu.externaltools.gnu-tools-for-stm32.11.3.rel1.win32_1.1.100.202309141235/tools/bin/../lib/gcc/arm-none-eabi/11.3.1/thumb/v6-m/nofp\libgcc.a(floatsidf.o)
                0x0000000008002eac                __aeabi_i2d
 .text          0x0000000008002f0c       0x4c C:/ST/STM32CubeIDE_1.14.1/STM32CubeIDE/plugins/com.st.stm32cube.ide.mcu.externaltools.gnu-tools-for-stm32.11.3.rel1.win32_1.1.100.202309141235/tools/bin/../lib/gcc/arm-none-eabi/11.3.1/thumb/v6-m/nofp\libgcc.a(floatunsidf.o)
                0x0000000008002f0c                __aeabi_ui2d
 .text          0x0000000008002f58       0x90 C:/ST/STM32CubeIDE_1.14.1/STM32CubeIDE/plugins/com.st.stm32cube.ide.mcu.externaltools.gnu-tools-for-stm32.11.3.rel1.win32_1.1.100.202309141235/tools/bin/../lib/gcc/arm-none-eabi/11.3.1/thumb/v6-m/nofp\libgcc.a(extendsfdf2.o)
                0x0000000008002f58                __aeabi_f2d
 .text          0x0000000008002fe8      0x10c C:/ST/STM32CubeIDE_1.14.1/STM32CubeIDE/plugins/com.st.stm32cube.ide.mcu.externaltools.gnu-tools-for-stm32.11.3.rel1.win32_1.1.100.202309141235/tools/bin/../lib/gcc/arm-none-eabi/11.3.1/thumb/v6-m/nofp\libgcc.a(truncdfsf2.o)
                0x0000000008002fe8                __aeabi_d2f
 .text          0x00000000080030f4       0x3c C:/ST/STM32CubeIDE_1.14.1/STM32CubeIDE/plugins/com.st.stm32cube.ide.mcu.externaltools.gnu-tools-for-stm32.11.3.rel1.win32_1.1.100.202309141235/tools/bin/../lib/gcc/arm-none-eabi/11.3.1/thumb/v6-m/nofp\libgcc.a(_clzsi2.o)
                0x00000000080030f4                __clzsi2
 .text          0x0000000008003130       0x18 C:/ST/STM32CubeIDE_1.14.1/STM32CubeIDE/plugins/com.st.stm32cube.ide.mcu.externaltools.gnu-tools-for-stm32.11.3.rel1.win32_1.1.100.202309141235/tools/bin/../lib/gcc/arm-none-eabi/11.3.1/thumb/v6-m/nofp\libgcc.a(_clzdi2.o)
                0x0000000008003130                __clzdi2
 *(.text*)
 .text.__NVIC_SystemReset
                0x0000000008003148       0x24 BOS\BOS.o
 .text.Processor_type
                0x000000000800316c       0x6a BOS\BOS.o
                0x000000000800316c                Processor_type
 *fill*         0x00000000080031d6        0x2 
 .text.Get_Module_Name
                0x00000000080031d8       0x28 BOS\BOS.o
                0x00000000080031d8                Get_Module_Name
 .text.Send_BOS_Message
                0x0000000008003200       0xfc BOS\BOS.o
                0x0000000008003200                Send_BOS_Message
 .text.LoadEEvars
                0x00000000080032fc       0x2a BOS\BOS.o
                0x00000000080032fc                LoadEEvars
 *fill*         0x0000000008003326        0x2 
 .text.LoadROtopology
                0x0000000008003328       0xfc BOS\BOS.o
                0x0000000008003328                LoadROtopology
 .text.LoadEEportsDir
                0x0000000008003424       0x68 BOS\BOS.o
                0x0000000008003424                LoadEEportsDir
 .text.LoadEEalias
                0x000000000800348c       0xd8 BOS\BOS.o
                0x000000000800348c                LoadEEalias
 .text.LoadEEgroup
                0x0000000008003564      0x120 BOS\BOS.o
                0x0000000008003564                LoadEEgroup
 .text.LoadEEstreams
                0x0000000008003684      0x21c BOS\BOS.o
                0x0000000008003684                LoadEEstreams
 .text.LoadEEparams
                0x00000000080038a0      0x260 BOS\BOS.o
                0x00000000080038a0                LoadEEparams
 .text.LoadEEbuttons
                0x0000000008003b00      0x2ec BOS\BOS.o
                0x0000000008003b00                LoadEEbuttons
 .text.LoadROsnippets
                0x0000000008003dec      0x1d8 BOS\BOS.o
                0x0000000008003dec                LoadROsnippets
 .text.SaveEEportsDir
                0x0000000008003fc4       0x78 BOS\BOS.o
                0x0000000008003fc4                SaveEEportsDir
 .text.SaveEEalias
                0x000000000800403c       0xd4 BOS\BOS.o
                0x000000000800403c                SaveEEalias
 .text.SaveEEstreams
                0x0000000008004110       0xdc BOS\BOS.o
                0x0000000008004110                SaveEEstreams
 .text.SaveEEparams
                0x00000000080041ec       0xf8 BOS\BOS.o
                0x00000000080041ec                SaveEEparams
 .text.ClearEEportsDir
                0x00000000080042e4       0x84 BOS\BOS.o
                0x00000000080042e4                ClearEEportsDir
 .text.EE_FormatForFactoryReset
                0x0000000008004368       0x2c BOS\BOS.o
                0x0000000008004368                EE_FormatForFactoryReset
 .text.IsLowerCLIbaud
                0x0000000008004394       0xe8 BOS\BOS.o
                0x0000000008004394                IsLowerCLIbaud
 .text.IsModuleParameter
                0x000000000800447c       0x64 BOS\BOS.o
                0x000000000800447c                IsModuleParameter
 .text.IsMathOperator
                0x00000000080044e0       0xc4 BOS\BOS.o
                0x00000000080044e0                IsMathOperator
 .text.BOS_Init
                0x00000000080045a4      0x130 BOS\BOS.o
                0x00000000080045a4                BOS_Init
 .text.Module_Init
                0x00000000080046d4       0x1e BOS\BOS.o
                0x00000000080046d4                Module_Init
 *fill*         0x00000000080046f2        0x2 
 .text.ExploreNeighbors
                0x00000000080046f4       0x90 BOS\BOS.o
                0x00000000080046f4                ExploreNeighbors
 .text.FindBroadcastRoutes
                0x0000000008004784      0x3b0 BOS\BOS.o
                0x0000000008004784                FindBroadcastRoutes
 .text.FindRoute
                0x0000000008004b34      0x2dc BOS\BOS.o
                0x0000000008004b34                FindRoute
 .text.minArr   0x0000000008004e10       0x88 BOS\BOS.o
                0x0000000008004e10                minArr
 .text.QnotEmpty
                0x0000000008004e98       0x50 BOS\BOS.o
                0x0000000008004e98                QnotEmpty
 .text.DisplayTopology
                0x0000000008004ee8      0x258 BOS\BOS.o
                0x0000000008004ee8                DisplayTopology
 .text.DisplayPortsDir
                0x0000000008005140      0x118 BOS\BOS.o
                0x0000000008005140                DisplayPortsDir
 .text.DisplayModuleStatus
                0x0000000008005258      0x3c0 BOS\BOS.o
                0x0000000008005258                DisplayModuleStatus
 .text.GetID    0x0000000008005618      0x15c BOS\BOS.o
                0x0000000008005618                GetID
 .text.NameModule
                0x0000000008005774      0x140 BOS\BOS.o
                0x0000000008005774                NameModule
 .text.AddModuleToGroup
                0x00000000080058b4      0x1b8 BOS\BOS.o
                0x00000000080058b4                AddModuleToGroup
 .text.WriteToRemote
                0x0000000008005a6c      0x460 BOS\BOS.o
                0x0000000008005a6c                WriteToRemote
 .text.GetDateString
                0x0000000008005ecc       0x5c BOS\BOS.o
                0x0000000008005ecc                GetDateString
 .text.Bridge   0x0000000008005f28       0x4c BOS\BOS.o
                0x0000000008005f28                Bridge
 .text.Unbridge
                0x0000000008005f74       0xcc BOS\BOS.o
                0x0000000008005f74                Unbridge
 .text.EnableStopModebyUARTx
                0x0000000008006040       0xb8 BOS\BOS.o
                0x0000000008006040                EnableStopModebyUARTx
 .text.EnableStandbyModebyWakeupPinx
                0x00000000080060f8       0x64 BOS\BOS.o
                0x00000000080060f8                EnableStandbyModebyWakeupPinx
 .text.DisableStandbyModeWakeupPinx
                0x000000000800615c       0x98 BOS\BOS.o
                0x000000000800615c                DisableStandbyModeWakeupPinx
 .text.prvCLITask
                0x00000000080061f4      0x278 BOS\BOS_CLI.o
                0x00000000080061f4                prvCLITask
 .text.CLI_CommandParser
                0x000000000800646c      0x574 BOS\BOS_CLI.o
                0x000000000800646c                CLI_CommandParser
 .text.StringToLowerCase
                0x00000000080069e0       0x6c BOS\BOS_CLI.o
                0x00000000080069e0                StringToLowerCase
 .text.AddSnippet
                0x0000000008006a4c      0x1b4 BOS\BOS_CLI.o
                0x0000000008006a4c                AddSnippet
 .text.ParseSnippetCondition
                0x0000000008006c00      0x7f8 BOS\BOS_CLI.o
                0x0000000008006c00                ParseSnippetCondition
 .text.ParseSnippetCommand
                0x00000000080073f8       0xc8 BOS\BOS_CLI.o
                0x00000000080073f8                ParseSnippetCommand
 .text.CheckSnippetCondition
                0x00000000080074c0      0x1b4 BOS\BOS_CLI.o
                0x00000000080074c0                CheckSnippetCondition
 .text.ExecuteSnippet
                0x0000000008007674       0xd0 BOS\BOS_CLI.o
                0x0000000008007674                ExecuteSnippet
 .text.__NVIC_SystemReset
                0x0000000008007744       0x24 BOS\BOS_CLIcommands.o
 .text.RegisterUserCLICommands
                0x0000000008007768        0xa BOS\BOS_CLIcommands.o
                0x0000000008007768                RegisterUserCLICommands
 *fill*         0x0000000008007772        0x2 
 .text.vRegisterCLICommands
                0x0000000008007774      0x1b0 BOS\BOS_CLIcommands.o
                0x0000000008007774                vRegisterCLICommands
 .text.prvTaskStatsCommand
                0x0000000008007924       0x40 BOS\BOS_CLIcommands.o
 .text.prvRunTimeStatsCommand
                0x0000000008007964       0x40 BOS\BOS_CLIcommands.o
 .text.pingCommand
                0x00000000080079a4       0x98 BOS\BOS_CLIcommands.o
 .text.bootloaderUpdateCommand
                0x0000000008007a3c      0x1fc BOS\BOS_CLIcommands.o
 .text.exploreCommand
                0x0000000008007c38       0x16 BOS\BOS_CLIcommands.o
 .text.resetCommand
                0x0000000008007c4e       0x10 BOS\BOS_CLIcommands.o
 *fill*         0x0000000008007c5e        0x2 
 .text.nameCommand
                0x0000000008007c60       0xe8 BOS\BOS_CLIcommands.o
 .text.groupCommand
                0x0000000008007d48      0x2fc BOS\BOS_CLIcommands.o
 .text.statusCommand
                0x0000000008008044       0x1c BOS\BOS_CLIcommands.o
 .text.infoCommand
                0x0000000008008060       0xfc BOS\BOS_CLIcommands.o
 .text.scastCommand
                0x000000000800815c      0x2dc BOS\BOS_CLIcommands.o
 .text.addbuttonCommand
                0x0000000008008438      0x150 BOS\BOS_CLIcommands.o
 .text.removebuttonCommand
                0x0000000008008588       0x94 BOS\BOS_CLIcommands.o
 .text.setCommand
                0x000000000800861c      0xbf8 BOS\BOS_CLIcommands.o
 .text.getCommand
                0x0000000008009214      0x3b4 BOS\BOS_CLIcommands.o
 .text.defaultCommand
                0x00000000080095c8       0xf8 BOS\BOS_CLIcommands.o
 .text.timeCommand
                0x00000000080096c0       0xd8 BOS\BOS_CLIcommands.o
 .text.dateCommand
                0x0000000008009798       0x34 BOS\BOS_CLIcommands.o
 .text.setBaudrateCommand
                0x00000000080097cc       0xc0 BOS\BOS_CLIcommands.o
 .text.uuidCommand
                0x000000000800988c       0x70 BOS\BOS_CLIcommands.o
 .text.idcodeCommand
                0x00000000080098fc       0xe0 BOS\BOS_CLIcommands.o
 .text.flashsizeCommand
                0x00000000080099dc       0x34 BOS\BOS_CLIcommands.o
 .text.snipCommand
                0x0000000008009a10      0x3ac BOS\BOS_CLIcommands.o
 .text.actSnipCommand
                0x0000000008009dbc       0xb8 BOS\BOS_CLIcommands.o
 .text.pauseSnipCommand
                0x0000000008009e74       0xb8 BOS\BOS_CLIcommands.o
 .text.delSnipCommand
                0x0000000008009f2c      0x1d4 BOS\BOS_CLIcommands.o
 .text.bridgeCommand
                0x000000000800a100      0x11c BOS\BOS_CLIcommands.o
 .text.unbridgeCommand
                0x000000000800a21c      0x11c BOS\BOS_CLIcommands.o
 .text.testportCommand
                0x000000000800a338      0x2e8 BOS\BOS_CLIcommands.o
 .text.ADCReadCommand
                0x000000000800a620      0x134 BOS\BOS_CLIcommands.o
 .text.ReadTempCommand
                0x000000000800a754       0x54 BOS\BOS_CLIcommands.o
 .text.ReadVrefCommand
                0x000000000800a7a8       0x54 BOS\BOS_CLIcommands.o
 .text.GetReadPrecentageCommand
                0x000000000800a7fc       0x98 BOS\BOS_CLIcommands.o
 .text.StartDMAstream
                0x000000000800a894       0xb0 BOS\BOS_dma.o
                0x000000000800a894                StartDMAstream
 .text.ResetUartORE
                0x000000000800a944       0x48 BOS\BOS_dma.o
                0x000000000800a944                ResetUartORE
 .text.MX_FREERTOS_Init
                0x000000000800a98c      0x214 BOS\BOS_freertos.o
                0x000000000800a98c                MX_FREERTOS_Init
 .text.StartDefaultTask
                0x000000000800aba0       0xfc BOS\BOS_freertos.o
                0x000000000800aba0                StartDefaultTask
 .text.ExecuteMonitor
                0x000000000800ac9c      0x4c8 BOS\BOS_freertos.o
                0x000000000800ac9c                ExecuteMonitor
 .text.vMainConfigureTimerForRunTimeStats
                0x000000000800b164       0x2c BOS\BOS_freertos.o
                0x000000000800b164                vMainConfigureTimerForRunTimeStats
 .text.ulMainGetRunTimeCounterValue
                0x000000000800b190       0x90 BOS\BOS_freertos.o
                0x000000000800b190                ulMainGetRunTimeCounterValue
 .text.SetupDMAStreams
                0x000000000800b220      0x27c BOS\BOS_messaging.o
                0x000000000800b220                SetupDMAStreams
 .text.StreamTimerCallback
                0x000000000800b49c       0x34 BOS\BOS_messaging.o
                0x000000000800b49c                StreamTimerCallback
 .text.ForwardReceivedMessage
                0x000000000800b4d0       0x80 BOS\BOS_messaging.o
                0x000000000800b4d0                ForwardReceivedMessage
 .text.BroadcastReceivedMessage
                0x000000000800b550       0x70 BOS\BOS_messaging.o
                0x000000000800b550                BroadcastReceivedMessage
 .text.NotifyMessagingTask
                0x000000000800b5c0       0x90 BOS\BOS_messaging.o
                0x000000000800b5c0                NotifyMessagingTask
 .text.BroadcastMessage
                0x000000000800b650       0x94 BOS\BOS_messaging.o
                0x000000000800b650                BroadcastMessage
 .text.SendMessageToModule
                0x000000000800b6e4       0xa4 BOS\BOS_messaging.o
                0x000000000800b6e4                SendMessageToModule
 .text.SendMessageFromPort
                0x000000000800b788      0x6b4 BOS\BOS_messaging.o
                0x000000000800b788                SendMessageFromPort
 .text.StartScastDMAStream
                0x000000000800be3c      0x30c BOS\BOS_messaging.o
                0x000000000800be3c                StartScastDMAStream
 .text.__NVIC_SystemReset
                0x000000000800c148       0x24 BOS\BOS_msgparser.o
 .text.BackEndTask
                0x000000000800c16c      0x858 BOS\BOS_msgparser.o
                0x000000000800c16c                BackEndTask
 .text.PxMessagingTask
                0x000000000800c9c4     0x5664 BOS\BOS_msgparser.o
                0x000000000800c9c4                PxMessagingTask
 .text.User_MessagingParser
                0x0000000008012028       0x3a BOS\BOS_msgparser.o
                0x0000000008012028                User_MessagingParser
 *fill*         0x0000000008012062        0x2 
 .text.SystemClock_Config
                0x0000000008012064       0xe8 H18R1\H18R1.o
                0x0000000008012064                SystemClock_Config
 .text.SaveToRO
                0x000000000801214c      0x414 H18R1\H18R1.o
                0x000000000801214c                SaveToRO
 .text.ClearROtopology
                0x0000000008012560       0x38 H18R1\H18R1.o
                0x0000000008012560                ClearROtopology
 .text.remoteBootloaderUpdate
                0x0000000008012598      0x178 H18R1\H18R1.o
                0x0000000008012598                remoteBootloaderUpdate
 .text.SetupPortForRemoteBootloaderUpdate
                0x0000000008012710       0x52 H18R1\H18R1.o
                0x0000000008012710                SetupPortForRemoteBootloaderUpdate
 *fill*         0x0000000008012762        0x2 
 .text.Module_Peripheral_Init
                0x0000000008012764      0x138 H18R1\H18R1.o
                0x0000000008012764                Module_Peripheral_Init
 .text.Module_MessagingTask
                0x000000000801289c      0x188 H18R1\H18R1.o
                0x000000000801289c                Module_MessagingTask
 .text.GetPort  0x0000000008012a24       0x6c H18R1\H18R1.o
                0x0000000008012a24                GetPort
 .text.RegisterModuleCLICommands
                0x0000000008012a90       0x30 H18R1\H18R1.o
                0x0000000008012a90                RegisterModuleCLICommands
 .text.MotorPWM
                0x0000000008012ac0       0xec H18R1\H18R1.o
                0x0000000008012ac0                MotorPWM
 .text.Turn_ON  0x0000000008012bac       0x36 H18R1\H18R1.o
                0x0000000008012bac                Turn_ON
 *fill*         0x0000000008012be2        0x2 
 .text.Turn_OFF
                0x0000000008012be4       0x78 H18R1\H18R1.o
                0x0000000008012be4                Turn_OFF
 .text.Turn_PWM
                0x0000000008012c5c      0x170 H18R1\H18R1.o
                0x0000000008012c5c                Turn_PWM
 .text.CLI_Turn_ONCommand
                0x0000000008012dcc       0xf0 H18R1\H18R1.o
                0x0000000008012dcc                CLI_Turn_ONCommand
 .text.CLI_Turn_OFFCommand
                0x0000000008012ebc       0x98 H18R1\H18R1.o
                0x0000000008012ebc                CLI_Turn_OFFCommand
 .text.CLI_Turn_PWMCommand
                0x0000000008012f54      0x148 H18R1\H18R1.o
                0x0000000008012f54                CLI_Turn_PWMCommand
 .text.LL_DMAMUX_SetRequestID
                0x000000000801309c       0x3c H18R1\H18R1_dma.o
 .text.DMA_Init
                0x00000000080130d8       0xa8 H18R1\H18R1_dma.o
                0x00000000080130d8                DMA_Init
 .text.DMA_MSG_RX_CH_Init
                0x0000000008013180       0x4c H18R1\H18R1_dma.o
                0x0000000008013180                DMA_MSG_RX_CH_Init
 .text.DMA_STREAM_CH_Init
                0x00000000080131cc       0x4c H18R1\H18R1_dma.o
                0x00000000080131cc                DMA_STREAM_CH_Init
 .text.SetupMessagingRxDMAs
                0x0000000008013218       0x9c H18R1\H18R1_dma.o
                0x0000000008013218                SetupMessagingRxDMAs
 .text.DMA_MSG_RX_Setup
                0x00000000080132b4       0x38 H18R1\H18R1_dma.o
                0x00000000080132b4                DMA_MSG_RX_Setup
 .text.DMA_MSG_TX_UnSetup
                0x00000000080132ec       0x28 H18R1\H18R1_dma.o
                0x00000000080132ec                DMA_MSG_TX_UnSetup
 .text.DMA_STREAM_Setup
                0x0000000008013314       0x68 H18R1\H18R1_dma.o
                0x0000000008013314                DMA_STREAM_Setup
 .text.StopStreamDMA
                0x000000000801337c       0x70 H18R1\H18R1_dma.o
                0x000000000801337c                StopStreamDMA
 .text.StopMsgDMA
                0x00000000080133ec       0x4c H18R1\H18R1_dma.o
                0x00000000080133ec                StopMsgDMA
 .text.SwitchMsgDMAToStream
                0x0000000008013438       0x50 H18R1\H18R1_dma.o
                0x0000000008013438                SwitchMsgDMAToStream
 .text.SwitchStreamDMAToMsg
                0x0000000008013488       0xd8 H18R1\H18R1_dma.o
                0x0000000008013488                SwitchStreamDMAToMsg
 .text.UnSetupDMAInterrupts
                0x0000000008013560       0xe4 H18R1\H18R1_dma.o
                0x0000000008013560                UnSetupDMAInterrupts
 .text.RemapAndLinkDMAtoUARTRx
                0x0000000008013644      0x134 H18R1\H18R1_dma.o
                0x0000000008013644                RemapAndLinkDMAtoUARTRx
 .text.CRC_Init
                0x0000000008013778       0x44 H18R1\H18R1_dma.o
                0x0000000008013778                CRC_Init
 .text.HAL_CRC_MspInit
                0x00000000080137bc       0x30 H18R1\H18R1_dma.o
                0x00000000080137bc                HAL_CRC_MspInit
 .text.CalculateCRC8
                0x00000000080137ec      0x154 H18R1\H18R1_dma.o
                0x00000000080137ec                CalculateCRC8
 .text.EE_Init  0x0000000008013940      0x684 H18R1\H18R1_eeprom.o
                0x0000000008013940                EE_Init
 .text.EE_ReadVariable
                0x0000000008013fc4       0xc0 H18R1\H18R1_eeprom.o
                0x0000000008013fc4                EE_ReadVariable
 .text.EE_WriteVariable
                0x0000000008014084       0x64 H18R1\H18R1_eeprom.o
                0x0000000008014084                EE_WriteVariable
 .text.EE_Format
                0x00000000080140e8      0x14c H18R1\H18R1_eeprom.o
                0x00000000080140e8                EE_Format
 .text.EE_FindValidPage
                0x0000000008014234       0x90 H18R1\H18R1_eeprom.o
 .text.EE_VerifyPageFullWriteVariable
                0x00000000080142c4      0x160 H18R1\H18R1_eeprom.o
 .text.EE_PageTransfer
                0x0000000008014424      0x20c H18R1\H18R1_eeprom.o
 .text.EraseSector
                0x0000000008014630       0x60 H18R1\H18R1_eeprom.o
                0x0000000008014630                EraseSector
 .text.GPIO_Init
                0x0000000008014690       0x90 H18R1\H18R1_gpio.o
                0x0000000008014690                GPIO_Init
 .text.IND_LED_Init
                0x0000000008014720       0x38 H18R1\H18R1_gpio.o
                0x0000000008014720                IND_LED_Init
 .text.GPIO_MotorA_Init
                0x0000000008014758       0xbc H18R1\H18R1_gpio.o
                0x0000000008014758                GPIO_MotorA_Init
 .text.GPIO_MotorB_Init
                0x0000000008014814       0x94 H18R1\H18R1_gpio.o
                0x0000000008014814                GPIO_MotorB_Init
 .text.IsFactoryReset
                0x00000000080148a8      0x15c H18R1\H18R1_gpio.o
                0x00000000080148a8                IsFactoryReset
 .text.GetPortGPIOs
                0x0000000008014a04      0x11c H18R1\H18R1_gpio.o
                0x0000000008014a04                GetPortGPIOs
 .text.buttonPressedCallback
                0x0000000008014b20       0x14 H18R1\H18R1_inputs.o
                0x0000000008014b20                buttonPressedCallback
 .text.CheckAttachedButtons
                0x0000000008014b34      0x7a8 H18R1\H18R1_inputs.o
                0x0000000008014b34                CheckAttachedButtons
 .text.CheckForTimedButtonPress
                0x00000000080152dc       0xfc H18R1\H18R1_inputs.o
                0x00000000080152dc                CheckForTimedButtonPress
 .text.CheckForTimedButtonRelease
                0x00000000080153d8       0xfc H18R1\H18R1_inputs.o
                0x00000000080153d8                CheckForTimedButtonRelease
 .text.AddPortButton
                0x00000000080154d4      0x268 H18R1\H18R1_inputs.o
                0x00000000080154d4                AddPortButton
 .text.RemovePortButton
                0x000000000801573c      0x200 H18R1\H18R1_inputs.o
                0x000000000801573c                RemovePortButton
 .text.SetButtonEvents
                0x000000000801593c      0x77c H18R1\H18R1_inputs.o
                0x000000000801593c                SetButtonEvents
 .text.MX_ADC_Init
                0x00000000080160b8       0x88 H18R1\H18R1_inputs.o
                0x00000000080160b8                MX_ADC_Init
 .text.HAL_ADC_MspInit
                0x0000000008016140       0xc4 H18R1\H18R1_inputs.o
                0x0000000008016140                HAL_ADC_MspInit
 .text.ADCSelectChannel
                0x0000000008016204       0xac H18R1\H18R1_inputs.o
                0x0000000008016204                ADCSelectChannel
 .text.ReadADCChannel
                0x00000000080162b0      0x10c H18R1\H18R1_inputs.o
                0x00000000080162b0                ReadADCChannel
 .text.ReadTempAndVref
                0x00000000080163bc      0x1f0 H18R1\H18R1_inputs.o
                0x00000000080163bc                ReadTempAndVref
 .text.GetReadPrecentage
                0x00000000080165ac      0x220 H18R1\H18R1_inputs.o
                0x00000000080165ac                GetReadPrecentage
 .text.Get_channel
                0x00000000080167cc       0xac H18R1\H18R1_inputs.o
                0x00000000080167cc                Get_channel
 .text.Error_Handler
                0x0000000008016878       0x10 H18R1\H18R1_inputs.o
                0x0000000008016878                Error_Handler
 .text.Get_Rank
                0x0000000008016888       0xa4 H18R1\H18R1_inputs.o
                0x0000000008016888                Get_Rank
 .text.buttonReleasedCallback
                0x000000000801692c       0x14 H18R1\H18R1_inputs.o
                0x000000000801692c                buttonReleasedCallback
 .text.buttonClickedCallback
                0x0000000008016940       0x14 H18R1\H18R1_inputs.o
                0x0000000008016940                buttonClickedCallback
 .text.buttonDblClickedCallback
                0x0000000008016954       0x14 H18R1\H18R1_inputs.o
                0x0000000008016954                buttonDblClickedCallback
 .text.buttonPressedForXCallback
                0x0000000008016968       0x1a H18R1\H18R1_inputs.o
                0x0000000008016968                buttonPressedForXCallback
 .text.buttonReleasedForYCallback
                0x0000000008016982       0x1a H18R1\H18R1_inputs.o
                0x0000000008016982                buttonReleasedForYCallback
 .text.__NVIC_SystemReset
                0x000000000801699c       0x24 H18R1\H18R1_it.o
 .text.SysTick_Handler
                0x00000000080169c0       0x12 H18R1\H18R1_it.o
                0x00000000080169c0                SysTick_Handler
 *fill*         0x00000000080169d2        0x2 
 .text.HardFault_Handler
                0x00000000080169d4       0x40 H18R1\H18R1_it.o
                0x00000000080169d4                HardFault_Handler
 .text.USART1_IRQHandler
                0x0000000008016a14       0x30 H18R1\H18R1_it.o
                0x0000000008016a14                USART1_IRQHandler
 .text.USART2_LPUART2_IRQHandler
                0x0000000008016a44       0x30 H18R1\H18R1_it.o
                0x0000000008016a44                USART2_LPUART2_IRQHandler
 .text.USART3_4_5_6_LPUART1_IRQHandler
                0x0000000008016a74       0x48 H18R1\H18R1_it.o
                0x0000000008016a74                USART3_4_5_6_LPUART1_IRQHandler
 .text.HAL_UART_TxCpltCallback
                0x0000000008016abc       0x48 H18R1\H18R1_it.o
                0x0000000008016abc                HAL_UART_TxCpltCallback
 .text.HAL_UART_ErrorCallback
                0x0000000008016b04       0xd4 H18R1\H18R1_it.o
                0x0000000008016b04                HAL_UART_ErrorCallback
 .text.HAL_UART_RxCpltCallback
                0x0000000008016bd8       0x10 H18R1\H18R1_it.o
                0x0000000008016bd8                HAL_UART_RxCpltCallback
 .text.vApplicationStackOverflowHook
                0x0000000008016be8       0x44 H18R1\H18R1_it.o
                0x0000000008016be8                vApplicationStackOverflowHook
 .text.vApplicationMallocFailedHook
                0x0000000008016c2c       0x40 H18R1\H18R1_it.o
                0x0000000008016c2c                vApplicationMallocFailedHook
 .text.RTC_Init
                0x0000000008016c6c       0xc4 H18R1\H18R1_rtc.o
                0x0000000008016c6c                RTC_Init
 .text.RTC_CalendarConfig
                0x0000000008016d30      0x18c H18R1\H18R1_rtc.o
                0x0000000008016d30                RTC_CalendarConfig
 .text.BOS_CalendarConfig
                0x0000000008016ebc      0x128 H18R1\H18R1_rtc.o
                0x0000000008016ebc                BOS_CalendarConfig
 .text.GetTimeDate
                0x0000000008016fe4       0x90 H18R1\H18R1_rtc.o
                0x0000000008016fe4                GetTimeDate
 .text.TIM_USEC_Init
                0x0000000008017074       0x74 H18R1\H18R1_timers.o
                0x0000000008017074                TIM_USEC_Init
 .text.MX_TIM2_Init
                0x00000000080170e8      0x104 H18R1\H18R1_timers.o
                0x00000000080170e8                MX_TIM2_Init
 .text.MX_TIM3_Init
                0x00000000080171ec      0x104 H18R1\H18R1_timers.o
                0x00000000080171ec                MX_TIM3_Init
 .text.HAL_TIM_MspPostInit
                0x00000000080172f0       0xd0 H18R1\H18R1_timers.o
                0x00000000080172f0                HAL_TIM_MspPostInit
 .text.TIM_MSEC_Init
                0x00000000080173c0       0x78 H18R1\H18R1_timers.o
                0x00000000080173c0                TIM_MSEC_Init
 .text.StartMicroDelay
                0x0000000008017438       0x48 H18R1\H18R1_timers.o
                0x0000000008017438                StartMicroDelay
 .text.StartMilliDelay
                0x0000000008017480       0x48 H18R1\H18R1_timers.o
                0x0000000008017480                StartMilliDelay
 .text.MX_USART1_UART_Init
                0x00000000080174c8       0x7c H18R1\H18R1_uart.o
                0x00000000080174c8                MX_USART1_UART_Init
 .text.MX_USART2_UART_Init
                0x0000000008017544       0x7c H18R1\H18R1_uart.o
                0x0000000008017544                MX_USART2_UART_Init
 .text.MX_USART3_UART_Init
                0x00000000080175c0       0x7c H18R1\H18R1_uart.o
                0x00000000080175c0                MX_USART3_UART_Init
 .text.MX_USART5_UART_Init
                0x000000000801763c       0x60 H18R1\H18R1_uart.o
                0x000000000801763c                MX_USART5_UART_Init
 .text.MX_USART6_UART_Init
                0x000000000801769c       0x60 H18R1\H18R1_uart.o
                0x000000000801769c                MX_USART6_UART_Init
 .text.HAL_UART_MspInit
                0x00000000080176fc      0x4c4 H18R1\H18R1_uart.o
                0x00000000080176fc                HAL_UART_MspInit
 .text.writePxMutex
                0x0000000008017bc0       0xac H18R1\H18R1_uart.o
                0x0000000008017bc0                writePxMutex
 .text.writePxITMutex
                0x0000000008017c6c       0x78 H18R1\H18R1_uart.o
                0x0000000008017c6c                writePxITMutex
 .text.UpdateBaudrate
                0x0000000008017ce4       0x3e H18R1\H18R1_uart.o
                0x0000000008017ce4                UpdateBaudrate
 *fill*         0x0000000008017d22        0x2 
 .text.GetUart  0x0000000008017d24       0x54 H18R1\H18R1_uart.o
                0x0000000008017d24                GetUart
 .text.SwapUartPins
                0x0000000008017d78       0xd0 H18R1\H18R1_uart.o
                0x0000000008017d78                SwapUartPins
 .text.ReadPortsDir
                0x0000000008017e48       0xa8 H18R1\H18R1_uart.o
                0x0000000008017e48                ReadPortsDir
 .text.ReadPortsDirMSG
                0x0000000008017ef0       0x80 H18R1\H18R1_uart.o
                0x0000000008017ef0                ReadPortsDirMSG
 .text.UpdateMyPortsDir
                0x0000000008017f70       0x84 H18R1\H18R1_uart.o
                0x0000000008017f70                UpdateMyPortsDir
 .text.Reset_Handler
                0x0000000008017ff4       0x90 H18R1\startup_stm32g0b1ceuxn.o
                0x0000000008017ff4                Reset_Handler
 .text.Default_Handler
                0x0000000008018084        0x2 H18R1\startup_stm32g0b1ceuxn.o
                0x0000000008018084                I2C2_3_IRQHandler
                0x0000000008018084                TIM1_CC_IRQHandler
                0x0000000008018084                ADC1_COMP_IRQHandler
                0x0000000008018084                NMI_Handler
                0x0000000008018084                I2C1_IRQHandler
                0x0000000008018084                TIM7_LPTIM2_IRQHandler
                0x0000000008018084                TIM17_FDCAN_IT1_IRQHandler
                0x0000000008018084                DMA1_Ch4_7_DMA2_Ch1_5_DMAMUX1_OVR_IRQHandler
                0x0000000008018084                RCC_CRS_IRQHandler
                0x0000000008018084                RTC_TAMP_IRQHandler
                0x0000000008018084                SPI1_IRQHandler
                0x0000000008018084                USB_UCPD1_2_IRQHandler
                0x0000000008018084                EXTI2_3_IRQHandler
                0x0000000008018084                PVD_VDDIO2_IRQHandler
                0x0000000008018084                EXTI4_15_IRQHandler
                0x0000000008018084                DMA1_Channel1_IRQHandler
                0x0000000008018084                Default_Handler
                0x0000000008018084                CEC_IRQHandler
                0x0000000008018084                TIM14_IRQHandler
                0x0000000008018084                TIM15_IRQHandler
                0x0000000008018084                TIM3_TIM4_IRQHandler
                0x0000000008018084                EXTI0_1_IRQHandler
                0x0000000008018084                SPI2_3_IRQHandler
                0x0000000008018084                TIM6_DAC_LPTIM1_IRQHandler
                0x0000000008018084                WWDG_IRQHandler
                0x0000000008018084                TIM2_IRQHandler
                0x0000000008018084                DMA1_Channel2_3_IRQHandler
                0x0000000008018084                FLASH_IRQHandler
                0x0000000008018084                TIM16_FDCAN_IT0_IRQHandler
                0x0000000008018084                TIM1_BRK_UP_TRG_COM_IRQHandler
 .text.SystemInit
                0x0000000008018086        0xa Thirdparty\CMSIS\STM32G0xx\Device\ST\STM32G0xx\Source\Templates\system_stm32g0xx.o
                0x0000000008018086                SystemInit
 .text.inHandlerMode
                0x0000000008018090       0x1c Thirdparty\Middleware\STM32G0xx\FreeRTOS\Source\CMSIS_RTOS\cmsis_os.o
 .text.osKernelStart
                0x00000000080180ac       0x10 Thirdparty\Middleware\STM32G0xx\FreeRTOS\Source\CMSIS_RTOS\cmsis_os.o
                0x00000000080180ac                osKernelStart
 .text.osDelay  0x00000000080180bc       0x28 Thirdparty\Middleware\STM32G0xx\FreeRTOS\Source\CMSIS_RTOS\cmsis_os.o
                0x00000000080180bc                osDelay
 .text.osSemaphoreCreate
                0x00000000080180e4       0x4a Thirdparty\Middleware\STM32G0xx\FreeRTOS\Source\CMSIS_RTOS\cmsis_os.o
                0x00000000080180e4                osSemaphoreCreate
 *fill*         0x000000000801812e        0x2 
 .text.osSemaphoreWait
                0x0000000008018130       0x94 Thirdparty\Middleware\STM32G0xx\FreeRTOS\Source\CMSIS_RTOS\cmsis_os.o
                0x0000000008018130                osSemaphoreWait
 .text.osSemaphoreRelease
                0x00000000080181c4       0x64 Thirdparty\Middleware\STM32G0xx\FreeRTOS\Source\CMSIS_RTOS\cmsis_os.o
                0x00000000080181c4                osSemaphoreRelease
 .text.osSystickHandler
                0x0000000008018228       0x18 Thirdparty\Middleware\STM32G0xx\FreeRTOS\Source\CMSIS_RTOS\cmsis_os.o
                0x0000000008018228                osSystickHandler
 .text.FreeRTOS_CLIRegisterCommand
                0x0000000008018240       0x50 Thirdparty\Middleware\STM32G0xx\FreeRTOS\Source\FreeRTOS_CLI.o
                0x0000000008018240                FreeRTOS_CLIRegisterCommand
 .text.FreeRTOS_CLIProcessCommand
                0x0000000008018290      0x11c Thirdparty\Middleware\STM32G0xx\FreeRTOS\Source\FreeRTOS_CLI.o
                0x0000000008018290                FreeRTOS_CLIProcessCommand
 .text.FreeRTOS_CLIGetOutputBuffer
                0x00000000080183ac       0x10 Thirdparty\Middleware\STM32G0xx\FreeRTOS\Source\FreeRTOS_CLI.o
                0x00000000080183ac                FreeRTOS_CLIGetOutputBuffer
 .text.FreeRTOS_CLIGetParameter
                0x00000000080183bc       0xbc Thirdparty\Middleware\STM32G0xx\FreeRTOS\Source\FreeRTOS_CLI.o
                0x00000000080183bc                FreeRTOS_CLIGetParameter
 .text.prvHelpCommand
                0x0000000008018478      0x154 Thirdparty\Middleware\STM32G0xx\FreeRTOS\Source\FreeRTOS_CLI.o
 .text.prvGetNumberOfParameters
                0x00000000080185cc       0x7a Thirdparty\Middleware\STM32G0xx\FreeRTOS\Source\FreeRTOS_CLI.o
 .text.vListInitialise
                0x0000000008018646       0x3c Thirdparty\Middleware\STM32G0xx\FreeRTOS\Source\list.o
                0x0000000008018646                vListInitialise
 .text.vListInitialiseItem
                0x0000000008018682       0x16 Thirdparty\Middleware\STM32G0xx\FreeRTOS\Source\list.o
                0x0000000008018682                vListInitialiseItem
 .text.vListInsertEnd
                0x0000000008018698       0x44 Thirdparty\Middleware\STM32G0xx\FreeRTOS\Source\list.o
                0x0000000008018698                vListInsertEnd
 .text.vListInsert
                0x00000000080186dc       0x6c Thirdparty\Middleware\STM32G0xx\FreeRTOS\Source\list.o
                0x00000000080186dc                vListInsert
 .text.uxListRemove
                0x0000000008018748       0x50 Thirdparty\Middleware\STM32G0xx\FreeRTOS\Source\list.o
                0x0000000008018748                uxListRemove
 .text.pxPortInitialiseStack
                0x0000000008018798       0x54 Thirdparty\Middleware\STM32G0xx\FreeRTOS\Source\portable\GCC\ARM_CM0\port.o
                0x0000000008018798                pxPortInitialiseStack
 .text.prvTaskExitError
                0x00000000080187ec       0x1e Thirdparty\Middleware\STM32G0xx\FreeRTOS\Source\portable\GCC\ARM_CM0\port.o
 .text.SVC_Handler
                0x000000000801880a        0xa Thirdparty\Middleware\STM32G0xx\FreeRTOS\Source\portable\GCC\ARM_CM0\port.o
                0x000000000801880a                SVC_Handler
 *fill*         0x0000000008018814        0xc 
 .text.vPortStartFirstTask
                0x0000000008018820       0x38 Thirdparty\Middleware\STM32G0xx\FreeRTOS\Source\portable\GCC\ARM_CM0\port.o
 .text.xPortStartScheduler
                0x0000000008018858       0x48 Thirdparty\Middleware\STM32G0xx\FreeRTOS\Source\portable\GCC\ARM_CM0\port.o
                0x0000000008018858                xPortStartScheduler
 .text.vPortYield
                0x00000000080188a0       0x20 Thirdparty\Middleware\STM32G0xx\FreeRTOS\Source\portable\GCC\ARM_CM0\port.o
                0x00000000080188a0                vPortYield
 .text.vPortEnterCritical
                0x00000000080188c0       0x24 Thirdparty\Middleware\STM32G0xx\FreeRTOS\Source\portable\GCC\ARM_CM0\port.o
                0x00000000080188c0                vPortEnterCritical
 .text.vPortExitCritical
                0x00000000080188e4       0x24 Thirdparty\Middleware\STM32G0xx\FreeRTOS\Source\portable\GCC\ARM_CM0\port.o
                0x00000000080188e4                vPortExitCritical
 .text.ulSetInterruptMaskFromISR
                0x0000000008018908        0xc Thirdparty\Middleware\STM32G0xx\FreeRTOS\Source\portable\GCC\ARM_CM0\port.o
                0x0000000008018908                ulSetInterruptMaskFromISR
 .text.vClearInterruptMaskFromISR
                0x0000000008018914        0x8 Thirdparty\Middleware\STM32G0xx\FreeRTOS\Source\portable\GCC\ARM_CM0\port.o
                0x0000000008018914                vClearInterruptMaskFromISR
 *fill*         0x000000000801891c        0x4 
 .text.PendSV_Handler
                0x0000000008018920       0x48 Thirdparty\Middleware\STM32G0xx\FreeRTOS\Source\portable\GCC\ARM_CM0\port.o
                0x0000000008018920                PendSV_Handler
 .text.xPortSysTickHandler
                0x0000000008018968       0x34 Thirdparty\Middleware\STM32G0xx\FreeRTOS\Source\portable\GCC\ARM_CM0\port.o
                0x0000000008018968                xPortSysTickHandler
 .text.vPortSetupTimerInterrupt
                0x000000000801899c       0x44 Thirdparty\Middleware\STM32G0xx\FreeRTOS\Source\portable\GCC\ARM_CM0\port.o
                0x000000000801899c                vPortSetupTimerInterrupt
 .text.pvPortMalloc
                0x00000000080189e0      0x140 Thirdparty\Middleware\STM32G0xx\FreeRTOS\Source\portable\MemMang\heap_4.o
                0x00000000080189e0                pvPortMalloc
 .text.vPortFree
                0x0000000008018b20       0x80 Thirdparty\Middleware\STM32G0xx\FreeRTOS\Source\portable\MemMang\heap_4.o
                0x0000000008018b20                vPortFree
 .text.prvHeapInit
                0x0000000008018ba0       0xc0 Thirdparty\Middleware\STM32G0xx\FreeRTOS\Source\portable\MemMang\heap_4.o
 .text.prvInsertBlockIntoFreeList
                0x0000000008018c60       0xb0 Thirdparty\Middleware\STM32G0xx\FreeRTOS\Source\portable\MemMang\heap_4.o
 .text.xQueueGenericReset
                0x0000000008018d10       0x9e Thirdparty\Middleware\STM32G0xx\FreeRTOS\Source\queue.o
                0x0000000008018d10                xQueueGenericReset
 .text.xQueueGenericCreate
                0x0000000008018dae       0x52 Thirdparty\Middleware\STM32G0xx\FreeRTOS\Source\queue.o
                0x0000000008018dae                xQueueGenericCreate
 .text.prvInitialiseNewQueue
                0x0000000008018e00       0x4e Thirdparty\Middleware\STM32G0xx\FreeRTOS\Source\queue.o
 .text.xQueueCreateCountingSemaphore
                0x0000000008018e4e       0x30 Thirdparty\Middleware\STM32G0xx\FreeRTOS\Source\queue.o
                0x0000000008018e4e                xQueueCreateCountingSemaphore
 .text.xQueueGenericSend
                0x0000000008018e7e      0x12a Thirdparty\Middleware\STM32G0xx\FreeRTOS\Source\queue.o
                0x0000000008018e7e                xQueueGenericSend
 .text.xQueueGenericSendFromISR
                0x0000000008018fa8       0xa6 Thirdparty\Middleware\STM32G0xx\FreeRTOS\Source\queue.o
                0x0000000008018fa8                xQueueGenericSendFromISR
 .text.xQueueGiveFromISR
                0x000000000801904e       0x96 Thirdparty\Middleware\STM32G0xx\FreeRTOS\Source\queue.o
                0x000000000801904e                xQueueGiveFromISR
 .text.xQueueReceive
                0x00000000080190e4      0x128 Thirdparty\Middleware\STM32G0xx\FreeRTOS\Source\queue.o
                0x00000000080190e4                xQueueReceive
 .text.xQueueSemaphoreTake
                0x000000000801920c      0x178 Thirdparty\Middleware\STM32G0xx\FreeRTOS\Source\queue.o
                0x000000000801920c                xQueueSemaphoreTake
 .text.xQueueReceiveFromISR
                0x0000000008019384       0xa0 Thirdparty\Middleware\STM32G0xx\FreeRTOS\Source\queue.o
                0x0000000008019384                xQueueReceiveFromISR
 .text.prvGetDisinheritPriorityAfterTimeout
                0x0000000008019424       0x2c Thirdparty\Middleware\STM32G0xx\FreeRTOS\Source\queue.o
 .text.prvCopyDataToQueue
                0x0000000008019450       0xd6 Thirdparty\Middleware\STM32G0xx\FreeRTOS\Source\queue.o
 .text.prvCopyDataFromQueue
                0x0000000008019526       0x4c Thirdparty\Middleware\STM32G0xx\FreeRTOS\Source\queue.o
 .text.prvUnlockQueue
                0x0000000008019572       0xbc Thirdparty\Middleware\STM32G0xx\FreeRTOS\Source\queue.o
 .text.prvIsQueueEmpty
                0x000000000801962e       0x2c Thirdparty\Middleware\STM32G0xx\FreeRTOS\Source\queue.o
 .text.prvIsQueueFull
                0x000000000801965a       0x30 Thirdparty\Middleware\STM32G0xx\FreeRTOS\Source\queue.o
 *fill*         0x000000000801968a        0x2 
 .text.vQueueAddToRegistry
                0x000000000801968c       0x50 Thirdparty\Middleware\STM32G0xx\FreeRTOS\Source\queue.o
                0x000000000801968c                vQueueAddToRegistry
 .text.vQueueWaitForMessageRestricted
                0x00000000080196dc       0x66 Thirdparty\Middleware\STM32G0xx\FreeRTOS\Source\queue.o
                0x00000000080196dc                vQueueWaitForMessageRestricted
 .text.xTaskCreate
                0x0000000008019742       0x90 Thirdparty\Middleware\STM32G0xx\FreeRTOS\Source\tasks.o
                0x0000000008019742                xTaskCreate
 *fill*         0x00000000080197d2        0x2 
 .text.prvInitialiseNewTask
                0x00000000080197d4      0x10c Thirdparty\Middleware\STM32G0xx\FreeRTOS\Source\tasks.o
 .text.prvAddNewTaskToReadyList
                0x00000000080198e0       0xd0 Thirdparty\Middleware\STM32G0xx\FreeRTOS\Source\tasks.o
 .text.vTaskDelay
                0x00000000080199b0       0x3a Thirdparty\Middleware\STM32G0xx\FreeRTOS\Source\tasks.o
                0x00000000080199b0                vTaskDelay
 *fill*         0x00000000080199ea        0x2 
 .text.eTaskGetState
                0x00000000080199ec       0xd0 Thirdparty\Middleware\STM32G0xx\FreeRTOS\Source\tasks.o
                0x00000000080199ec                eTaskGetState
 .text.uxTaskPriorityGet
                0x0000000008019abc       0x34 Thirdparty\Middleware\STM32G0xx\FreeRTOS\Source\tasks.o
                0x0000000008019abc                uxTaskPriorityGet
 .text.vTaskPrioritySet
                0x0000000008019af0      0x110 Thirdparty\Middleware\STM32G0xx\FreeRTOS\Source\tasks.o
                0x0000000008019af0                vTaskPrioritySet
 .text.vTaskStartScheduler
                0x0000000008019c00       0x74 Thirdparty\Middleware\STM32G0xx\FreeRTOS\Source\tasks.o
                0x0000000008019c00                vTaskStartScheduler
 .text.vTaskSuspendAll
                0x0000000008019c74       0x18 Thirdparty\Middleware\STM32G0xx\FreeRTOS\Source\tasks.o
                0x0000000008019c74                vTaskSuspendAll
 .text.xTaskResumeAll
                0x0000000008019c8c      0x10c Thirdparty\Middleware\STM32G0xx\FreeRTOS\Source\tasks.o
                0x0000000008019c8c                xTaskResumeAll
 .text.xTaskGetTickCount
                0x0000000008019d98       0x1c Thirdparty\Middleware\STM32G0xx\FreeRTOS\Source\tasks.o
                0x0000000008019d98                xTaskGetTickCount
 .text.xTaskGetTickCountFromISR
                0x0000000008019db4       0x20 Thirdparty\Middleware\STM32G0xx\FreeRTOS\Source\tasks.o
                0x0000000008019db4                xTaskGetTickCountFromISR
 .text.uxTaskGetSystemState
                0x0000000008019dd4      0x120 Thirdparty\Middleware\STM32G0xx\FreeRTOS\Source\tasks.o
                0x0000000008019dd4                uxTaskGetSystemState
 .text.xTaskIncrementTick
                0x0000000008019ef4      0x150 Thirdparty\Middleware\STM32G0xx\FreeRTOS\Source\tasks.o
                0x0000000008019ef4                xTaskIncrementTick
 .text.vTaskSwitchContext
                0x000000000801a044      0x124 Thirdparty\Middleware\STM32G0xx\FreeRTOS\Source\tasks.o
                0x000000000801a044                vTaskSwitchContext
 .text.vTaskPlaceOnEventList
                0x000000000801a168       0x34 Thirdparty\Middleware\STM32G0xx\FreeRTOS\Source\tasks.o
                0x000000000801a168                vTaskPlaceOnEventList
 .text.vTaskPlaceOnEventListRestricted
                0x000000000801a19c       0x44 Thirdparty\Middleware\STM32G0xx\FreeRTOS\Source\tasks.o
                0x000000000801a19c                vTaskPlaceOnEventListRestricted
 .text.xTaskRemoveFromEventList
                0x000000000801a1e0       0xb0 Thirdparty\Middleware\STM32G0xx\FreeRTOS\Source\tasks.o
                0x000000000801a1e0                xTaskRemoveFromEventList
 .text.vTaskInternalSetTimeOutState
                0x000000000801a290       0x28 Thirdparty\Middleware\STM32G0xx\FreeRTOS\Source\tasks.o
                0x000000000801a290                vTaskInternalSetTimeOutState
 .text.xTaskCheckForTimeOut
                0x000000000801a2b8       0x8c Thirdparty\Middleware\STM32G0xx\FreeRTOS\Source\tasks.o
                0x000000000801a2b8                xTaskCheckForTimeOut
 .text.vTaskMissedYield
                0x000000000801a344       0x14 Thirdparty\Middleware\STM32G0xx\FreeRTOS\Source\tasks.o
                0x000000000801a344                vTaskMissedYield
 .text.prvIdleTask
                0x000000000801a358       0x20 Thirdparty\Middleware\STM32G0xx\FreeRTOS\Source\tasks.o
 .text.prvInitialiseTaskLists
                0x000000000801a378       0x88 Thirdparty\Middleware\STM32G0xx\FreeRTOS\Source\tasks.o
 .text.prvCheckTasksWaitingTermination
                0x000000000801a400       0x5c Thirdparty\Middleware\STM32G0xx\FreeRTOS\Source\tasks.o
 .text.vTaskGetInfo
                0x000000000801a45c       0xd8 Thirdparty\Middleware\STM32G0xx\FreeRTOS\Source\tasks.o
                0x000000000801a45c                vTaskGetInfo
 .text.prvListTasksWithinSingleList
                0x000000000801a534       0xa6 Thirdparty\Middleware\STM32G0xx\FreeRTOS\Source\tasks.o
 .text.prvTaskCheckFreeStackSpace
                0x000000000801a5da       0x34 Thirdparty\Middleware\STM32G0xx\FreeRTOS\Source\tasks.o
 .text.prvDeleteTCB
                0x000000000801a60e       0x22 Thirdparty\Middleware\STM32G0xx\FreeRTOS\Source\tasks.o
 .text.prvResetNextTaskUnblockTime
                0x000000000801a630       0x3c Thirdparty\Middleware\STM32G0xx\FreeRTOS\Source\tasks.o
 .text.xTaskGetSchedulerState
                0x000000000801a66c       0x38 Thirdparty\Middleware\STM32G0xx\FreeRTOS\Source\tasks.o
                0x000000000801a66c                xTaskGetSchedulerState
 .text.xTaskPriorityInherit
                0x000000000801a6a4       0xd0 Thirdparty\Middleware\STM32G0xx\FreeRTOS\Source\tasks.o
                0x000000000801a6a4                xTaskPriorityInherit
 .text.xTaskPriorityDisinherit
                0x000000000801a774       0x98 Thirdparty\Middleware\STM32G0xx\FreeRTOS\Source\tasks.o
                0x000000000801a774                xTaskPriorityDisinherit
 .text.vTaskPriorityDisinheritAfterTimeout
                0x000000000801a80c       0xc0 Thirdparty\Middleware\STM32G0xx\FreeRTOS\Source\tasks.o
                0x000000000801a80c                vTaskPriorityDisinheritAfterTimeout
 .text.prvWriteNameToBuffer
                0x000000000801a8cc       0x52 Thirdparty\Middleware\STM32G0xx\FreeRTOS\Source\tasks.o
 *fill*         0x000000000801a91e        0x2 
 .text.vTaskList
                0x000000000801a920      0x14c Thirdparty\Middleware\STM32G0xx\FreeRTOS\Source\tasks.o
                0x000000000801a920                vTaskList
 .text.vTaskGetRunTimeStats
                0x000000000801aa6c      0x118 Thirdparty\Middleware\STM32G0xx\FreeRTOS\Source\tasks.o
                0x000000000801aa6c                vTaskGetRunTimeStats
 .text.pvTaskIncrementMutexHeldCount
                0x000000000801ab84       0x24 Thirdparty\Middleware\STM32G0xx\FreeRTOS\Source\tasks.o
                0x000000000801ab84                pvTaskIncrementMutexHeldCount
 .text.ulTaskNotifyTake
                0x000000000801aba8       0x84 Thirdparty\Middleware\STM32G0xx\FreeRTOS\Source\tasks.o
                0x000000000801aba8                ulTaskNotifyTake
 .text.xTaskGenericNotify
                0x000000000801ac2c      0x104 Thirdparty\Middleware\STM32G0xx\FreeRTOS\Source\tasks.o
                0x000000000801ac2c                xTaskGenericNotify
 .text.xTaskGenericNotifyFromISR
                0x000000000801ad30      0x140 Thirdparty\Middleware\STM32G0xx\FreeRTOS\Source\tasks.o
                0x000000000801ad30                xTaskGenericNotifyFromISR
 .text.prvAddCurrentTaskToDelayedList
                0x000000000801ae70       0xa8 Thirdparty\Middleware\STM32G0xx\FreeRTOS\Source\tasks.o
 .text.xTimerCreateTimerTask
                0x000000000801af18       0x4c Thirdparty\Middleware\STM32G0xx\FreeRTOS\Source\timers.o
                0x000000000801af18                xTimerCreateTimerTask
 .text.xTimerCreate
                0x000000000801af64       0x46 Thirdparty\Middleware\STM32G0xx\FreeRTOS\Source\timers.o
                0x000000000801af64                xTimerCreate
 .text.prvInitialiseNewTimer
                0x000000000801afaa       0x5a Thirdparty\Middleware\STM32G0xx\FreeRTOS\Source\timers.o
 .text.xTimerGenericCommand
                0x000000000801b004       0x8c Thirdparty\Middleware\STM32G0xx\FreeRTOS\Source\timers.o
                0x000000000801b004                xTimerGenericCommand
 .text.prvProcessExpiredTimer
                0x000000000801b090       0x80 Thirdparty\Middleware\STM32G0xx\FreeRTOS\Source\timers.o
 .text.prvTimerTask
                0x000000000801b110       0x28 Thirdparty\Middleware\STM32G0xx\FreeRTOS\Source\timers.o
 .text.prvProcessTimerOrBlockTask
                0x000000000801b138       0x90 Thirdparty\Middleware\STM32G0xx\FreeRTOS\Source\timers.o
 .text.prvGetNextExpireTime
                0x000000000801b1c8       0x44 Thirdparty\Middleware\STM32G0xx\FreeRTOS\Source\timers.o
 .text.prvSampleTimeNow
                0x000000000801b20c       0x40 Thirdparty\Middleware\STM32G0xx\FreeRTOS\Source\timers.o
 .text.prvInsertTimerInActiveList
                0x000000000801b24c       0x84 Thirdparty\Middleware\STM32G0xx\FreeRTOS\Source\timers.o
 .text.prvProcessReceivedCommands
                0x000000000801b2d0      0x16c Thirdparty\Middleware\STM32G0xx\FreeRTOS\Source\timers.o
 .text.prvSwitchTimerLists
                0x000000000801b43c       0xb0 Thirdparty\Middleware\STM32G0xx\FreeRTOS\Source\timers.o
 .text.prvCheckForValidListAndQueue
                0x000000000801b4ec       0x74 Thirdparty\Middleware\STM32G0xx\FreeRTOS\Source\timers.o
 .text.pvTimerGetTimerID
                0x000000000801b560       0x24 Thirdparty\Middleware\STM32G0xx\FreeRTOS\Source\timers.o
                0x000000000801b560                pvTimerGetTimerID
 .text.HAL_Init
                0x000000000801b584       0x40 Thirdparty\STM32G0xx_HAL_Driver\Src\stm32g0xx_hal.o
                0x000000000801b584                HAL_Init
 .text.HAL_InitTick
                0x000000000801b5c4       0x94 Thirdparty\STM32G0xx_HAL_Driver\Src\stm32g0xx_hal.o
                0x000000000801b5c4                HAL_InitTick
 .text.HAL_IncTick
                0x000000000801b658       0x24 Thirdparty\STM32G0xx_HAL_Driver\Src\stm32g0xx_hal.o
                0x000000000801b658                HAL_IncTick
 .text.HAL_GetTick
                0x000000000801b67c       0x14 Thirdparty\STM32G0xx_HAL_Driver\Src\stm32g0xx_hal.o
                0x000000000801b67c                HAL_GetTick
 .text.HAL_Delay
                0x000000000801b690       0x48 Thirdparty\STM32G0xx_HAL_Driver\Src\stm32g0xx_hal.o
                0x000000000801b690                HAL_Delay
 .text.HAL_GetREVID
                0x000000000801b6d8       0x18 Thirdparty\STM32G0xx_HAL_Driver\Src\stm32g0xx_hal.o
                0x000000000801b6d8                HAL_GetREVID
 .text.HAL_GetDEVID
                0x000000000801b6f0       0x18 Thirdparty\STM32G0xx_HAL_Driver\Src\stm32g0xx_hal.o
                0x000000000801b6f0                HAL_GetDEVID
 .text.LL_ADC_SetCommonPathInternalCh
                0x000000000801b708       0x28 Thirdparty\STM32G0xx_HAL_Driver\Src\stm32g0xx_hal_adc.o
 .text.LL_ADC_GetCommonPathInternalCh
                0x000000000801b730       0x1a Thirdparty\STM32G0xx_HAL_Driver\Src\stm32g0xx_hal_adc.o
 .text.LL_ADC_SetSamplingTimeCommonChannels
                0x000000000801b74a       0x3a Thirdparty\STM32G0xx_HAL_Driver\Src\stm32g0xx_hal_adc.o
 .text.LL_ADC_GetSamplingTimeCommonChannels
                0x000000000801b784       0x2e Thirdparty\STM32G0xx_HAL_Driver\Src\stm32g0xx_hal_adc.o
 .text.LL_ADC_REG_IsTriggerSourceSWStart
                0x000000000801b7b2       0x22 Thirdparty\STM32G0xx_HAL_Driver\Src\stm32g0xx_hal_adc.o
 .text.LL_ADC_REG_SetSequencerRanks
                0x000000000801b7d4       0x40 Thirdparty\STM32G0xx_HAL_Driver\Src\stm32g0xx_hal_adc.o
 .text.LL_ADC_REG_SetSequencerChAdd
                0x000000000801b814       0x22 Thirdparty\STM32G0xx_HAL_Driver\Src\stm32g0xx_hal_adc.o
 .text.LL_ADC_REG_SetSequencerChRem
                0x000000000801b836       0x24 Thirdparty\STM32G0xx_HAL_Driver\Src\stm32g0xx_hal_adc.o
 *fill*         0x000000000801b85a        0x2 
 .text.LL_ADC_SetChannelSamplingTime
                0x000000000801b85c       0x38 Thirdparty\STM32G0xx_HAL_Driver\Src\stm32g0xx_hal_adc.o
 .text.LL_ADC_EnableInternalRegulator
                0x000000000801b894       0x28 Thirdparty\STM32G0xx_HAL_Driver\Src\stm32g0xx_hal_adc.o
 .text.LL_ADC_IsInternalRegulatorEnabled
                0x000000000801b8bc       0x28 Thirdparty\STM32G0xx_HAL_Driver\Src\stm32g0xx_hal_adc.o
 .text.LL_ADC_Enable
                0x000000000801b8e4       0x24 Thirdparty\STM32G0xx_HAL_Driver\Src\stm32g0xx_hal_adc.o
 .text.LL_ADC_Disable
                0x000000000801b908       0x24 Thirdparty\STM32G0xx_HAL_Driver\Src\stm32g0xx_hal_adc.o
 .text.LL_ADC_IsEnabled
                0x000000000801b92c       0x22 Thirdparty\STM32G0xx_HAL_Driver\Src\stm32g0xx_hal_adc.o
 .text.LL_ADC_IsDisableOngoing
                0x000000000801b94e       0x22 Thirdparty\STM32G0xx_HAL_Driver\Src\stm32g0xx_hal_adc.o
 .text.LL_ADC_REG_StartConversion
                0x000000000801b970       0x24 Thirdparty\STM32G0xx_HAL_Driver\Src\stm32g0xx_hal_adc.o
 .text.LL_ADC_REG_StopConversion
                0x000000000801b994       0x24 Thirdparty\STM32G0xx_HAL_Driver\Src\stm32g0xx_hal_adc.o
 .text.LL_ADC_REG_IsConversionOngoing
                0x000000000801b9b8       0x22 Thirdparty\STM32G0xx_HAL_Driver\Src\stm32g0xx_hal_adc.o
 *fill*         0x000000000801b9da        0x2 
 .text.HAL_ADC_Init
                0x000000000801b9dc      0x350 Thirdparty\STM32G0xx_HAL_Driver\Src\stm32g0xx_hal_adc.o
                0x000000000801b9dc                HAL_ADC_Init
 .text.HAL_ADC_Start
                0x000000000801bd2c       0x9c Thirdparty\STM32G0xx_HAL_Driver\Src\stm32g0xx_hal_adc.o
                0x000000000801bd2c                HAL_ADC_Start
 .text.HAL_ADC_Stop
                0x000000000801bdc8       0x78 Thirdparty\STM32G0xx_HAL_Driver\Src\stm32g0xx_hal_adc.o
                0x000000000801bdc8                HAL_ADC_Stop
 .text.HAL_ADC_PollForConversion
                0x000000000801be40      0x128 Thirdparty\STM32G0xx_HAL_Driver\Src\stm32g0xx_hal_adc.o
                0x000000000801be40                HAL_ADC_PollForConversion
 .text.HAL_ADC_GetValue
                0x000000000801bf68       0x16 Thirdparty\STM32G0xx_HAL_Driver\Src\stm32g0xx_hal_adc.o
                0x000000000801bf68                HAL_ADC_GetValue
 *fill*         0x000000000801bf7e        0x2 
 .text.HAL_ADC_ConfigChannel
                0x000000000801bf80      0x3b0 Thirdparty\STM32G0xx_HAL_Driver\Src\stm32g0xx_hal_adc.o
                0x000000000801bf80                HAL_ADC_ConfigChannel
 .text.ADC_ConversionStop
                0x000000000801c330       0x84 Thirdparty\STM32G0xx_HAL_Driver\Src\stm32g0xx_hal_adc.o
                0x000000000801c330                ADC_ConversionStop
 .text.ADC_Enable
                0x000000000801c3b4      0x10c Thirdparty\STM32G0xx_HAL_Driver\Src\stm32g0xx_hal_adc.o
                0x000000000801c3b4                ADC_Enable
 .text.ADC_Disable
                0x000000000801c4c0       0xbc Thirdparty\STM32G0xx_HAL_Driver\Src\stm32g0xx_hal_adc.o
                0x000000000801c4c0                ADC_Disable
 .text.__NVIC_EnableIRQ
                0x000000000801c57c       0x34 Thirdparty\STM32G0xx_HAL_Driver\Src\stm32g0xx_hal_cortex.o
 .text.__NVIC_DisableIRQ
                0x000000000801c5b0       0x44 Thirdparty\STM32G0xx_HAL_Driver\Src\stm32g0xx_hal_cortex.o
 .text.__NVIC_SetPriority
                0x000000000801c5f4       0xdc Thirdparty\STM32G0xx_HAL_Driver\Src\stm32g0xx_hal_cortex.o
 .text.SysTick_Config
                0x000000000801c6d0       0x48 Thirdparty\STM32G0xx_HAL_Driver\Src\stm32g0xx_hal_cortex.o
 .text.HAL_NVIC_SetPriority
                0x000000000801c718       0x2a Thirdparty\STM32G0xx_HAL_Driver\Src\stm32g0xx_hal_cortex.o
                0x000000000801c718                HAL_NVIC_SetPriority
 .text.HAL_NVIC_EnableIRQ
                0x000000000801c742       0x20 Thirdparty\STM32G0xx_HAL_Driver\Src\stm32g0xx_hal_cortex.o
                0x000000000801c742                HAL_NVIC_EnableIRQ
 .text.HAL_NVIC_DisableIRQ
                0x000000000801c762       0x20 Thirdparty\STM32G0xx_HAL_Driver\Src\stm32g0xx_hal_cortex.o
                0x000000000801c762                HAL_NVIC_DisableIRQ
 .text.HAL_SYSTICK_Config
                0x000000000801c782       0x1a Thirdparty\STM32G0xx_HAL_Driver\Src\stm32g0xx_hal_cortex.o
                0x000000000801c782                HAL_SYSTICK_Config
 .text.HAL_CRC_Init
                0x000000000801c79c       0xcc Thirdparty\STM32G0xx_HAL_Driver\Src\stm32g0xx_hal_crc.o
                0x000000000801c79c                HAL_CRC_Init
 .text.HAL_CRC_Accumulate
                0x000000000801c868       0x8e Thirdparty\STM32G0xx_HAL_Driver\Src\stm32g0xx_hal_crc.o
                0x000000000801c868                HAL_CRC_Accumulate
 .text.HAL_CRC_Calculate
                0x000000000801c8f6       0x9e Thirdparty\STM32G0xx_HAL_Driver\Src\stm32g0xx_hal_crc.o
                0x000000000801c8f6                HAL_CRC_Calculate
 .text.CRC_Handle_8
                0x000000000801c994      0x122 Thirdparty\STM32G0xx_HAL_Driver\Src\stm32g0xx_hal_crc.o
 .text.CRC_Handle_16
                0x000000000801cab6       0x6e Thirdparty\STM32G0xx_HAL_Driver\Src\stm32g0xx_hal_crc.o
 .text.HAL_CRCEx_Polynomial_Set
                0x000000000801cb24       0xda Thirdparty\STM32G0xx_HAL_Driver\Src\stm32g0xx_hal_crc_ex.o
                0x000000000801cb24                HAL_CRCEx_Polynomial_Set
 *fill*         0x000000000801cbfe        0x2 
 .text.HAL_DMA_Init
                0x000000000801cc00      0x158 Thirdparty\STM32G0xx_HAL_Driver\Src\stm32g0xx_hal_dma.o
                0x000000000801cc00                HAL_DMA_Init
 .text.HAL_DMA_Start_IT
                0x000000000801cd58      0x10c Thirdparty\STM32G0xx_HAL_Driver\Src\stm32g0xx_hal_dma.o
                0x000000000801cd58                HAL_DMA_Start_IT
 .text.HAL_DMA_Abort
                0x000000000801ce64       0xc0 Thirdparty\STM32G0xx_HAL_Driver\Src\stm32g0xx_hal_dma.o
                0x000000000801ce64                HAL_DMA_Abort
 .text.HAL_DMA_Abort_IT
                0x000000000801cf24       0xd0 Thirdparty\STM32G0xx_HAL_Driver\Src\stm32g0xx_hal_dma.o
                0x000000000801cf24                HAL_DMA_Abort_IT
 .text.HAL_DMA_GetError
                0x000000000801cff4       0x14 Thirdparty\STM32G0xx_HAL_Driver\Src\stm32g0xx_hal_dma.o
                0x000000000801cff4                HAL_DMA_GetError
 .text.DMA_SetConfig
                0x000000000801d008       0x78 Thirdparty\STM32G0xx_HAL_Driver\Src\stm32g0xx_hal_dma.o
 .text.DMA_CalcDMAMUXChannelBaseAndMask
                0x000000000801d080       0x94 Thirdparty\STM32G0xx_HAL_Driver\Src\stm32g0xx_hal_dma.o
 .text.DMA_CalcDMAMUXRequestGenBaseAndMask
                0x000000000801d114       0x48 Thirdparty\STM32G0xx_HAL_Driver\Src\stm32g0xx_hal_dma.o
 .text.HAL_FLASH_Program
                0x000000000801d15c       0x9c Thirdparty\STM32G0xx_HAL_Driver\Src\stm32g0xx_hal_flash.o
                0x000000000801d15c                HAL_FLASH_Program
 .text.HAL_FLASH_Unlock
                0x000000000801d1f8       0x48 Thirdparty\STM32G0xx_HAL_Driver\Src\stm32g0xx_hal_flash.o
                0x000000000801d1f8                HAL_FLASH_Unlock
 .text.HAL_FLASH_Lock
                0x000000000801d240       0x38 Thirdparty\STM32G0xx_HAL_Driver\Src\stm32g0xx_hal_flash.o
                0x000000000801d240                HAL_FLASH_Lock
 .text.FLASH_WaitForLastOperation
                0x000000000801d278       0x9c Thirdparty\STM32G0xx_HAL_Driver\Src\stm32g0xx_hal_flash.o
                0x000000000801d278                FLASH_WaitForLastOperation
 .text.FLASH_Program_DoubleWord
                0x000000000801d314       0x40 Thirdparty\STM32G0xx_HAL_Driver\Src\stm32g0xx_hal_flash.o
 .text.HAL_FLASHEx_Erase
                0x000000000801d354       0xe0 Thirdparty\STM32G0xx_HAL_Driver\Src\stm32g0xx_hal_flash_ex.o
                0x000000000801d354                HAL_FLASHEx_Erase
 .text.FLASH_MassErase
                0x000000000801d434       0x28 Thirdparty\STM32G0xx_HAL_Driver\Src\stm32g0xx_hal_flash_ex.o
 .text.FLASH_PageErase
                0x000000000801d45c      0x198 Thirdparty\STM32G0xx_HAL_Driver\Src\stm32g0xx_hal_flash_ex.o
                0x000000000801d45c                FLASH_PageErase
 .text.HAL_GPIO_Init
                0x000000000801d5f4      0x2d8 Thirdparty\STM32G0xx_HAL_Driver\Src\stm32g0xx_hal_gpio.o
                0x000000000801d5f4                HAL_GPIO_Init
 .text.HAL_GPIO_DeInit
                0x000000000801d8cc      0x1b0 Thirdparty\STM32G0xx_HAL_Driver\Src\stm32g0xx_hal_gpio.o
                0x000000000801d8cc                HAL_GPIO_DeInit
 .text.HAL_GPIO_ReadPin
                0x000000000801da7c       0x3a Thirdparty\STM32G0xx_HAL_Driver\Src\stm32g0xx_hal_gpio.o
                0x000000000801da7c                HAL_GPIO_ReadPin
 .text.HAL_GPIO_WritePin
                0x000000000801dab6       0x3a Thirdparty\STM32G0xx_HAL_Driver\Src\stm32g0xx_hal_gpio.o
                0x000000000801dab6                HAL_GPIO_WritePin
 .text.HAL_GPIO_TogglePin
                0x000000000801daf0       0x36 Thirdparty\STM32G0xx_HAL_Driver\Src\stm32g0xx_hal_gpio.o
                0x000000000801daf0                HAL_GPIO_TogglePin
 .text.HAL_MspInit
                0x000000000801db26        0xa Thirdparty\STM32G0xx_HAL_Driver\Src\stm32g0xx_hal_msp_template.o
                0x000000000801db26                HAL_MspInit
 .text.HAL_PWR_EnableWakeUpPin
                0x000000000801db30       0x40 Thirdparty\STM32G0xx_HAL_Driver\Src\stm32g0xx_hal_pwr.o
                0x000000000801db30                HAL_PWR_EnableWakeUpPin
 .text.HAL_PWR_DisableWakeUpPin
                0x000000000801db70       0x28 Thirdparty\STM32G0xx_HAL_Driver\Src\stm32g0xx_hal_pwr.o
                0x000000000801db70                HAL_PWR_DisableWakeUpPin
 .text.HAL_PWR_EnterSTOPMode
                0x000000000801db98       0x70 Thirdparty\STM32G0xx_HAL_Driver\Src\stm32g0xx_hal_pwr.o
                0x000000000801db98                HAL_PWR_EnterSTOPMode
 .text.HAL_PWR_EnterSTANDBYMode
                0x000000000801dc08       0x34 Thirdparty\STM32G0xx_HAL_Driver\Src\stm32g0xx_hal_pwr.o
                0x000000000801dc08                HAL_PWR_EnterSTANDBYMode
 .text.HAL_PWREx_EnableSRAMRetention
                0x000000000801dc3c       0x1c Thirdparty\STM32G0xx_HAL_Driver\Src\stm32g0xx_hal_pwr_ex.o
                0x000000000801dc3c                HAL_PWREx_EnableSRAMRetention
 .text.HAL_PWREx_ControlVoltageScaling
                0x000000000801dc58       0x80 Thirdparty\STM32G0xx_HAL_Driver\Src\stm32g0xx_hal_pwr_ex.o
                0x000000000801dc58                HAL_PWREx_ControlVoltageScaling
 .text.LL_RCC_GetAPB1Prescaler
                0x000000000801dcd8       0x18 Thirdparty\STM32G0xx_HAL_Driver\Src\stm32g0xx_hal_rcc.o
 .text.HAL_RCC_OscConfig
                0x000000000801dcf0      0x6c0 Thirdparty\STM32G0xx_HAL_Driver\Src\stm32g0xx_hal_rcc.o
                0x000000000801dcf0                HAL_RCC_OscConfig
 .text.HAL_RCC_ClockConfig
                0x000000000801e3b0      0x210 Thirdparty\STM32G0xx_HAL_Driver\Src\stm32g0xx_hal_rcc.o
                0x000000000801e3b0                HAL_RCC_ClockConfig
 .text.HAL_RCC_GetSysClockFreq
                0x000000000801e5c0      0x104 Thirdparty\STM32G0xx_HAL_Driver\Src\stm32g0xx_hal_rcc.o
                0x000000000801e5c0                HAL_RCC_GetSysClockFreq
 .text.HAL_RCC_GetHCLKFreq
                0x000000000801e6c4       0x14 Thirdparty\STM32G0xx_HAL_Driver\Src\stm32g0xx_hal_rcc.o
                0x000000000801e6c4                HAL_RCC_GetHCLKFreq
 .text.HAL_RCC_GetPCLK1Freq
                0x000000000801e6d8       0x2c Thirdparty\STM32G0xx_HAL_Driver\Src\stm32g0xx_hal_rcc.o
                0x000000000801e6d8                HAL_RCC_GetPCLK1Freq
 .text.HAL_RCCEx_PeriphCLKConfig
                0x000000000801e704      0x478 Thirdparty\STM32G0xx_HAL_Driver\Src\stm32g0xx_hal_rcc_ex.o
                0x000000000801e704                HAL_RCCEx_PeriphCLKConfig
 .text.HAL_RTC_Init
                0x000000000801eb7c      0x144 Thirdparty\STM32G0xx_HAL_Driver\Src\stm32g0xx_hal_rtc.o
                0x000000000801eb7c                HAL_RTC_Init
 .text.HAL_RTC_MspInit
                0x000000000801ecc0       0x10 Thirdparty\STM32G0xx_HAL_Driver\Src\stm32g0xx_hal_rtc.o
                0x000000000801ecc0                HAL_RTC_MspInit
 .text.HAL_RTC_SetTime
                0x000000000801ecd0      0x150 Thirdparty\STM32G0xx_HAL_Driver\Src\stm32g0xx_hal_rtc.o
                0x000000000801ecd0                HAL_RTC_SetTime
 .text.HAL_RTC_GetTime
                0x000000000801ee20       0xb8 Thirdparty\STM32G0xx_HAL_Driver\Src\stm32g0xx_hal_rtc.o
                0x000000000801ee20                HAL_RTC_GetTime
 .text.HAL_RTC_SetDate
                0x000000000801eed8      0x124 Thirdparty\STM32G0xx_HAL_Driver\Src\stm32g0xx_hal_rtc.o
                0x000000000801eed8                HAL_RTC_SetDate
 .text.HAL_RTC_GetDate
                0x000000000801effc       0x9c Thirdparty\STM32G0xx_HAL_Driver\Src\stm32g0xx_hal_rtc.o
                0x000000000801effc                HAL_RTC_GetDate
 .text.HAL_RTC_WaitForSynchro
                0x000000000801f098       0x4e Thirdparty\STM32G0xx_HAL_Driver\Src\stm32g0xx_hal_rtc.o
                0x000000000801f098                HAL_RTC_WaitForSynchro
 .text.RTC_EnterInitMode
                0x000000000801f0e6       0x84 Thirdparty\STM32G0xx_HAL_Driver\Src\stm32g0xx_hal_rtc.o
                0x000000000801f0e6                RTC_EnterInitMode
 *fill*         0x000000000801f16a        0x2 
 .text.RTC_ExitInitMode
                0x000000000801f16c       0x88 Thirdparty\STM32G0xx_HAL_Driver\Src\stm32g0xx_hal_rtc.o
                0x000000000801f16c                RTC_ExitInitMode
 .text.RTC_ByteToBcd2
                0x000000000801f1f4       0x50 Thirdparty\STM32G0xx_HAL_Driver\Src\stm32g0xx_hal_rtc.o
                0x000000000801f1f4                RTC_ByteToBcd2
 .text.RTC_Bcd2ToByte
                0x000000000801f244       0x3a Thirdparty\STM32G0xx_HAL_Driver\Src\stm32g0xx_hal_rtc.o
                0x000000000801f244                RTC_Bcd2ToByte
 .text.HAL_RTCEx_BKUPWrite
                0x000000000801f27e       0x3a Thirdparty\STM32G0xx_HAL_Driver\Src\stm32g0xx_hal_rtc_ex.o
                0x000000000801f27e                HAL_RTCEx_BKUPWrite
 .text.HAL_RTCEx_BKUPRead
                0x000000000801f2b8       0x36 Thirdparty\STM32G0xx_HAL_Driver\Src\stm32g0xx_hal_rtc_ex.o
                0x000000000801f2b8                HAL_RTCEx_BKUPRead
 .text.HAL_TIM_Base_Init